awk: fatal: cannot open file `settings.txt' for reading: Success
awk: fatal: cannot open file `settings.txt' for reading: Success
awk: fatal: cannot open file `settings.txt' for reading: Success
cp: cannot stat '/home/jepa/projects/def-wailung/Data/Climate/tipping_point/self_spinup/MES//SST__y.nc': No such file or directory
cp: cannot stat '/home/jepa/projects/def-wailung/Data/Climate/tipping_point/self_spinup/MES//bot_temp__y.nc': No such file or directory
cp: cannot stat '/home/jepa/projects/def-wailung/Data/Climate/tipping_point/self_spinup/MES//AdvectionU__y.nc': No such file or directory
cp: cannot stat '/home/jepa/projects/def-wailung/Data/Climate/tipping_point/self_spinup/MES//AdvectionV__y.nc': No such file or directory
cp: cannot stat '/home/jepa/projects/def-wailung/Data/Climate/tipping_point/self_spinup/MES//htotal_btm__y.nc': No such file or directory
cp: cannot stat '/home/jepa/projects/def-wailung/Data/Climate/tipping_point/self_spinup/MES//htotal_surf__y.nc': No such file or directory
cp: cannot stat '/home/jepa/projects/def-wailung/Data/Climate/tipping_point/self_spinup/MES//O2_btm__y.nc': No such file or directory
cp: cannot stat '/home/jepa/projects/def-wailung/Data/Climate/tipping_point/self_spinup/MES//O2_surf__y.nc': No such file or directory
cp: cannot stat '/home/jepa/projects/def-wailung/Data/Climate/tipping_point/self_spinup/MES//Salinity_btm__y.nc': No such file or directory
cp: cannot stat '/home/jepa/projects/def-wailung/Data/Climate/tipping_point/self_spinup/MES//Salinity_surf__y.nc': No such file or directory
cp: cannot stat '/home/jepa/projects/def-wailung/Data/Climate/tipping_point/self_spinup/MES//IceExt__y.nc': No such file or directory
cp: cannot stat '/home/jepa/projects/def-wailung/Data/Climate/tipping_point/self_spinup/MES//totalphy2__y.nc': No such file or directory
forrtl: Cannot send after transport endpoint shutdown
forrtl: severe (108): cannot stat file, unit 1, file /project/6006523/jepa/tipping_points/scripts/run_dbem/settings.txt
Image              PC                Routine            Line        Source             
DBEM_v3_y          000000000044322C  for_open              Unknown  Unknown
DBEM_v3_y          0000000000429F23  Unknown               Unknown  Unknown
DBEM_v3_y          000000000040B55C  Unknown               Unknown  Unknown
DBEM_v3_y          000000000040B40D  Unknown               Unknown  Unknown
libc.so.6          00001513EBE4E94A  Unknown               Unknown  Unknown
libc.so.6          00001513EBE4EA05  __libc_start_main     Unknown  Unknown
DBEM_v3_y          000000000040B321  Unknown               Unknown  Unknown
tar: Cowardly refusing to create an empty archive
Try 'tar --help' or 'tar --usage' for more information.
mv: cannot stat '__10_netcdf.tar.gz': No such file or directory

Due to MODULEPATH changes, the following have been reloaded:
  1) mii/1.1.2

The following have been reloaded with a version change:
  1) StdEnv/2023 => StdEnv/2020
  2) flexiblas/3.3.1 => flexiblas/3.0.4
  3) gcc/12.3 => gcc/9.3.0
  4) gcccore/.12.3 => gcccore/.9.3.0
  5) gentoo/2023 => gentoo/2020
  6) libfabric/1.18.0 => libfabric/1.10.1
  7) openmpi/4.1.5 => openmpi/4.0.3
  8) ucx/1.14.1 => ucx/1.8.0

here() starts at /project/6006523/jepa/tipping_points
here() starts at /project/6006523/jepa/tipping_points
Error in read.table(here("scripts/run_dbem/settings.txt")) : 
  no lines available in input
Execution halted
