cp: cannot stat '/home/jepa/projects/def-wailung/Data/Climate/C6GFDL26_annual/SST_C6GFDL26_y.nc': No such file or directory
cp: cannot stat '/home/jepa/projects/def-wailung/Data/Climate/C6GFDL26_annual/bot_temp_C6GFDL26_y.nc': No such file or directory
cp: cannot stat '/home/jepa/projects/def-wailung/Data/Climate/C6GFDL26_annual/AdvectionU_C6GFDL26_y.nc': No such file or directory
cp: cannot stat '/home/jepa/projects/def-wailung/Data/Climate/C6GFDL26_annual/AdvectionV_C6GFDL26_y.nc': No such file or directory
cp: cannot stat '/home/jepa/projects/def-wailung/Data/Climate/C6GFDL26_annual/htotal_btm_C6GFDL26_y.nc': No such file or directory
cp: cannot stat '/home/jepa/projects/def-wailung/Data/Climate/C6GFDL26_annual/htotal_surf_C6GFDL26_y.nc': No such file or directory
cp: cannot stat '/home/jepa/projects/def-wailung/Data/Climate/C6GFDL26_annual/O2_btm_C6GFDL26_y.nc': No such file or directory
cp: cannot stat '/home/jepa/projects/def-wailung/Data/Climate/C6GFDL26_annual/O2_surf_C6GFDL26_y.nc': No such file or directory
cp: cannot stat '/home/jepa/projects/def-wailung/Data/Climate/C6GFDL26_annual/Salinity_btm_C6GFDL26_y.nc': No such file or directory
cp: cannot stat '/home/jepa/projects/def-wailung/Data/Climate/C6GFDL26_annual/Salinity_surf_C6GFDL26_y.nc': No such file or directory
cp: cannot stat '/home/jepa/projects/def-wailung/Data/Climate/C6GFDL26_annual/IceExt_C6GFDL26_y.nc': No such file or directory
cp: cannot stat '/home/jepa/projects/def-wailung/Data/Climate/C6GFDL26_annual/totalphy2_C6GFDL26_y.nc': No such file or directory
tar: tipmip_dem_pc: Cannot stat: No such file or directory
tar: Exiting with failure status due to previous errors

Due to MODULEPATH changes, the following have been reloaded:
  1) mii/1.1.2

The following have been reloaded with a version change:
  1) StdEnv/2023 => StdEnv/2020
  2) flexiblas/3.3.1 => flexiblas/3.0.4
  3) gcc/12.3 => gcc/9.3.0
  4) gcccore/.12.3 => gcccore/.9.3.0
  5) gentoo/2023 => gentoo/2020
  6) libfabric/1.18.0 => libfabric/1.10.1
  7) openmpi/4.1.5 => openmpi/4.0.3
  8) ucx/1.14.1 => ucx/1.8.0

here() starts at /project/6006523/jepa/tipping_points
here() starts at /project/6006523/jepa/tipping_points
