Extracting environmental data
Environmental data extracted
Current working directory is /project/6006523/jepa/tipping_points/scripts/run_dbem
Starting run at:Mon 15 Jun 2026 05:43:22 AM PDT
“Starting task: 10”
 SppListRoot: 
 ~/projects/def-wailung/Data/Species/TaxonList/tipping_point/                   
                                                                                
                                                                                
                    
 Species list: 10  
 TippingSppList10.txt
 Initializing, loading files...
          13
 Year         1861  not found in NetCDF file!
 Variable not found: bot_temp
 File: /localscratch/jepa.44425105.0/bot_temp_TIPMIP_COMBINED_y.nc
 NetCDF Error:NetCDF: Variable not found
Program ADRDisp finished with exit code 0 at: Mon 15 Jun 2026 05:43:24 AM PDT
Compressing DBEM outputs
Compressed as TIPMIP_COMBINED_tipmip_pel_c_pit_TippingSppList10_netcdf.tar.gz
Creating netCDF
Finished!
