Extracting environmental data
Environmental data extracted
Current working directory is /project/6006523/jepa/tipping_points/scripts/run_dbem
Starting run at:Sun 28 Jun 2026 07:52:03 AM PDT
“Starting task: 10”
 SppListRoot: 
 ~/projects/def-wailung/Data/Species/TaxonList/tipping_point/                   
                                                                                
                                                                                
                    
 Species list: 10  
 TipmipSppMes10.txt  
 Initializing, loading files...
           1
 610238    
 /localscratch/jepa.46122951.0/tipmip_mes_p/610238                              
  
 Read Parameters...
 Running Taxon B_pterotum          
 ~/projects/def-wailung/Data/Species/Distributions/S610238.csv                  
                                          
  3.710343132585779E-007
 Thread           0  starting...
 Time step =         1861
 Catch=   225651.170738872     
 Abd=   53064.55    
 Time step =         1862
 Catch=   67362.9444599891     
 Abd=   43924.34    
 Time step =         1863
 Catch=   61480.7395996730     
 Abd=   42424.87    
 Time step =         1864
 Catch=   60479.8290650092     
 Abd=   42206.76    
 Time step =         1865
 Catch=   60408.1580217996     
 Abd=   42246.97    
 Time step =         1866
 Catch=   60477.1613805036     
 Abd=   42292.91    
 Time step =         1867
 Catch=   60561.3375147857     
 Abd=   42369.34    
 Time step =         1868
 Catch=   60666.1509640764     
 Abd=   42426.03    
 Time step =         1869
 Catch=   60714.8290227077     
 Abd=   42442.27    
 Time step =         1870
 Catch=   60726.6477384970     
 Abd=   42445.63    
 Time step =         1871
 Catch=   60729.0107707618     
 Abd=   42446.29    
 Time step =         1872
 Catch=   60729.4740925374     
 Abd=   42446.40    
 Time step =         1873
 Catch=   60729.5610932642     
 Abd=   42446.43    
 Time step =         1874
 Catch=   60729.5766643770     
 Abd=   42446.43    
 Time step =         1875
 Catch=   60729.5625083439     
 Abd=   42446.42    
 Time step =         1876
 Catch=   60729.5828949864     
 Abd=   42446.44    
 Time step =         1877
 Catch=   60729.5834490298     
 Abd=   42446.44    
 Time step =         1878
 Catch=   60729.5903891122     
 Abd=   42446.44    
 Time step =         1879
 Catch=   60729.5819511732     
 Abd=   42446.44    
 Time step =         1880
 Catch=   60729.5834006549     
 Abd=   42446.44    
 Time step =         1881
 Catch=   60729.5926615422     
 Abd=   42446.43    
 Time step =         1882
 Catch=   60729.5740477464     
 Abd=   42446.43    
 Time step =         1883
 Catch=   60729.5926374765     
 Abd=   42446.45    
 Time step =         1884
 Catch=   60729.5911203902     
 Abd=   42446.44    
 Time step =         1885
 Catch=   60729.5885604151     
 Abd=   42446.44    
 Time step =         1886
 Catch=   60729.5811729243     
 Abd=   42446.43    
 Time step =         1887
 Catch=   60729.5803052944     
 Abd=   42446.43    
 Time step =         1888
 Catch=   60729.5857723577     
 Abd=   42446.43    
 Time step =         1889
 Catch=   60729.5888317594     
 Abd=   42446.43    
 Time step =         1890
 Catch=   60729.5826523037     
 Abd=   42446.44    
 Time step =         1891
 Catch=   60729.5898806786     
 Abd=   42446.44    
 Time step =         1892
 Catch=   60729.5996797795     
 Abd=   42446.45    
 Time step =         1893
 Catch=   60729.6018754487     
 Abd=   42446.45    
 Time step =         1894
 Catch=   60729.5951900860     
 Abd=   42446.45    
 Time step =         1895
 Catch=   60729.5911289788     
 Abd=   42446.44    
 Time step =         1896
 Catch=   60729.5905903443     
 Abd=   42446.45    
 Time step =         1897
 Catch=   60729.5880499649     
 Abd=   42446.45    
 Time step =         1898
 Catch=   60729.5921188626     
 Abd=   42446.44    
 Time step =         1899
 Catch=   60729.5888737267     
 Abd=   42446.45    
 Time step =         1900
 Catch=   60729.5903709936     
 Abd=   42446.43    
 Time step =         1901
 Catch=   60729.5864530919     
 Abd=   42446.45    
 Time step =         1902
 Catch=   60729.5964215172     
 Abd=   42446.44    
 Time step =         1903
 Catch=   60729.5883650692     
 Abd=   42446.45    
 Time step =         1904
 Catch=   60729.5837769020     
 Abd=   42446.43    
 Time step =         1905
 Catch=   60729.5895535552     
 Abd=   42446.45    
 Time step =         1906
 Catch=   60729.5913092431     
 Abd=   42446.44    
 Time step =         1907
 Catch=   60729.5980734790     
 Abd=   42446.45    
 Time step =         1908
 Catch=   60729.5989777397     
 Abd=   42446.45    
 Time step =         1909
 Catch=   60729.5939469444     
 Abd=   42446.44    
 Time step =         1910
 Catch=   60729.5991976993     
 Abd=   42446.45    
 Time step =         1861
 Catch=   60729.5832212615     
 Abd=   42446.43    
 Time step =         1862
 Catch=   60729.5904997799     
 Abd=   42446.43    
 Time step =         1863
 Catch=   60729.5902537587     
 Abd=   42446.44    
 Time step =         1864
 Catch=   60729.5896924579     
 Abd=   42446.45    
 Time step =         1865
 Catch=   60729.5938599734     
 Abd=   42446.45    
 Time step =         1866
 Catch=   60729.5972223459     
 Abd=   42446.45    
 Time step =         1867
 Catch=   60729.5862252898     
 Abd=   42446.44    
 Time step =         1868
 Catch=   60729.5810921591     
 Abd=   42446.43    
 Time step =         1869
 Catch=   60729.5757825978     
 Abd=   42446.43    
 Time step =         1870
 Catch=   60729.5780712147     
 Abd=   42446.43    
 Time step =         1871
 Catch=   60729.5751009904     
 Abd=   42446.42    
 Time step =         1872
 Catch=   60729.5916716265     
 Abd=   42446.45    
 Time step =         1873
 Catch=   60729.5991985892     
 Abd=   42446.45    
 Time step =         1874
 Catch=   60729.5995670456     
 Abd=   42446.45    
 Time step =         1875
 Catch=   60729.5814540325     
 Abd=   42446.43    
 Time step =         1876
 Catch=   60729.5815540622     
 Abd=   42446.44    
 Time step =         1877
 Catch=   60729.5809136540     
 Abd=   42446.44    
 Time step =         1878
 Catch=   60729.5729225402     
 Abd=   42446.42    
 Time step =         1879
 Catch=   60729.5797745409     
 Abd=   42446.44    
 Time step =         1880
 Catch=   60729.5889500506     
 Abd=   42446.44    
 Time step =         1881
 Catch=   60729.5901209905     
 Abd=   42446.45    
 Time step =         1882
 Catch=   60729.5983878013     
 Abd=   42446.45    
 Time step =         1883
 Catch=   60729.6015616142     
 Abd=   42446.46    
 Time step =         1884
 Catch=   60729.5852218482     
 Abd=   42446.44    
 Time step =         1885
 Catch=   60729.5802025314     
 Abd=   42446.43    
 Time step =         1886
 Catch=   60729.5788499534     
 Abd=   42446.43    
 Time step =         1887
 Catch=   60729.5676886496     
 Abd=   42446.42    
 Time step =         1888
 Catch=   60729.5659171650     
 Abd=   42446.43    
 Time step =         1889
 Catch=   60729.5854011193     
 Abd=   42446.45    
 Time step =         1890
 Catch=   60729.5926461667     
 Abd=   42446.43    
 Time step =         1891
 Catch=   60729.5881012932     
 Abd=   42446.44    
 Time step =         1892
 Catch=   60729.6056477823     
 Abd=   42446.45    
 Time step =         1893
 Catch=   60729.5996918800     
 Abd=   42446.45    
 Time step =         1894
 Catch=   60729.5962902448     
 Abd=   42446.43    
 Time step =         1895
 Catch=   60729.5832718053     
 Abd=   42446.44    
 Time step =         1896
 Catch=   60729.5925698717     
 Abd=   42446.43    
 Time step =         1897
 Catch=   60729.5927846628     
 Abd=   42446.45    
 Time step =         1898
 Catch=   60729.5867088935     
 Abd=   42446.43    
 Time step =         1899
 Catch=   60729.5902207835     
 Abd=   42446.44    
 Time step =         1900
 Catch=   60729.5907563671     
 Abd=   42446.45    
 Time step =         1901
 Catch=   60729.5970934311     
 Abd=   42446.44    
 Time step =         1902
 Catch=   60729.5942316750     
 Abd=   42446.45    
 Time step =         1903
 Catch=   60729.6160313092     
 Abd=   42446.45    
 Time step =         1904
 Catch=   60729.5941542284     
 Abd=   42446.44    
 Time step =         1905
 Catch=   60729.5839762224     
 Abd=   42446.43    
 Time step =         1906
 Catch=   60729.5767715648     
 Abd=   42446.43    
 Time step =         1907
 Catch=   60729.5837280116     
 Abd=   42446.44    
 Time step =         1908
 Catch=   60729.5746405604     
 Abd=   42446.42    
 Time step =         1909
 Catch=   60729.5858078006     
 Abd=   42446.44    
 Time step =         1910
 Catch=   60729.6018437960     
 Abd=   42446.45    
 Time step =         1861
 Catch=   60729.5966275457     
 Abd=   42446.45    
 Time step =         1862
 Catch=   60729.5920639680     
 Abd=   42446.44    
 Time step =         1863
 Catch=   60729.5701497963     
 Abd=   42446.43    
 Time step =         1864
 Catch=   60729.5804072175     
 Abd=   42446.44    
 Time step =         1865
 Catch=   60729.5893583846     
 Abd=   42446.44    
 Time step =         1866
 Catch=   60729.5859277578     
 Abd=   42446.44    
 Time step =         1867
 Catch=   60729.5808184552     
 Abd=   42446.43    
 Time step =         1868
 Catch=   60729.5893910321     
 Abd=   42446.43    
 Time step =         1869
 Catch=   60729.5849858401     
 Abd=   42446.45    
 Time step =         1870
 Catch=   60729.5851679351     
 Abd=   42446.44    
 Time step =         1871
 Catch=   60729.5826221054     
 Abd=   42446.44    
 Time step =         1872
 Catch=   60729.5793026109     
 Abd=   42446.43    
 Time step =         1873
 Catch=   60729.5802587198     
 Abd=   42446.45    
 Time step =         1874
 Catch=   60729.5925943212     
 Abd=   42446.45    
 Time step =         1875
 Catch=   60729.5905512322     
 Abd=   42446.45    
 Time step =         1876
 Catch=   60729.5823002107     
 Abd=   42446.43    
 Time step =         1877
 Catch=   60729.5810354762     
 Abd=   42446.44    
 Time step =         1878
 Catch=   60729.5867831136     
 Abd=   42446.44    
 Time step =         1879
 Catch=   60729.5882987919     
 Abd=   42446.43    
 Time step =         1880
 Catch=   60729.5774248001     
 Abd=   42446.43    
 Time step =         1881
 Catch=   60729.5855732162     
 Abd=   42446.44    
 Time step =         1882
 Catch=   60729.5691422324     
 Abd=   42446.42    
 Time step =         1883
 Catch=   60729.5783338479     
 Abd=   42446.44    
 Time step =         1884
 Catch=   60729.5966320733     
 Abd=   42446.44    
 Time step =         1885
 Catch=   60729.6028520448     
 Abd=   42446.45    
 Time step =         1886
 Catch=   60729.5998693151     
 Abd=   42446.45    
 Time step =         1887
 Catch=   60729.5815537172     
 Abd=   42446.44    
 Time step =         1888
 Catch=   60729.5729924909     
 Abd=   42446.42    
 Time step =         1889
 Catch=   60729.5569221087     
 Abd=   42446.43    
 Time step =         1890
 Catch=   60729.5844862284     
 Abd=   42446.44    
 Time step =         1891
 Catch=   60729.5813710453     
 Abd=   42446.44    
 Time step =         1892
 Catch=   60729.5760195007     
 Abd=   42446.42    
 Time step =         1893
 Catch=   60729.5853330942     
 Abd=   42446.45    
 Time step =         1894
 Catch=   60729.6008138968     
 Abd=   42446.45    
 Time step =         1895
 Catch=   60729.5914732372     
 Abd=   42446.44    
 Time step =         1896
 Catch=   60729.5666349697     
 Abd=   42446.42    
 Time step =         1897
 Catch=   60729.5751901661     
 Abd=   42446.43    
 Time step =         1898
 Catch=   60729.5851286317     
 Abd=   42446.45    
 Time step =         1899
 Catch=   60729.5988736783     
 Abd=   42446.45    
 Time step =         1900
 Catch=   60729.5905783591     
 Abd=   42446.44    
 Time step =         1901
 Catch=   60729.5971106196     
 Abd=   42446.44    
 Time step =         1902
 Catch=   60729.5987812887     
 Abd=   42446.45    
 Time step =         1903
 Catch=   60729.5819172495     
 Abd=   42446.43    
 Time step =         1904
 Catch=   60729.5825015611     
 Abd=   42446.43    
 Time step =         1905
 Catch=   60729.5733372837     
 Abd=   42446.42    
 Time step =         1906
 Catch=   60729.5794344802     
 Abd=   42446.43    
 Time step =         1907
 Catch=   60729.5820757545     
 Abd=   42446.44    
 Time step =         1908
 Catch=   60729.5764408563     
 Abd=   42446.44    
 Time step =         1909
 Catch=   60729.5900230460     
 Abd=   42446.44    
 Time step =         1910
 Catch=   60729.5824346170     
 Abd=   42446.44    
 Time step =         1861
 Catch=   60729.5882416346     
 Abd=   42446.45    
 Time step =         1862
 Catch=   60729.5861000914     
 Abd=   42446.43    
 Time step =         1863
 Catch=   60729.5924198388     
 Abd=   42446.44    
 Time step =         1864
 Catch=   60729.5733811392     
 Abd=   42446.42    
 Time step =         1865
 Catch=   60729.5783254304     
 Abd=   42446.43    
 Time step =         1866
 Catch=   60729.5739998746     
 Abd=   42446.44    
 Time step =         1867
 Catch=   60729.5819275695     
 Abd=   42446.44    
 Time step =         1868
 Catch=   60729.5823667379     
 Abd=   42446.44    
 Time step =         1869
 Catch=   60729.5875297999     
 Abd=   42446.44    
 Time step =         1870
 Catch=   60729.6028640085     
 Abd=   42446.44    
 Time step =         1871
 Catch=   60729.5844534972     
 Abd=   42446.43    
 Time step =         1872
 Catch=   60729.5801464799     
 Abd=   42446.44    
 Time step =         1873
 Catch=   60729.5710914142     
 Abd=   42446.42    
 Time step =         1874
 Catch=   60729.5762834963     
 Abd=   42446.43    
 Time step =         1875
 Catch=   60729.5944742315     
 Abd=   42446.45    
 Time step =         1876
 Catch=   60729.5909438087     
 Abd=   42446.44    
 Time step =         1877
 Catch=   60729.5895525211     
 Abd=   42446.44    
 Time step =         1878
 Catch=   60729.5941997097     
 Abd=   42446.45    
 Time step =         1879
 Catch=   60729.5916858547     
 Abd=   42446.43    
 Time step =         1880
 Catch=   60729.5908412748     
 Abd=   42446.43    
 Time step =         1881
 Catch=   60729.5886869388     
 Abd=   42446.44    
 Time step =         1882
 Catch=   60729.5821735349     
 Abd=   42446.43    
 Time step =         1883
 Catch=   60729.5790311814     
 Abd=   42446.43    
 Time step =         1884
 Catch=   60729.5884381462     
 Abd=   42446.44    
 Time step =         1885
 Catch=   60729.5790783155     
 Abd=   42446.43    
 Time step =         1886
 Catch=   60729.5789866609     
 Abd=   42446.44    
 Time step =         1887
 Catch=   60729.5925211204     
 Abd=   42446.44    
 Time step =         1888
 Catch=   60729.5843621077     
 Abd=   42446.43    
 Time step =         1889
 Catch=   60729.5861694496     
 Abd=   42446.44    
 Time step =         1890
 Catch=   60729.5911607179     
 Abd=   42446.45    
 Time step =         1891
 Catch=   60729.5796414037     
 Abd=   42446.43    
 Time step =         1892
 Catch=   60729.5961503626     
 Abd=   42446.44    
 Time step =         1893
 Catch=   60729.5912251924     
 Abd=   42446.43    
 Time step =         1894
 Catch=   60729.5823644552     
 Abd=   42446.43    
 Time step =         1895
 Catch=   60729.5793819554     
 Abd=   42446.43    
 Time step =         1896
 Catch=   60729.5931091498     
 Abd=   42446.43    
 Time step =         1897
 Catch=   60729.5852176573     
 Abd=   42446.44    
 Time step =         1898
 Catch=   60729.5833479195     
 Abd=   42446.44    
 Time step =         1899
 Catch=   60729.5849978784     
 Abd=   42446.45    
 Time step =         1900
 Catch=   60729.5870724433     
 Abd=   42446.44    
 Time step =         1901
 Catch=   60729.5759042234     
 Abd=   42446.44    
 Time step =         1902
 Catch=   60729.5934882505     
 Abd=   42446.43    
 Time step =         1903
 Catch=   60729.5893481477     
 Abd=   42446.45    
 Time step =         1904
 Catch=   60729.5994974292     
 Abd=   42446.44    
 Time step =         1905
 Catch=   60729.5910611778     
 Abd=   42446.45    
 Time step =         1906
 Catch=   60729.5902785889     
 Abd=   42446.44    
 Time step =         1907
 Catch=   60729.5987407683     
 Abd=   42446.44    
 Time step =         1908
 Catch=   60729.6121000748     
 Abd=   42446.45    
 Time step =         1909
 Catch=   60729.5945439397     
 Abd=   42446.44    
 Time step =         1910
 Catch=   60729.5906215177     
 Abd=   42446.43    
 Time step =         1861
 Abd=   42446.43    
 Catch=   2499.46110472534     
 Time step =         1862
 Abd=   41941.91    
 Catch=   2325.47766186164     
 Time step =         1863
 Abd=   39008.22    
 Catch=   2365.96162691308     
 Time step =         1864
 Abd=   39750.91    
 Catch=   2491.68263155972     
 Time step =         1865
 Abd=   41851.57    
 Catch=   2873.79064745307     
 Time step =         1866
 Abd=   48297.49    
 Catch=   2900.38242348331     
 Time step =         1867
 Abd=   48682.62    
 Catch=   2922.61934254093     
 Time step =         1868
 Abd=   49047.09    
 Catch=   2896.01831402004     
 Time step =         1869
 Abd=   48592.88    
 Catch=   2646.84988454196     
 Time step =         1870
 Abd=   44379.73    
 Catch=   2603.40409931965     
 Time step =         1871
 Abd=   43688.95    
 Catch=   2807.73598083771     
 Time step =         1872
 Abd=   47157.03    
 Catch=   2670.38498974794     
 Time step =         1873
 Abd=   44797.77    
 Catch=   2327.14378578052     
 Time step =         1874
 Abd=   39013.04    
 Catch=   2377.44168885869     
 Time step =         1875
 Abd=   39945.34    
 Catch=   2611.17844406152     
 Time step =         1876
 Abd=   43866.71    
 Catch=   2647.92397376243     
 Time step =         1877
 Abd=   44445.40    
 Catch=   2594.79834053613     
 Time step =         1878
 Abd=   43536.23    
 Catch=   2608.48213153886     
 Time step =         1879
 Abd=   43771.42    
 Catch=   2653.72415409532     
 Time step =         1880
 Abd=   44538.26    
 Catch=   2591.39022617591     
 Time step =         1881
 Abd=   43479.22    
 Catch=   2563.09330243933     
 Time step =         1882
 Abd=   43013.01    
 Catch=   2676.24293492701     
 Time step =         1883
 Abd=   44933.91    
 Catch=   2612.37794500353     
 Time step =         1884
 Abd=   43829.76    
 Catch=   2512.90546633987     
 Time step =         1885
 Abd=   42152.45    
 Catch=   2584.28492872758     
 Time step =         1886
 Abd=   43396.29    
 Catch=   2633.89888637828     
 Time step =         1887
 Abd=   44210.46    
 Catch=   2675.23722842253     
 Time step =         1888
 Abd=   44911.81    
 Catch=   2535.45493435422     
 Time step =         1889
 Abd=   42544.84    
 Catch=   2547.20144648216     
 Time step =         1890
 Abd=   42751.25    
 Catch=   2456.88351946708     
 Time step =         1891
 Abd=   41216.40    
 Catch=   2713.88555143638     
 Time step =         1892
 Abd=   45619.79    
 Catch=   2465.40027274177     
 Time step =         1893
 Abd=   41388.55    
 Catch=   2415.09788838576     
 Time step =         1894
 Abd=   40572.57    
 Catch=   2360.36502683375     
 Time step =         1895
 Abd=   39619.52    
 Catch=   2393.83779273379     
 Time step =         1896
 Abd=   40194.85    
 Catch=   2533.10960020636     
 Time step =         1897
 Abd=   42543.30    
 Catch=   2421.34589490373     
 Time step =         1898
 Abd=   40616.41    
 Catch=   2497.82394154665     
 Time step =         1899
 Abd=   41939.31    
 Catch=   2622.40137322810     
 Time step =         1900
 Abd=   44024.90    
 Catch=   2601.13955441884     
 Time step =         1901
 Abd=   43652.87    
 Catch=   2550.43083731507     
 Time step =         1902
 Abd=   42790.70    
 Catch=   2426.48675416692     
 Time step =         1903
 Abd=   40713.42    
 Catch=   2543.96692338436     
 Time step =         1904
 Abd=   42713.27    
 Catch=   2690.21059203605     
 Time step =         1905
 Abd=   45163.09    
 Catch=   2620.86845621949     
 Time step =         1906
 Abd=   43966.79    
 Catch=   2743.21809403697     
 Time step =         1907
 Abd=   46070.47    
 Catch=   2788.24459299399     
 Time step =         1908
 Abd=   46797.25    
 Catch=   2741.11821784572     
 Time step =         1909
 Abd=   45996.08    
 Catch=   2607.23149185343     
 Time step =         1910
 Abd=   43737.09    
 Catch=   2392.85225951821     
 Time step =         1911
 Abd=   40122.59    
 Catch=   2408.44691748179     
 Time step =         1912
 Abd=   40430.36    
 Catch=   2353.08304611322     
 Time step =         1913
 Abd=   39509.83    
 Catch=   2475.89394839283     
 Time step =         1914
 Abd=   41565.21    
 Catch=   2587.10877139043     
 Time step =         1915
 Abd=   43448.98    
 Catch=   2700.91172209056     
 Time step =         1916
 Abd=   45345.75    
 Catch=   2830.95936481688     
 Time step =         1917
 Abd=   47529.03    
 Catch=   2731.05213003181     
 Time step =         1918
 Abd=   45817.29    
 Catch=   2632.65070644185     
 Time step =         1919
 Abd=   44163.39    
 Catch=   2448.13985048006     
 Time step =         1920
 Abd=   41073.50    
 Catch=   2588.25646774493     
 Time step =         1921
 Abd=   43456.99    
 Catch=   2629.01727994805     
 Time step =         1922
 Abd=   44127.16    
 Catch=   2689.90779348055     
 Time step =         1923
 Abd=   45164.59    
 Catch=   2644.13017864095     
 Time step =         1924
 Abd=   44362.95    
 Catch=   2575.11308101203     
 Time step =         1925
 Abd=   43199.28    
 Catch=   2637.30686715991     
 Time step =         1926
 Abd=   44270.17    
 Catch=   2638.39479994345     
 Time step =         1927
 Abd=   44276.90    
 Catch=   2604.40034070191     
 Time step =         1928
 Abd=   43711.05    
 Catch=   2543.33598441530     
 Time step =         1929
 Abd=   42670.50    
 Catch=   2638.35328196816     
 Time step =         1930
 Abd=   44295.17    
 Catch=   2614.45662413667     
 Time step =         1931
 Abd=   43868.68    
 Catch=   2722.71019763795     
 Time step =         1932
 Abd=   45716.06    
 Catch=   2628.97437104346     
 Time step =         1933
 Abd=   44117.79    
 Catch=   2527.04556296511     
 Time step =         1934
 Abd=   42391.13    
 Catch=   2570.67976840503     
 Time step =         1935
 Abd=   43151.04    
 Catch=   2244.25226144320     
 Time step =         1936
 Abd=   37633.51    
 Catch=   2414.78209169767     
 Time step =         1937
 Abd=   40587.48    
 Catch=   2663.93005601254     
 Time step =         1938
 Abd=   44752.12    
 Catch=   2786.50090208473     
 Time step =         1939
 Abd=   46785.20    
 Catch=   2849.93082406631     
 Time step =         1940
 Abd=   47836.83    
 Catch=   2734.34513231184     
 Time step =         1941
 Abd=   45868.55    
 Catch=   2634.72906424101     
 Time step =         1942
 Abd=   44199.14    
 Catch=   2750.10357486764     
 Time step =         1943
 Abd=   46177.18    
 Catch=   2729.40570347744     
 Time step =         1944
 Abd=   45798.46    
 Catch=   2623.69351009449     
 Time step =         1945
 Abd=   44016.21    
 Catch=   2507.01936051669     
 Time step =         1946
 Abd=   42081.93    
 Catch=   2428.64359962854     
 Time step =         1947
 Abd=   40797.67    
 Catch=   2376.40935155081     
 Time step =         1948
 Abd=   39873.92    
 Catch=   2436.89771191215     
 Time step =         1949
 Abd=   40906.58    
 Catch=   2498.99218045935     
 Time step =         1950
 Abd=   41953.46    
 Catch=   2491.07216633525     
 Time step =         1951
 Abd=   41817.37    
 Catch=   2500.77104498855     
 Time step =         1952
 Abd=   41970.77    
 Catch=   2595.11452615596     
 Time step =         1953
 Abd=   43569.80    
 Catch=   2704.94048598194     
 Time step =         1954
 Abd=   45415.80    
 Catch=   2692.57125737413     
 Time step =         1955
 Abd=   45178.26    
 Catch=   2759.86620477745     
 Time step =         1956
 Abd=   46340.54    
 Catch=   2466.31364710533     
 Time step =         1957
 Abd=   41393.25    
 Catch=   2428.54186515367     
 Time step =         1958
 Abd=   40787.39    
 Catch=   2461.31329883883     
 Time step =         1959
 Abd=   41322.31    
 Catch=   2578.79005342708     
 Time step =         1960
 Abd=   43299.66    
 Catch=   2803.22948228623     
 Time step =         1961
 Abd=   47110.50    
 Catch=   2709.71887005516     
 Time step =         1962
 Abd=   45461.64    
 Catch=   2661.21884280293     
 Time step =         1963
 Abd=   44660.04    
 Catch=   2580.66716598739     
 Time step =         1964
 Abd=   43294.24    
 Catch=   2610.57802215201     
 Time step =         1965
 Abd=   43829.20    
 Catch=   2726.67371905735     
 Time step =         1966
 Abd=   45777.24    
 Catch=   2762.52403291771     
 Time step =         1967
 Abd=   46375.50    
 Catch=   2587.21973296284     
 Time step =         1968
 Abd=   43401.48    
 Catch=   2466.95085830346     
 Time step =         1969
 Abd=   41414.05    
 Catch=   2596.81912047653     
 Time step =         1970
 Abd=   43604.60    
 Catch=   2695.10253538407     
 Time step =         1971
 Abd=   45236.91    
 Catch=   2674.33360844478     
 Time step =         1972
 Abd=   44876.87    
 Catch=   2550.97683790693     
 Time step =         1973
 Abd=   42792.52    
 Catch=   2518.37894963492     
 Time step =         1974
 Abd=   42258.90    
 Catch=   2319.20251779172     
 Time step =         1975
 Abd=   38932.59    
 Catch=   2412.91062138000     
 Time step =         1976
 Abd=   40523.86    
 Catch=   2648.65098584279     
 Time step =         1977
 Abd=   44489.40    
 Catch=   2690.05598769914     
 Time step =         1978
 Abd=   45145.85    
 Catch=   2745.69169324295     
 Time step =         1979
 Abd=   46085.34    
 Catch=   2688.47639148905     
 Time step =         1980
 Abd=   45104.86    
 Catch=   2797.36352670378     
 Time step =         1981
 Abd=   46966.95    
 Catch=   2681.66574139635     
 Time step =         1982
 Abd=   44994.68    
 Catch=   2658.90072710579     
 Time step =         1983
 Abd=   44615.48    
 Catch=   2802.86794559768     
 Time step =         1984
 Abd=   47054.54    
 Catch=   2747.31225448143     
 Time step =         1985
 Abd=   46095.02    
 Catch=   2639.92159692396     
 Time step =         1986
 Abd=   44282.51    
 Catch=   2669.96915121773     
 Time step =         1987
 Abd=   44814.98    
 Catch=   2406.19935274792     
 Time step =         1988
 Abd=   40385.76    
 Catch=   2339.63464700612     
 Time step =         1989
 Abd=   39287.50    
 Catch=   2403.04138740192     
 Time step =         1990
 Abd=   40340.84    
 Catch=   2429.89049719793     
 Time step =         1991
 Abd=   40783.86    
 Catch=   2346.55999787132     
 Time step =         1992
 Abd=   39385.29    
 Catch=   2416.20075971423     
 Time step =         1993
 Abd=   40601.73    
 Catch=   2601.92897866072     
 Time step =         1994
 Abd=   43699.03    
 Catch=   2511.49810068346     
 Time step =         1995
 Abd=   42128.93    
 Catch=   2581.27764368091     
 Time step =         1996
 Abd=   43336.29    
 Catch=   2546.69724218313     
 Time step =         1997
 Abd=   42730.58    
 Catch=   2494.30451126856     
 Time step =         1998
 Abd=   41851.18    
 Catch=   2611.85454552682     
 Time step =         1999
 Abd=   43856.89    
 Catch=   2692.81832019556     
 Time step =         2000
 Abd=   45199.52    
 Catch=   2610.29506564492     
 Time step =         2001
 Abd=   43792.48    
 Catch=   2757.25753010067     
 Time step =         2002
 Abd=   46306.14    
 Catch=   2425.79256105948     
 Time step =         2003
 Abd=   40680.47    
 Catch=   2320.39066633627     
 Time step =         2004
 Abd=   38960.60    
 Catch=   2282.95820816267     
 Time step =         2005
 Abd=   38305.53    
 Catch=   2434.34184442083     
 Time step =         2006
 Abd=   40893.42    
 Catch=   2288.83065451029     
 Time step =         2007
 Abd=   38445.52    
 Catch=   2338.07170204710     
 Time step =         2008
 Abd=   39273.39    
 Catch=   2397.24579619263     
 Time step =         2009
 Abd=   40243.71    
 Catch=   2520.15875256173     
 Time step =         2010
 Abd=   42313.12    
 Catch=   2721.41142909607     
 Time step =         2011
 Abd=   45705.73    
 Catch=   2541.08134651893     
 Time step =         2012
 Abd=   42619.09    
 Catch=   2560.22977386617     
 Time step =         2013
 Abd=   42972.29    
 Catch=   2338.41905985030     
 Time step =         2014
 Abd=   39221.59    
 Catch=   2462.44341761301     
 Time step =         2015
 Abd=   41355.07    
 Catch=   2458.15820944989     
 Time step =         2016
 Abd=   41250.86    
 Catch=   2580.46631869380     
 Time step =         2017
 Abd=   43329.48    
 Catch=   2413.28297550125     
 Time step =         2018
 Abd=   40471.45    
 Catch=   2274.13256852560     
 Time step =         2019
 Abd=   38152.78    
 Catch=   2293.70791174145     
 Time step =         2020
 Abd=   38509.38    
 Catch=   2290.47603117889     
 Time step =         2021
 Abd=   38437.25    
 Catch=   2320.85430900025     
 Time step =         2022
 Abd=   38945.39    
 Catch=   2419.10885467460     
 Time step =         2023
 Abd=   40628.76    
 Catch=   2557.01629521561     
 Time step =         2024
 Abd=   42935.09    
 Catch=   2610.32551074188     
 Time step =         2025
 Abd=   43818.95    
 Catch=   2553.96973211007     
 Time step =         2026
 Abd=   42853.18    
 Catch=   2435.79141733248     
 Time step =         2027
 Abd=   40871.86    
 Catch=   2592.03345848146     
 Time step =         2028
 Abd=   43525.58    
 Catch=   2640.35439031534     
 Time step =         2029
 Abd=   44315.07    
 Catch=   2723.40407973372     
 Time step =         2030
 Abd=   45719.88    
 Catch=   2781.63248424676     
 Time step =         2031
 Abd=   46696.80    
 Catch=   2854.71790894750     
 Time step =         2032
 Abd=   47919.27    
 Catch=   2825.59683820300     
 Time step =         2033
 Abd=   47415.95    
 Catch=   2738.51294334512     
 Time step =         2034
 Abd=   45944.09    
 Catch=   2517.34865604726     
 Time step =         2035
 Abd=   42211.41    
 Catch=   2479.08152764429     
 Time step =         2036
 Abd=   41611.51    
 Catch=   2397.92687231074     
 Time step =         2037
 Abd=   40230.19    
 Catch=   2345.59457686712     
 Time step =         2038
 Abd=   39353.45    
 Catch=   2403.53063393040     
 Time step =         2039
 Abd=   40339.68    
 Catch=   2393.21646739662     
 Time step =         2040
 Abd=   40179.69    
 Catch=   2522.31462938579     
 Time step =         2041
 Abd=   42353.66    
 Catch=   2531.87715480681     
 Time step =         2042
 Abd=   42485.45    
 Catch=   2368.95732123129     
 Time step =         2043
 Abd=   39724.84    
 Catch=   2384.13928943291     
 Time step =         2044
 Abd=   40020.59    
 Catch=   2333.97082355077     
 Time step =         2045
 Abd=   39153.81    
 Catch=   2144.65974385704     
 Time step =         2046
 Abd=   35969.79    
 Catch=   2226.75975300557     
 Time step =         2047
 Abd=   37404.43    
 Catch=   2385.48136043235     
 Time step =         2048
 Abd=   40063.52    
 Catch=   2511.57659654947     
 Time step =         2049
 Abd=   42179.95    
 Catch=   2307.03276452863     
 Time step =         2050
 Abd=   38721.31    
 Catch=   2403.23362643742     
 Time step =         2051
 Abd=   40364.79    
 Catch=   2601.96632010813     
 Time step =         2052
 Abd=   43704.48    
 Catch=   2509.27243817394     
 Time step =         2053
 Abd=   42096.13    
 Catch=   2585.33645826057     
 Time step =         2054
 Abd=   43411.99    
 Catch=   2294.94017539808     
 Time step =         2055
 Abd=   38510.95    
 Catch=   2201.98200354214     
 Time step =         2056
 Abd=   36964.83    
 Catch=   2500.40210017565     
 Time step =         2057
 Abd=   42012.04    
 Catch=   2510.36458886605     
 Time step =         2058
 Abd=   42129.17    
 Catch=   2535.93260874669     
 Time step =         2059
 Abd=   42561.09    
 Catch=   2580.02620248225     
 Time step =         2060
 Abd=   43320.59    
 Catch=   2498.17011440475     
 Time step =         2061
 Abd=   41910.60    
 Catch=   2432.47517569776     
 Time step =         2062
 Abd=   40813.84    
 Catch=   2335.60500916169     
 Time step =         2063
 Abd=   39176.77    
 Catch=   2513.98484792416     
 Time step =         2064
 Abd=   42224.07    
 Catch=   2789.99194645689     
 Time step =         2065
 Abd=   46866.12    
 Catch=   2776.83332616961     
 Time step =         2066
 Abd=   46597.05    
 Catch=   2736.80568491428     
 Time step =         2067
 Abd=   45925.75    
 Catch=   2398.03770626132     
 Time step =         2068
 Abd=   40213.98    
 Catch=   2543.67033161327     
 Time step =         2069
 Abd=   42715.62    
 Catch=   2786.09590741855     
 Time step =         2070
 Abd=   46793.92    
 Catch=   2838.32318105682     
 Time step =         2071
 Abd=   47643.06    
 Catch=   2672.30439275928     
 Time step =         2072
 Abd=   44817.80    
 Catch=   2716.83946394318     
 Time step =         2073
 Abd=   45606.21    
 Catch=   2388.37677179912     
 Time step =         2074
 Abd=   40049.80    
 Catch=   2427.22088203636     
 Time step =         2075
 Abd=   40770.27    
 Catch=   2708.98577230049     
 Time step =         2076
 Abd=   45513.91    
 Catch=   2640.95271203994     
 Time step =         2077
 Abd=   44311.02    
 Catch=   2723.02663920133     
 Time step =         2078
 Abd=   45720.20    
 Catch=   2509.82099817061     
 Time step =         2079
 Abd=   42083.29    
 Catch=   2428.94962459485     
 Time step =         2080
 Abd=   40765.52    
 Catch=   2285.13265360616     
 Time step =         2081
 Abd=   38355.89    
 Catch=   2534.31022494698     
 Time step =         2082
 Abd=   42590.07    
 Catch=   2676.46789484704     
 Time step =         2083
 Abd=   44941.79    
 Catch=   2740.09389456233     
 Time step =         2084
 Abd=   45988.29    
 Catch=   2821.75616183446     
 Time step =         2085
 Abd=   47370.05    
 Catch=   2819.20588987568     
 Time step =         2086
 Abd=   47300.51    
 Catch=   2735.53586081912     
 Time step =         2087
 Abd=   45902.45    
 Catch=   2665.42596067135     
 Time step =         2088
 Abd=   44759.36    
 Catch=   2657.34916623665     
 Time step =         2089
 Abd=   44598.29    
 Catch=   2434.46650312629     
 Time step =         2090
 Abd=   40839.06    
 Catch=   2398.84471337095     
 Time step =         2091
 Abd=   40288.55    
 Catch=   2267.13554569411     
 Time step =         2092
 Abd=   38045.24    
 Catch=   2357.76066132158     
 Time step =         2093
 Abd=   39581.93    
 Catch=   2430.70303612300     
 Time step =         2094
 Abd=   40803.27    
 Catch=   2579.41248200128     
 Time step =         2095
 Abd=   43308.13    
 Catch=   2634.08581836750     
 Time step =         2096
 Abd=   44226.96    
 Catch=   2744.97454030463     
 Time step =         2097
 Abd=   46085.43    
 Catch=   2649.19449177419     
 Time step =         2098
 Abd=   44442.16    
 Catch=   2703.75381072378     
 Time step =         2099
 Abd=   45378.72    
 Catch=   2635.99500970507     
 Time step =         2100
 Abd=   44223.30    
 Catch=   2642.97596238475     
 Time step =         2101
 Abd=   44357.94    
 Catch=   2708.78027223042     
 Time step =         2102
 Abd=   45475.18    
 Catch=   2750.99998764781     
 Time step =         2103
 Abd=   46178.07    
 Catch=   2510.75047624356     
 Time step =         2104
 Abd=   42098.88    
 Catch=   2406.10713553937     
 Time step =         2105
 Abd=   40370.55    
 Catch=   2448.08307737905     
 Time step =         2106
 Abd=   41139.66    
 Catch=   2399.21699973101     
 Time step =         2107
 Abd=   40256.89    
 Catch=   2491.40279663471     
 Time step =         2108
 Abd=   41830.59    
 Catch=   2344.47672613874     
 Time step =         2109
 Abd=   39330.62    
 Catch=   2486.79777378875     
 Time step =         2110
 Abd=   41788.42    
 Catch=   2556.68945974210     
 Time step =         2111
 Abd=   42923.70    
 Catch=   2808.01917372400     
 Time step =         2112
 Abd=   47156.86    
 Catch=   2675.47671559657     
 Time step =         2113
 Abd=   44882.77    
 Catch=   2638.38786872066     
 Time step =         2114
 Abd=   44270.62    
 Catch=   2499.63320816565     
 Time step =         2115
 Abd=   41921.83    
 Catch=   2559.49959265563     
 Time step =         2116
 Abd=   42987.18    
 Catch=   2438.90288885745     
 Time step =         2117
 Abd=   40909.62    
 Catch=   2477.51603294374     
 Time step =         2118
 Abd=   41584.93    
 Catch=   2443.22815636161     
 Time step =         2119
 Abd=   40990.69    
 Catch=   2540.29014121712     
 Time step =         2120
 Abd=   42646.98    
 Catch=   2562.31531788900     
 Time step =         2121
 Abd=   43004.12    
 Catch=   2498.47220978586     
 Time step =         2122
 Abd=   41918.58    
 Catch=   2643.12963527666     
 Time step =         2123
 Abd=   44387.29    
 Catch=   2462.48698661024     
 Time step =         2124
 Abd=   41355.17    
 Catch=   2438.80752626156     
 Time step =         2125
 Abd=   40980.20    
 Catch=   2365.61622083438     
 Time step =         2126
 Abd=   39693.99    
 Catch=   2628.86780587717     
 Time step =         2127
 Abd=   44182.96    
 Catch=   2719.12313160453     
 Time step =         2128
 Abd=   45653.82    
 Catch=   2854.17668551397     
 Time step =         2129
 Abd=   47922.66    
 Catch=   2703.48365393061     
 Time step =         2130
 Abd=   45348.88    
 Catch=   2738.59679448251     
 Time step =         2131
 Abd=   45959.58    
 Catch=   2574.55843504133     
 Time step =         2132
 Abd=   43182.86    
 Catch=   2404.81890043482     
 Time step =         2133
 Abd=   40324.11    
 Catch=   2367.18189566391     
 Time step =         2134
 Abd=   39731.65    
 Catch=   2375.27539577787     
 Time step =         2135
 Abd=   39858.35    
 Catch=   2603.22619517333     
 Time step =         2136
 Abd=   43715.36    
 Catch=   2629.26241437725     
 Time step =         2137
 Abd=   44127.04    
 Catch=   2574.70680517834     
 Time step =         2138
 Abd=   43193.29    
 Catch=   2663.54903813414     
 Time step =         2139
 Abd=   44720.76    
 Catch=   2391.93067015512     
 Time step =         2140
 Abd=   40155.50    
 Catch=   2297.71766897640     
 Time step =         2141
 Abd=   38573.43    
 Catch=   2285.47462430297     
 Time step =         2142
 Abd=   38362.53    
 Catch=   2482.59974664685     
 Time step =         2143
 Abd=   41705.38    
 Catch=   2486.74581205878     
 Time step =         2144
 Abd=   41725.61    
 Catch=   2390.42612589372     
 Time step =         2145
 Abd=   40096.21    
 Catch=   2506.58381142286     
 Time step =         2146
 Abd=   42120.46    
 Catch=   2498.34310084308     
 Time step =         2147
 Abd=   41929.57    
 Catch=   2414.80342672485     
 Time step =         2148
 Abd=   40510.77    
 Catch=   2470.16339826848     
 Time step =         2149
 Abd=   41472.91    
 Catch=   2450.86858949288     
 Time step =         2150
 Abd=   41122.55    
 Catch=   2406.01259442236     
 Time step =         2151
 Abd=   40375.94    
 Catch=   2478.82178426872     
 Time step =         2152
 Abd=   41601.50    
 Catch=   2570.73430016746     
 Time step =         2153
 Abd=   43168.74    
 Catch=   2663.79672394385     
 Time step =         2154
 Abd=   44714.92    
 Catch=   2717.71166423093     
 Time step =         2155
 Abd=   45611.66    
 Catch=   2565.84518400063     
 Time step =         2156
 Abd=   43032.04    
 Catch=   2576.03330557412     
 Time step =         2157
 Abd=   43235.65    
 Catch=   2504.23709234909     
 Time step =         2158
 Abd=   42016.98    
 Catch=   2584.32095751038     
 Time step =         2159
 Abd=   43396.40    
 Catch=   2568.86771527599     
 Time step =         2160
 Abd=   43108.23    
 Catch=   2362.27421976057     
 Completed!
Program ADRDisp finished with exit code 0 at: Sun 28 Jun 2026 07:53:03 AM PDT
Compressing DBEM outputs
Compressed as TIPMIP_PI_tipmip_mes_p_TipmipSppMes10_netcdf.tar.gz
Creating netCDF
[1] "610238"
