Extracting environmental data
Environmental data extracted
Current working directory is /project/6006523/jepa/tipping_points/scripts/run_dbem
Starting run at:Mon 01 Jun 2026 01:29:37 PM PDT
“Starting task: 10”
 SppListRoot: 
 ~/projects/def-wailung/Data/Species/TaxonList/tipping_point/                   
                                                                                
                                                                                
                    
 Species list: 10  
 TipmipSppPel10.txt  
 Initializing, loading files...
          40
 690005    
 /localscratch/jepa.42655075.0/tipmip_pelc/690005                               
  
 Read Parameters...
 Running Taxon A_japonicus         
 ~/projects/def-wailung/Data/Species/Distributions/S690005.csv                  
                                          
  3.440046736685745E-007
 Thread           0  starting...
 603810    
 /localscratch/jepa.42655075.0/tipmip_pelc/603810                               
  
 Read Parameters...
 Running Taxon A_denticulatus      
 ~/projects/def-wailung/Data/Species/Distributions/S603810.csv                  
                                          
  2.851630562339391E-007
 Thread           0  starting...
 600094    
 /localscratch/jepa.42655075.0/tipmip_pelc/600094                               
  
 Read Parameters...
 Running Taxon A_thazard           
 ~/projects/def-wailung/Data/Species/Distributions/S600094.csv                  
                                          
  3.244560370574410E-007
 Thread           0  starting...
 601589    
 /localscratch/jepa.42655075.0/tipmip_pelc/601589                               
  
 Read Parameters...
 Running Taxon B_patronus          
 ~/projects/def-wailung/Data/Species/Distributions/S601589.csv                  
                                          
  2.606007029970492E-007
 Thread           0  starting...
 601592    
 /localscratch/jepa.42655075.0/tipmip_pelc/601592                               
  
 Read Parameters...
 Running Taxon B_tyrannus          
 ~/projects/def-wailung/Data/Species/Distributions/S601592.csv                  
                                          
  4.263027588502499E-007
 Thread           0  starting...
 614129    
 /localscratch/jepa.42655075.0/tipmip_pelc/614129                               
  
 Read Parameters...
 Running Taxon C_affinis           
 ~/projects/def-wailung/Data/Species/Distributions/S614129.csv                  
                                          
  1.935943329878230E-007
 Thread           0  starting...
 600548    
 /localscratch/jepa.42655075.0/tipmip_pelc/600548                               
  
 Read Parameters...
 Running Taxon C_mysticetus        
 ~/projects/def-wailung/Data/Species/Distributions/S600548.csv                  
                                          
  4.737992836789662E-007
 Thread           0  starting...
 600474    
 /localscratch/jepa.42655075.0/tipmip_pelc/600474                               
  
 Read Parameters...
 Running Taxon C_gunnari           
 ~/projects/def-wailung/Data/Species/Distributions/S600474.csv                  
                                          
  1.410483117589636E-007
 Thread           0  starting...
 600024    
 /localscratch/jepa.42655075.0/tipmip_pelc/600024                               
  
 Read Parameters...
 Running Taxon C_harengus          
 ~/projects/def-wailung/Data/Species/Distributions/S600024.csv                  
                                          
  3.302104722580079E-007
 Thread           0  starting...
 601520    
 /localscratch/jepa.42655075.0/tipmip_pelc/601520                               
  
 Read Parameters...
 Running Taxon C_pallasii          
 ~/projects/def-wailung/Data/Species/Distributions/S601520.csv                  
                                          
  2.775951439920598E-007
 Thread           0  starting...
 601470    
 /localscratch/jepa.42655075.0/tipmip_pelc/601470                               
  
 Read Parameters...
 Running Taxon C_cultriventris     
 ~/projects/def-wailung/Data/Species/Distributions/S601470.csv                  
                                          
  5.980285130213759E-008
 Thread           0  starting...
 600303    
 /localscratch/jepa.42655075.0/tipmip_pelc/600303                               
  
 Read Parameters...
 Running Taxon C_saira             
 ~/projects/def-wailung/Data/Species/Distributions/S600303.csv                  
                                          
  2.096262816046746E-007
 Thread           0  starting...
 600006    
 /localscratch/jepa.42655075.0/tipmip_pelc/600006                               
  
 Read Parameters...
 Running Taxon C_hippurus          
 ~/projects/def-wailung/Data/Species/Distributions/S600006.csv                  
                                          
  3.221463379632361E-007
 Thread           0  starting...
 600374    
 /localscratch/jepa.42655075.0/tipmip_pelc/600374                               
  
 Read Parameters...
 Running Taxon D_russelli          
 ~/projects/def-wailung/Data/Species/Distributions/S600374.csv                  
                                          
  2.954485530709537E-007
 Thread           0  starting...
 607039    
 /localscratch/jepa.42655075.0/tipmip_pelc/607039                               
  
 Read Parameters...
 Running Taxon D_mawsoni           
 ~/projects/def-wailung/Data/Species/Distributions/S607039.csv                  
                                          
  1.935003962594968E-007
 Thread           0  starting...
 690296    
 /localscratch/jepa.42655075.0/tipmip_pelc/690296                               
  
 Read Parameters...
 Running Taxon L_gahi              
 ~/projects/def-wailung/Data/Species/Distributions/S690296.csv                  
                                          
  2.663143090658739E-007
