Extracting environmental data
Environmental data extracted
Current working directory is /project/6006523/jepa/tipping_points/scripts/run_dbem
Starting run at:Sun 19 Jul 2026 11:35:23 AM PDT
“Starting task: 11”
 SppListRoot: 
 ~/projects/def-wailung/Data/Species/TaxonList/tipping_point/                   
                                                                                
                                                                                
                    
 Species list: 11  
 TipmipSppDem11.txt  
 Initializing, loading files...
           9
 600309    
 /localscratch/jepa.49620048.0/tipmip_dem_pc/600309                             
  
 Read Parameters...
 Running Taxon G_ogac              
 ~/projects/def-wailung/Data/Species/Distributions/S600309.csv                  
                                          
  1.901026025427634E-007
 Thread           0  starting...
 600413    
 /localscratch/jepa.49620048.0/tipmip_dem_pc/600413                             
  
 Read Parameters...
 Running Taxon U_canosai           
 ~/projects/def-wailung/Data/Species/Distributions/S600413.csv                  
                                          
  4.660465043322339E-007
 Thread           0  starting...
 600417    
 /localscratch/jepa.49620048.0/tipmip_dem_pc/600417                             
  
 Read Parameters...
 Running Taxon M_ancylodon         
 ~/projects/def-wailung/Data/Species/Distributions/S600417.csv                  
                                          
  4.554610510504321E-007
 Thread           0  starting...
 601381    
 /localscratch/jepa.49620048.0/tipmip_dem_pc/601381                             
  
 Read Parameters...
 Running Taxon M_aeglefinus        
 ~/projects/def-wailung/Data/Species/Distributions/S601381.csv                  
                                          
  2.198372408389901E-007
 Thread           0  starting...
 690039    
 /localscratch/jepa.49620048.0/tipmip_dem_pc/690039                             
  
 Read Parameters...
 Running Taxon P_cygnus            
 ~/projects/def-wailung/Data/Species/Distributions/S690039.csv                  
                                          
  7.612984794191851E-008
 Thread           0  starting...
 690011    
 /localscratch/jepa.49620048.0/tipmip_dem_pc/690011                             
  
 Read Parameters...
 Running Taxon P_magellanicus      
 ~/projects/def-wailung/Data/Species/Distributions/S690011.csv                  
                                          
  2.837857816707881E-007
 Thread           0  starting...
 601343    
 /localscratch/jepa.49620048.0/tipmip_dem_pc/601343                             
  
 Read Parameters...
 Running Taxon P_virens            
 ~/projects/def-wailung/Data/Species/Distributions/S601343.csv                  
                                          
  2.375120519475328E-007
 Thread           0  starting...
 601825    
 /localscratch/jepa.49620048.0/tipmip_dem_pc/601825                             
  
 Read Parameters...
 Running Taxon M_novaezelandiae    
 ~/projects/def-wailung/Data/Species/Distributions/S601825.csv                  
                                          
  2.815376761918459E-007
 Thread           0  starting...
 604239    
 /localscratch/jepa.49620048.0/tipmip_dem_pc/604239                             
  
 Read Parameters...
 Running Taxon H_platessoides      
 ~/projects/def-wailung/Data/Species/Distributions/S604239.csv                  
                                          
  2.083848067093887E-007
 Thread           0  starting...
 Time step =         1951
 Catch=   112746.435411568     
 Abd=   1033819.    
 Catch=   365072.000198505     
 Abd=   1164468.    
 Catch=   84979.8981342431     
 Abd=   126510.4    
 Catch=   24690840.5429463     
 Abd=  3.5523747E+08
 Catch=   238356.215821410     
 Abd=   383414.6    
 Catch=   5701069.57412868     
 Abd=  1.9531934E+07
 Catch=   17045168.6383145     
 Abd=  1.5010240E+08
 Catch=   5960507.60555924     
 Abd=  2.6791828E+07
 Catch=   3031719.59602311     
 Abd=  4.6058004E+07
 Time step =         1952
 Catch=   75073.8345361665     
 Abd=   777829.0    
 Catch=   254303.348723312     
 Abd=   906497.9    
 Catch=   43897.5413196375     
 Abd=   93285.77    
 Catch=   20996326.5669001     
 Abd=  3.0911734E+08
 Catch=   159250.378799465     
 Abd=   302629.4    
 Catch=   4105117.14147151     
 Abd=  1.5414128E+07
 Catch=   13724108.3074736     
 Abd=  1.2497837E+08
 Catch=   4091654.94412308     
 Abd=  2.0323526E+07
 Catch=   2563844.25171490     
 Abd=  3.9968112E+07
 Time step =         1953
 Catch=   59458.8140978505     
 Abd=   642810.9    
 Catch=   208485.189886919     
 Abd=   776282.0    
 Catch=   35535.8832277243     
 Abd=   81040.19    
 Catch=   18529994.8136786     
 Abd=  2.7626742E+08
 Catch=   134491.725483594     
 Abd=   269416.3    
 Catch=   3394589.20667668     
 Abd=  1.3261637E+07
 Catch=   11693545.0343581     
 Abd=  1.0874045E+08
 Catch=   3268401.36566901     
 Abd=  1.6977384E+07
 Catch=   2261477.23334661     
 Abd=  3.5770432E+07
 Time step =         1954
 Catch=   50395.2173566293     
 Abd=   557005.1    
 Catch=   183442.361624016     
 Abd=   699333.0    
 Catch=   32009.7443404841     
 Abd=   75143.76    
 Catch=   16717252.2599913     
 Abd=  2.5143061E+08
 Catch=   123259.253645718     
 Abd=   252779.8    
 Catch=   2995047.47535202     
 Abd=  1.1962047E+07
 Catch=   10329263.5521755     
 Abd=  9.7398816E+07
 Catch=   2808688.07508951     
 Abd=  1.4959082E+07
 Catch=   2045574.89527202     
 Abd=  3.2672304E+07
 Time step =         1955
 Catch=   44329.7857954151     
 Abd=   496655.1    
 Catch=   167970.281061366     
 Abd=   649636.6    
 Catch=   30201.3809723427     
 Abd=   71914.58    
 Catch=   15321306.2513233     
 Abd=  2.3196357E+08
 Catch=   117345.904166668     
 Abd=   243565.2    
 Catch=   2743784.40595969     
 Abd=  1.1111157E+07
 Catch=   9350697.75740990     
 Abd=  8.9044808E+07
 Catch=   2518031.15071246     
 Abd=  1.3620360E+07
 Catch=   1882685.80690455     
 Abd=  3.0284908E+07
 Time step =         1956
 Catch=   39925.3755390279     
 Abd=   451466.9    
 Catch=   157689.925352188     
 Abd=   615664.5    
 Catch=   29171.1455426514     
 Abd=   69995.07    
 Catch=   14212507.8490855     
 Abd=  2.1629690E+08
 Catch=   113973.291382547     
 Abd=   238149.2    
 Catch=   2574984.22921763     
 Abd=  1.0524713E+07
 Catch=   8615583.91451652     
 Abd=  8.2643864E+07
 Catch=   2318918.77543190     
 Abd=  1.2673222E+07
 Catch=   1755232.00595512     
 Abd=  2.8388834E+07
 Time step =         1957
 Catch=   36556.0980497497     
 Abd=   416166.9    
 Catch=   150526.547362552     
 Abd=   591538.8    
 Catch=   28540.8627453628     
 Abd=   68783.69    
 Catch=   13310956.8973819     
 Abd=  2.0342826E+08
 Catch=   111953.591982939     
 Abd=   234842.5    
 Catch=   2456604.32666052     
 Abd=  1.0106256E+07
 Catch=   8043734.81067117     
 Abd=  7.7588520E+07
 Catch=   2174869.80035627     
 Abd=  1.1972761E+07
 Catch=   1652854.13848553     
 Abd=  2.6848694E+07
 Time step =         1958
 Catch=   33882.9704946967     
 Abd=   387736.1    
 Catch=   145371.384929795     
 Abd=   573945.8    
 Catch=   28134.4109055798     
 Abd=   67985.39    
 Catch=   12564318.6258359     
 Abd=  1.9268278E+08
 Catch=   110704.824711682     
 Abd=   232771.0    
 Catch=   2371091.43366457     
 Abd=   9800252.    
 Catch=   7586653.79878346     
 Abd=  7.3499120E+07
 Catch=   2066636.41362199     
 Abd=  1.1438186E+07
 Catch=   1568948.75543146     
 Abd=  2.5575138E+07
 Time step =         1959
 Catch=   31705.2517831843     
 Abd=   364314.9    
 Catch=   141575.960257758     
 Abd=   560868.4    
 Catch=   27862.3533361916     
 Abd=   67442.55    
 Catch=   11936519.2281705     
 Abd=  1.8358435E+08
 Catch=   109915.540303364     
 Abd=   231449.5    
 Catch=   2308000.66123357     
 Abd=   9572476.    
 Catch=   7213335.51110503     
 Abd=  7.0127000E+07
 Catch=   1983085.83523564     
 Abd=  1.1020840E+07
 Catch=   1499060.16524995     
 Abd=  2.4506636E+07
 Time step =         1960
 Catch=   29895.2038553910     
 Abd=   344674.6    
 Catch=   138734.465270166     
 Abd=   551008.0    
 Catch=   27675.3536144129     
 Abd=   67065.41    
 Catch=   11401764.2314509     
 Abd=  1.7578806E+08
 Catch=   109408.610118984     
 Abd=   230594.5    
 Catch=   2260726.24041199     
 Abd=   9400662.    
 Catch=   6903077.26693597     
 Abd=  6.7302416E+07
 Catch=   1917284.47078091     
 Abd=  1.0689262E+07
 Catch=   1440067.33072876     
 Abd=  2.3599248E+07
 Time step =         1961
 Catch=   28366.4518146776     
 Abd=   327969.4    
 Catch=   136580.680876785     
 Abd=   543494.9    
 Catch=   27544.4863079715     
 Abd=   66799.55    
 Catch=   10941218.4010171     
 Abd=  1.6903955E+08
 Catch=   109078.911613497     
 Abd=   230035.2    
 Catch=   2224889.19208059     
 Abd=   9269774.    
 Catch=   6641499.15916068     
 Abd=  6.4905644E+07
 Catch=   1864645.16277862     
 Abd=  1.0422194E+07
 Catch=   1389713.85999310     
 Abd=  2.2820812E+07
 Time step =         1962
 Catch=   27058.5662681670     
 Abd=   313596.8    
 Catch=   134933.009303011     
 Abd=   537723.8    
 Catch=   27451.7483943826     
 Abd=   66610.19    
 Catch=   10540803.8031985     
 Abd=  1.6314630E+08
 Catch=   108862.242165307     
 Abd=   229665.9    
 Catch=   2197485.01139019     
 Abd=   9169303.    
 Catch=   6418359.26402434     
 Abd=  6.2850348E+07
 Catch=   1822017.02540027     
 Abd=  1.0204744E+07
 Catch=   1346327.10472227     
 Abd=  2.2147088E+07
 Time step =         1963
 Catch=   25927.8548923320     
 Abd=   301107.6    
 Catch=   133663.338694147     
 Abd=   533262.4    
 Catch=   27385.4487393996     
 Abd=   66474.27    
 Catch=   10189767.3276239     
 Abd=  1.5795928E+08
 Catch=   108718.598152226     
 Abd=   229419.9    
 Catch=   2176388.48491687     
 Abd=   9091736.    
 Catch=   6226167.82895071     
 Abd=  6.1072372E+07
 Catch=   1787148.63706214     
 Abd=  1.0026055E+07
 Catch=   1308634.53902723     
 Abd=  2.1559608E+07
 Time step =         1964
 Catch=   24941.1155066372     
 Abd=   290164.2    
 Catch=   132679.464957867     
 Abd=   529797.1    
 Catch=   27337.7211936502     
 Abd=   66376.14    
 Catch=   9879734.78800694     
 Abd=  1.5336259E+08
 Catch=   108622.557010857     
 Abd=   229254.8    
 Catch=   2160063.07465205     
 Abd=   9031568.    
 Catch=   6059277.72715965     
 Abd=  5.9522588E+07
 Catch=   1758390.10586517     
 Abd=   9878126.    
 Catch=   1275658.49708305     
 Abd=  2.1043944E+07
 Time step =         1965
 Catch=   24073.3631283492     
 Abd=   280503.8    
 Catch=   131913.770489956     
 Abd=   527094.8    
 Catch=   27303.1741252340     
 Abd=   66304.89    
 Catch=   9604143.16112103     
 Abd=  1.4926378E+08
 Catch=   108557.940203614     
 Abd=   229143.5    
 Catch=   2147377.39533712     
 Abd=   8984734.    
 Catch=   5913322.02757082     
 Abd=  5.8162692E+07
 Catch=   1734508.96535516     
 Abd=   9754910.    
 Catch=   1246631.27357960     
 Abd=  2.0588744E+07
 Time step =         1966
 Catch=   23304.7450537169     
 Abd=   271921.1    
 Catch=   131315.674784128     
 Abd=   524980.5    
 Catch=   27278.0041915989     
 Abd=   66252.80    
 Catch=   9357719.46381257     
 Abd=  1.4558861E+08
 Catch=   108514.228679728     
 Abd=   229067.8    
 Catch=   2137491.82147686     
 Abd=   8948190.    
 Catch=   5784891.89439438     
 Abd=  5.6962808E+07
 Catch=   1714563.69699309     
 Abd=   9651732.    
 Catch=   1220942.49796086     
 Abd=  2.0184846E+07
 Time step =         1967
 Catch=   22620.0738740483     
 Abd=   264255.1    
 Catch=   130847.137290523     
 Abd=   523322.0    
 Catch=   27259.5860199837     
 Abd=   66214.60    
 Catch=   9136215.72819263     
 Abd=  1.4227693E+08
 Catch=   108484.399516275     
 Abd=   229015.9    
 Catch=   2129766.78176718     
 Abd=   8919598.    
 Catch=   5671296.53908373     
 Abd=  5.5898880E+07
 Catch=   1697825.05365427     
 Abd=   9564936.    
 Catch=   1198097.68090314     
 Abd=  1.9824904E+07
 Time step =         1968
 Catch=   22007.0031038338     
 Abd=   257373.4    
 Catch=   130479.151035662     
 Abd=   522018.0    
 Catch=   27246.0154506216     
 Abd=   66186.35    
 Catch=   8936179.84569216     
 Abd=  1.3927981E+08
 Catch=   108463.931857982     
 Abd=   228980.3    
 Catch=   2123719.03748090     
 Abd=   8897200.    
 Catch=   5570348.21530199     
 Abd=  5.4951352E+07
 Catch=   1683715.87268933     
 Abd=   9491629.    
 Catch=   1177699.78058659     
 Abd=  1.9502868E+07
 Time step =         1969
 Catch=   21455.4844137105     
 Abd=   251168.3    
 Catch=   130189.653944360     
 Abd=   520991.5    
 Catch=   27235.9467395867     
 Abd=   66164.30    
 Catch=   8754797.46862522     
 Abd=  1.3655685E+08
 Catch=   108449.798642705     
 Abd=   228955.6    
 Catch=   2118977.13195249     
 Abd=   8879618.    
 Catch=   5480267.40381050     
 Abd=  5.4104140E+07
 Catch=   1671777.66329258     
 Abd=   9429494.    
 Catch=   1159418.22514724     
 Abd=  1.9213714E+07
 Time step =         1970
 Catch=   20957.1126955255     
 Abd=   245548.8    
 Catch=   129961.571090351     
 Abd=   520182.0    
 Catch=   27228.0949744030     
 Abd=   66147.91    
 Catch=   8589727.80214270     
 Abd=  1.3407456E+08
 Catch=   108440.016996334     
 Abd=   228938.5    
 Catch=   2115255.39404677     
 Abd=   8865824.    
 Catch=   5399590.02934120     
 Abd=  5.3344088E+07
 Catch=   1661643.81782521     
 Abd=   9376658.    
 Catch=   1142975.44357875     
 Abd=  1.8953260E+07
 Time step =         1971
 Catch=   20505.0256433133     
 Abd=   240444.1    
 Catch=   129781.582483477     
 Abd=   519542.7    
 Catch=   27222.2370825761     
 Abd=   66135.61    
 Catch=   8438997.27168472     
 Abd=  1.3180424E+08
 Catch=   108433.189718682     
 Abd=   228926.5    
 Catch=   2112331.97039713     
 Abd=   8854968.    
 Catch=   5327097.19072363     
 Abd=  5.2660064E+07
 Catch=   1653014.03407927     
 Abd=   9331610.    
 Catch=   1128143.04161730     
 Abd=  1.8717934E+07
 Time step =         1972
 Catch=   20093.6700136755     
 Abd=   235790.8    
 Catch=   129639.349883383     
 Abd=   519037.2    
 Catch=   27217.8190954227     
 Abd=   66126.27    
 Catch=   8300955.12285284     
 Abd=  1.2972221E+08
 Catch=   108428.431191785     
 Abd=   228918.0    
 Catch=   2110030.17762029     
 Abd=   8846427.    
 Catch=   5261761.65796027     
 Abd=  5.2042704E+07
 Catch=   1645649.14532076     
 Abd=   9293115.    
 Catch=   1114725.12685098     
 Abd=  1.8504788E+07
 Time step =         1973
 Catch=   19718.1226445529     
 Abd=   231535.4    
 Catch=   129526.873674196     
 Abd=   518637.4    
 Catch=   27214.4587152494     
 Abd=   66119.20    
 Catch=   8174179.84287925     
 Abd=  1.2780746E+08
 Catch=   108425.015138365     
 Abd=   228912.1    
 Catch=   2108220.92482159     
 Abd=   8839709.    
 Catch=   5202722.11165580     
 Abd=  5.1484144E+07
 Catch=   1639343.78645284     
 Abd=   9260100.    
 Catch=   1102556.60560217     
 Abd=  1.8311242E+07
 Time step =         1974
 Catch=   19374.1501073944     
 Abd=   227632.4    
 Catch=   129437.806227686     
 Abd=   518320.5    
 Catch=   27211.8987957903     
 Abd=   66113.73    
 Catch=   8057466.36281811     
 Abd=  1.2604267E+08
 Catch=   108422.595265109     
 Abd=   228907.8    
 Catch=   2106794.54195727     
 Abd=   8834408.    
 Catch=   5149245.54912606     
 Abd=  5.0977640E+07
 Catch=   1633933.03839684     
 Abd=   9231750.    
 Catch=   1091494.65939725     
 Abd=  1.8135122E+07
 Time step =         1975
 Catch=   19058.3242112680     
 Abd=   224045.5    
 Catch=   129367.188206513     
 Abd=   518069.3    
 Catch=   27209.9040786482     
 Abd=   66109.45    
 Catch=   7949767.81299721     
 Abd=  1.2441253E+08
 Catch=   108420.896121972     
 Abd=   228904.8    
 Catch=   2105670.75430308     
 Abd=   8830236.    
 Catch=   5100698.53249249     
 Abd=  5.0517320E+07
 Catch=   1629280.35306777     
 Abd=   9207341.    
 Catch=   1081418.97842088     
 Abd=  1.7974532E+07
 Time step =         1976
 Catch=   18767.7260062290     
 Abd=   220740.2    
 Catch=   129311.297843681     
 Abd=   517870.6    
 Catch=   27208.3370820459     
 Abd=   66106.09    
 Catch=   7850199.76609571     
 Abd=  1.2290395E+08
 Catch=   108419.684469981     
 Abd=   228902.6    
 Catch=   2104785.68501718     
 Abd=   8826949.    
 Catch=   5056534.94011926     
 Abd=  5.0098128E+07
 Catch=   1625271.30876466     
 Abd=   9186283.    
 Catch=   1072222.49945938     
 Abd=  1.7827820E+07
 Time step =         1977
 Catch=   18499.6361828481     
 Abd=   217688.2    
 Catch=   129266.980844495     
 Abd=   517712.6    
 Catch=   27207.1204925828     
 Abd=   66103.49    
 Catch=   7757961.87385363     
 Abd=  1.2150511E+08
 Catch=   108418.843291694     
 Abd=   228901.2    
 Catch=   2104087.83062448     
 Abd=   8824354.    
 Catch=   5016284.60305034     
 Abd=  4.9715796E+07
 Catch=   1621808.76297674     
 Abd=   9168086.    
 Catch=   1063814.53181852     
 Abd=  1.7693554E+07
 Time step =         1978
 Catch=   18251.8783604691     
 Abd=   214865.4    
 Catch=   129231.835595175     
 Abd=   517587.8    
 Catch=   27206.1486106340     
 Abd=   66101.36    
 Catch=   7672366.34676833     
 Abd=  1.2020585E+08
 Catch=   108418.260806412     
 Abd=   228900.2    
 Catch=   2103536.47904702     
 Abd=   8822304.    
 Catch=   4979539.80269613     
 Abd=  4.9366420E+07
 Catch=   1618815.00310396     
 Abd=   9152338.    
 Catch=   1056113.11881847     
 Abd=  1.7570480E+07
 Time step =         1979
 Catch=   18022.5081849335     
 Abd=   212249.5    
 Catch=   129203.969360576     
 Abd=   517488.5    
 Catch=   27205.3629861807     
 Abd=   66099.66    
 Catch=   7592805.41922473     
 Abd=  1.1899742E+08
 Catch=   108417.890011512     
 Abd=   228899.5    
 Catch=   2103101.80371185     
 Abd=   8820695.    
 Catch=   4945937.86868267     
 Abd=  4.9046724E+07
 Catch=   1616221.32514115     
 Abd=   9138676.    
 Catch=   1049048.11823868     
 Abd=  1.7457486E+07
 Time step =         1980
 Catch=   17809.7586777391     
 Abd=   209820.8    
 Catch=   129181.824087629     
 Abd=   517409.3    
 Catch=   27204.7365500137     
 Abd=   66098.30    
 Catch=   7518750.75690516     
 Abd=  1.1787162E+08
 Catch=   108417.589702250     
 Abd=   228898.9    
 Catch=   2102760.39483101     
 Abd=   8819422.    
 Catch=   4915168.27324624     
 Abd=  4.8753740E+07
 Catch=   1613970.64328799     
 Abd=   9126822.    
 Catch=   1042556.99234382     
 Abd=  1.7353608E+07
 Time step =         1981
 Catch=   17612.0767255913     
 Abd=   207562.6    
 Catch=   129164.095732280     
 Abd=   517346.0    
 Catch=   27204.2257330194     
 Abd=   66097.19    
 Catch=   7449712.97993331     
 Abd=  1.1682154E+08
 Catch=   108417.356449042     
 Abd=   228898.6    
 Catch=   2102490.75096228     
 Abd=   8818422.    
 Catch=   4886951.89829042     
 Abd=  4.8484916E+07
 Catch=   1612015.24030877     
 Abd=   9116510.    
 Catch=   1036585.57748477     
 Abd=  1.7257970E+07
 Time step =         1982
 Catch=   17428.1085539501     
 Abd=   205460.2    
 Catch=   129150.055876333     
 Abd=   517296.3    
 Catch=   27203.8120590082     
 Abd=   66096.26    
 Catch=   7385274.24935050     
 Abd=  1.1584067E+08
 Catch=   108417.212323043     
 Abd=   228898.3    
 Catch=   2102278.97740293     
 Abd=   8817629.    
 Catch=   4861043.67486300     
 Abd=  4.8237904E+07
 Catch=   1610312.77219124     
 Abd=   9107526.    
 Catch=   1031084.96447686     
 Abd=  1.7169824E+07
 Time step =         1983
 Catch=   17256.7501517242     
 Abd=   203500.0    
 Catch=   129138.973726838     
 Abd=   517256.7    
 Catch=   27203.4722549245     
 Abd=   66095.55    
 Catch=   7325051.41732745     
 Abd=  1.1492347E+08
 Catch=   108417.118026042     
 Abd=   228898.1    
 Catch=   2102110.53379344     
 Abd=   8817012.    
 Catch=   4837226.70341181     
 Abd=  4.8010680E+07
 Catch=   1608828.77326362     
 Abd=   9099684.    
 Catch=   1026011.02372740     
 Abd=  1.7088464E+07
 Time step =         1984
 Catch=   17096.8651071078     
 Abd=   201669.5    
 Catch=   129130.047973536     
 Abd=   517224.8    
 Catch=   27203.1919976760     
 Abd=   66094.89    
 Catch=   7268703.32545765     
 Abd=  1.1406482E+08
 Catch=   108417.039314782     
 Abd=   228898.0    
 Catch=   2101978.21652686     
 Abd=   8816514.    
 Catch=   4815302.40015530     
 Abd=  4.7801424E+07
 Catch=   1607533.16736855     
 Abd=   9092837.    
 Catch=   1021326.13758745     
 Abd=  1.7013296E+07
 Time step =         1985
 Catch=   16947.4670618894     
 Abd=   199958.2    
 Catch=   129122.927984054     
 Abd=   517199.3    
 Catch=   27202.9497355418     
 Abd=   66094.36    
 Catch=   7215925.12272711     
 Abd=  1.1326012E+08
 Catch=   108416.977543418     
 Abd=   228897.8    
 Catch=   2101873.42707463     
 Abd=   8816122.    
 Catch=   4795105.18174129     
 Abd=  4.7608532E+07
 Catch=   1606399.88106571     
 Abd=   9086842.    
 Catch=   1016994.29372198     
 Abd=  1.6943744E+07
 Time step =         1986
 Catch=   16807.6770361891     
 Abd=   198355.2    
 Catch=   129117.301751326     
 Abd=   517179.4    
 Catch=   27202.7562781266     
 Abd=   66093.95    
 Catch=   7166442.19515740     
 Abd=  1.1250534E+08
 Catch=   108416.953138878     
 Abd=   228897.8    
 Catch=   2101789.55253672     
 Abd=   8815806.    
 Catch=   4776477.58147568     
 Abd=  4.7430552E+07
 Catch=   1605408.19704809     
 Abd=   9081594.    
 Catch=   1012985.51276100     
 Abd=  1.6879364E+07
 Time step =         1987
 Catch=   16676.5603314972     
 Abd=   196849.7    
 Catch=   129112.864462094     
 Abd=   517163.5    
 Catch=   27202.6009658381     
 Abd=   66093.61    
 Catch=   7120004.81597259     
 Abd=  1.1179665E+08
 Catch=   108416.913299360     
 Abd=   228897.8    
 Catch=   2101722.72817915     
 Abd=   8815566.    
 Catch=   4759278.70487450     
 Abd=  4.7266168E+07
 Catch=   1604539.30171040     
 Abd=   9076996.    
 Catch=   1009271.18808174     
 Abd=  1.6819668E+07
 Time step =         1988
 Catch=   16553.3948302355     
 Abd=   195435.5    
 Catch=   129109.308533186     
 Abd=   517150.9    
 Catch=   27202.4719282236     
 Abd=   66093.30    
 Catch=   7076377.68028942     
 Abd=  1.1113040E+08
 Catch=   108416.899434997     
 Abd=   228897.7    
 Catch=   2101673.15091351     
 Abd=   8815384.    
 Catch=   4743389.93507295     
 Abd=  4.7114200E+07
 Catch=   1603775.92144232     
 Abd=   9072942.    
 Catch=   1005826.67321493     
 Abd=  1.6764291E+07
 Time step =         1989
 Catch=   16437.6584876214     
 Abd=   194106.3    
 Catch=   129106.505653978     
 Abd=   517140.8    
 Catch=   27202.3505039779     
 Abd=   66093.05    
 Catch=   7035352.60765477     
 Abd=  1.1050381E+08
 Catch=   108416.880526716     
 Abd=   228897.7    
 Catch=   2101632.60401869     
 Abd=   8815229.    
 Catch=   4728694.52964248     
 Abd=  4.6973636E+07
 Catch=   1603104.50622585     
 Abd=   9069386.    
 Catch=   1002629.10330245     
 Abd=  1.6712850E+07
 Time step =         1990
 Catch=   16328.8516315470     
 Abd=   192856.3    
 Catch=   129104.286222276     
 Abd=   517133.0    
 Catch=   27202.2564554877     
 Abd=   66092.80    
 Catch=   6996751.18544459     
 Abd=  1.0991395E+08
 Catch=   108416.903856565     
 Abd=   228897.8    
 Catch=   2101600.63460977     
 Abd=   8815114.    
 Catch=   4715100.31782482     
 Abd=  4.6843544E+07
 Catch=   1602514.01945921     
 Abd=   9066248.    
 Catch=   999657.932463833     
 Abd=  1.6665035E+07
 Time step =         1991
 Catch=   16226.5226376811     
 Abd=   191680.5    
 Catch=   129102.441084965     
 Abd=   517126.0    
 Catch=   27202.1672479240     
 Abd=   66092.62    
 Catch=   6960400.36351126     
 Abd=  1.0935827E+08
 Catch=   108416.876642795     
 Abd=   228897.7    
 Catch=   2101576.32316031     
 Abd=   8815022.    
 Catch=   4702509.99251083     
 Abd=  4.6722992E+07
 Catch=   1601993.07440043     
 Abd=   9063484.    
 Catch=   996895.276109227     
 Abd=  1.6620568E+07
 Time step =         1992
 Catch=   16130.2262159488     
 Abd=   190573.8    
 Catch=   129100.876608623     
 Abd=   517120.6    
 Catch=   27202.0898527496     
 Abd=   66092.45    
 Catch=   6926138.23813488     
 Abd=  1.0883421E+08
 Catch=   108416.869382788     
 Abd=   228897.6    
 Catch=   2101555.26625893     
 Abd=   8814943.    
 Catch=   4690837.64950036     
 Abd=  4.6611200E+07
 Catch=   1601533.15011355     
 Abd=   9061038.    
 Catch=   994324.810169315     
 Abd=  1.6579163E+07
 Time step =         1993
 Catch=   16039.5719978768     
 Abd=   189531.6    
 Catch=   129099.691396147     
 Abd=   517116.4    
 Catch=   27202.0369559486     
 Abd=   66092.34    
 Catch=   6893818.71828896     
 Abd=  1.0833990E+08
 Catch=   108416.864076408     
 Abd=   228897.7    
 Catch=   2101538.96745414     
 Abd=   8814880.    
 Catch=   4680013.65434297     
 Abd=  4.6507488E+07
 Catch=   1601126.41957855     
 Abd=   9058870.    
 Catch=   991930.248778508     
 Abd=  1.6540582E+07
 Time step =         1994
 Catch=   15954.1781494242     
 Abd=   188549.5    
 Catch=   129098.751098167     
 Abd=   517113.2    
 Catch=   27201.9988006036     
 Abd=   66092.27    
 Catch=   6863328.46237319     
 Abd=  1.0787337E+08
 Catch=   108416.842472251     
 Abd=   228897.6    
 Catch=   2101525.26236915     
 Abd=   8814824.    
 Catch=   4669968.55897544     
 Abd=  4.6411228E+07
 Catch=   1600766.03265734     
 Abd=   9056959.    
 Catch=   989696.912007099     
 Abd=  1.6504566E+07
 Time step =         1995
 Catch=   15873.6594830953     
 Abd=   187623.0    
 Catch=   129098.120047558     
 Abd=   517110.8    
 Catch=   27201.9596661357     
 Abd=   66092.16    
 Catch=   6834536.02788390     
 Abd=  1.0743256E+08
 Catch=   108416.797678645     
 Abd=   228897.6    
 Catch=   2101515.87246091     
 Abd=   8814811.    
 Catch=   4660638.75525823     
 Abd=  4.6321776E+07
 Catch=   1600448.41432952     
 Abd=   9055262.    
 Catch=   987613.135884894     
 Abd=  1.6470968E+07
 Time step =         1996
 Catch=   15797.7090132803     
 Abd=   186748.9    
 Catch=   129097.501241690     
 Abd=   517108.8    
 Catch=   27201.9213011871     
 Abd=   66092.07    
 Catch=   6807326.14398965     
 Abd=  1.0701591E+08
 Catch=   108416.818109583     
 Abd=   228897.6    
 Catch=   2101514.47577997     
 Abd=   8814806.    
 Catch=   4651970.12511806     
 Abd=  4.6238640E+07
 Catch=   1600165.55352566     
 Abd=   9053758.    
 Catch=   985667.743465045     
 Abd=  1.6439579E+07
 Time step =         1997
 Catch=   15725.9944821036     
 Abd=   185923.2    
 Catch=   129097.101987274     
 Abd=   517107.2    
 Catch=   27201.8826493367     
 Abd=   66091.98    
 Catch=   6781593.15174321     
 Abd=  1.0662178E+08
 Catch=   108416.829809057     
 Abd=   228897.6    
 Catch=   2101514.24742351     
 Abd=   8814810.    
 Catch=   4643913.64914232     
 Abd=  4.6161388E+07
 Catch=   1599915.85560691     
 Abd=   9052430.    
 Catch=   983849.804430664     
 Abd=  1.6410250E+07
 Time step =         1998
 Catch=   15658.2251548531     
 Abd=   185142.6    
 Catch=   129096.664287893     
 Abd=   517105.6    
 Catch=   27201.8543466098     
 Abd=   66091.91    
 Catch=   6757250.15392922     
 Abd=  1.0624878E+08
 Catch=   108416.796472535     
 Abd=   228897.5    
 Catch=   2101516.71306289     
 Abd=   8814824.    
 Catch=   4636420.75788203     
 Abd=  4.6089520E+07
 Catch=   1599693.64929408     
 Abd=   9051248.    
 Catch=   982150.084974114     
 Abd=  1.6382801E+07
 Time step =         1999
 Catch=   15594.1193934070     
 Abd=   184403.5    
 Catch=   129096.395249914     
 Abd=   517104.9    
 Catch=   27201.8296795170     
 Abd=   66091.87    
 Catch=   6734209.29088412     
 Abd=  1.0589573E+08
 Catch=   108416.818403707     
 Abd=   228897.6    
 Catch=   2101516.99691059     
 Abd=   8814821.    
 Catch=   4629448.59221234     
 Abd=  4.6022600E+07
 Catch=   1599496.37736522     
 Abd=   9050187.    
 Catch=   980559.738346831     
 Abd=  1.6357123E+07
 Time step =         2000
 Catch=   15533.4104767158     
 Abd=   183703.7    
 Catch=   129096.274497219     
 Abd=   517104.8    
 Catch=   27201.8130382891     
 Abd=   66091.84    
 Catch=   6712393.16280319     
 Abd=  1.0556128E+08
 Catch=   108416.826872207     
 Abd=   228897.5    
 Catch=   2101516.28185747     
 Abd=   8814810.    
 Catch=   4622956.04523003     
 Abd=  4.5960264E+07
 Catch=   1599319.17634032     
 Abd=   9049246.    
 Catch=   979070.555603679     
 Abd=  1.6333060E+07
 Time step =         1951
 Catch=   15475.9313464100     
 Abd=   183041.1    
 Catch=   129096.200500898     
 Abd=   517103.9    
 Catch=   27201.8063425155     
 Abd=   66091.81    
 Catch=   6691723.92254831     
 Abd=  1.0524442E+08
 Catch=   108416.806869796     
 Abd=   228897.5    
 Catch=   2101515.84375553     
 Abd=   8814820.    
 Catch=   4616904.07980881     
 Abd=  4.5902160E+07
 Catch=   1599162.10316782     
 Abd=   9048402.    
 Catch=   977674.945107958     
 Abd=  1.6310504E+07
 Time step =         1952
 Catch=   15421.5110050902     
 Abd=   182413.7    
 Catch=   129095.972779339     
 Abd=   517103.2    
 Catch=   27201.7944514272     
 Abd=   66091.80    
 Catch=   6672133.80648799     
 Abd=  1.0494395E+08
 Catch=   108416.788027263     
 Abd=   228897.5    
 Catch=   2101516.64270467     
 Abd=   8814820.    
 Catch=   4611264.14181152     
 Abd=  4.5847952E+07
 Catch=   1599021.18805135     
 Abd=   9047651.    
 Catch=   976366.208476721     
 Abd=  1.6289353E+07
 Time step =         1953
 Catch=   15369.9200803098     
 Abd=   181818.3    
 Catch=   129095.815399747     
 Abd=   517102.6    
 Catch=   27201.7817606010     
 Abd=   66091.74    
 Catch=   6653552.16348741     
 Abd=  1.0465894E+08
 Catch=   108416.821844984     
 Abd=   228897.7    
 Catch=   2101516.16611782     
 Abd=   8814818.    
 Catch=   4606001.06399998     
 Abd=  4.5797432E+07
 Catch=   1598894.93916297     
 Abd=   9046976.    
 Catch=   975139.386639548     
 Abd=  1.6269516E+07
 Time step =         1954
 Catch=   15320.9853871619     
 Abd=   181253.8    
 Catch=   129095.632067431     
 Abd=   517102.1    
 Catch=   27201.7679381029     
 Abd=   66091.73    
 Catch=   6635920.50229830     
 Abd=  1.0438843E+08
 Catch=   108416.859657538     
 Abd=   228897.6    
 Catch=   2101516.75027674     
 Abd=   8814824.    
 Catch=   4601092.44535857     
 Abd=  4.5750232E+07
 Catch=   1598782.36272005     
 Abd=   9046368.    
 Catch=   973987.283361776     
 Abd=  1.6250873E+07
 Time step =         1955
 Catch=   15274.5662075800     
 Abd=   180718.1    
 Catch=   129095.568993569     
 Abd=   517102.1    
 Catch=   27201.7545873225     
 Abd=   66091.70    
 Catch=   6619183.53914606     
 Abd=  1.0413152E+08
 Catch=   108416.848087477     
 Abd=   228897.6    
 Catch=   2101517.03656658     
 Abd=   8814821.    
 Catch=   4596509.25044071     
 Abd=  4.5706200E+07
 Catch=   1598679.97967517     
 Abd=   9045820.    
 Catch=   972904.823983908     
 Abd=  1.6233362E+07
 Time step =         1956
 Catch=   15230.5130139983     
 Abd=   180209.6    
 Catch=   129095.568401543     
 Abd=   517102.0    
 Catch=   27201.7390014307     
 Abd=   66091.66    
 Catch=   6603285.32965505     
 Abd=  1.0388748E+08
 Catch=   108416.839600158     
 Abd=   228897.6    
 Catch=   2101516.68966122     
 Abd=   8814822.    
 Catch=   4592231.63773772     
 Abd=  4.5665096E+07
 Catch=   1598588.99429618     
 Abd=   9045336.    
 Catch=   971886.987804965     
 Abd=  1.6216882E+07
 Time step =         1957
 Catch=   15188.6926863941     
 Abd=   179726.7    
 Catch=   129095.617046676     
 Abd=   517102.4    
 Catch=   27201.7344902881     
 Abd=   66091.63    
 Catch=   6588184.44386762     
 Abd=  1.0365563E+08
 Catch=   108416.839271004     
 Abd=   228897.6    
 Catch=   2101516.83007108     
 Abd=   8814822.    
 Catch=   4588235.76938859     
 Abd=  4.5626640E+07
 Catch=   1598508.29817845     
 Abd=   9044900.    
 Catch=   970930.915353781     
 Abd=  1.6201420E+07
 Time step =         1958
 Catch=   15148.9643609123     
 Abd=   179268.0    
 Catch=   129095.625086851     
 Abd=   517102.2    
 Catch=   27201.7225615223     
 Abd=   66091.61    
 Catch=   6573833.32111119     
 Abd=  1.0343530E+08
 Catch=   108416.829866548     
 Abd=   228897.7    
 Catch=   2101516.15959954     
 Abd=   8814808.    
 Catch=   4584497.53766039     
 Abd=  4.5590712E+07
 Catch=   1598434.42588560     
 Abd=   9044504.    
 Catch=   970032.232473641     
 Abd=  1.6186865E+07
 Time step =         1959
 Catch=   15111.2162377838     
 Abd=   178832.0    
 Catch=   129095.587812656     
 Abd=   517102.3    
 Catch=   27201.7101915466     
 Abd=   66091.62    
 Catch=   6560193.56601761     
 Abd=  1.0322587E+08
 Catch=   108416.855911539     
 Abd=   228897.7    
 Catch=   2101514.26861380     
 Abd=   8814798.    
 Catch=   4581008.00452669     
 Abd=  4.5557176E+07
 Catch=   1598368.19434207     
 Abd=   9044151.    
 Catch=   969185.518976487     
 Abd=  1.6173141E+07
 Time step =         1960
 Catch=   15075.3213774903     
 Abd=   178417.2    
 Catch=   129095.602448594     
 Abd=   517102.4    
 Catch=   27201.7211838380     
 Abd=   66091.62    
 Catch=   6547227.18947083     
 Abd=  1.0302671E+08
 Catch=   108416.844534447     
 Abd=   228897.6    
 Catch=   2101510.76630879     
 Abd=   8814784.    
 Catch=   4577744.65952994     
 Abd=  4.5525744E+07
 Catch=   1598308.58521232     
 Abd=   9043830.    
 Catch=   968387.751590897     
 Abd=  1.6160222E+07
 Time step =         1961
 Catch=   15041.1501306659     
 Abd=   178022.2    
 Catch=   129095.616859665     
 Abd=   517102.3    
 Catch=   27201.7192703551     
 Abd=   66091.63    
 Catch=   6534886.04330377     
 Abd=  1.0283709E+08
 Catch=   108416.807378794     
 Abd=   228897.6    
 Catch=   2101508.09800735     
 Abd=   8814772.    
 Catch=   4574686.34257535     
 Abd=  4.5496312E+07
 Catch=   1598254.07719423     
 Abd=   9043540.    
 Catch=   967636.272485412     
 Abd=  1.6148037E+07
 Time step =         1962
 Catch=   15008.6181227975     
 Abd=   177646.2    
 Catch=   129095.603420937     
 Abd=   517102.3    
 Catch=   27201.7211437653     
 Abd=   66091.66    
 Catch=   6523148.51428684     
 Abd=  1.0265678E+08
 Catch=   108416.803248829     
 Abd=   228897.5    
 Catch=   2101506.33342753     
 Abd=   8814778.    
 Catch=   4571825.15647076     
 Abd=  4.5468808E+07
 Catch=   1598205.94350875     
 Abd=   9043278.    
 Catch=   966927.610906621     
 Abd=  1.6136560E+07
 Time step =         1963
 Catch=   14977.6684814375     
 Abd=   177288.5    
 Catch=   129095.603205652     
 Abd=   517102.2    
 Catch=   27201.7234701438     
 Abd=   66091.62    
 Catch=   6511975.31578088     
 Abd=  1.0248504E+08
 Catch=   108416.834329943     
 Abd=   228897.7    
 Catch=   2101506.48478558     
 Abd=   8814767.    
 Catch=   4569149.65460784     
 Abd=  4.5443028E+07
 Catch=   1598162.08751783     
 Abd=   9043044.    
 Catch=   966258.808515211     
 Abd=  1.6125710E+07
 Time step =         1964
 Catch=   14948.1841052328     
 Abd=   176947.6    
 Catch=   129095.577586454     
 Abd=   517102.0    
 Catch=   27201.7150434945     
 Abd=   66091.62    
 Catch=   6501332.89584097     
 Abd=  1.0232146E+08
 Catch=   108416.859361859     
 Abd=   228897.7    
 Catch=   2101505.40355868     
 Abd=   8814766.    
 Catch=   4566641.08422707     
 Abd=  4.5418872E+07
 Catch=   1598122.62540824     
 Abd=   9042830.    
 Catch=   965628.105867536     
 Abd=  1.6115489E+07
 Time step =         1965
 Catch=   14920.0987494568     
 Abd=   176622.8    
 Catch=   129095.552488423     
 Abd=   517102.0    
 Catch=   27201.7215928230     
 Abd=   66091.62    
 Catch=   6491192.33828165     
 Abd=  1.0216555E+08
 Catch=   108416.905675689     
 Abd=   228897.8    
 Catch=   2101504.28338723     
 Abd=   8814758.    
 Catch=   4564291.00615579     
 Abd=  4.5396232E+07
 Catch=   1598086.74961120     
 Abd=   9042636.    
 Catch=   965034.215183582     
 Abd=  1.6105858E+07
 Time step =         1966
 Catch=   14893.3337264684     
 Abd=   176313.2    
 Catch=   129095.555885855     
 Abd=   517102.0    
 Catch=   27201.7049097033     
 Abd=   66091.59    
 Catch=   6481529.96509430     
 Abd=  1.0201704E+08
 Catch=   108416.894429823     
 Abd=   228897.7    
 Catch=   2101501.33443693     
 Abd=   8814745.    
 Catch=   4562083.83530137     
 Abd=  4.5374968E+07
 Catch=   1598054.19835976     
 Abd=   9042462.    
 Catch=   964472.477953957     
 Abd=  1.6096735E+07
 Time step =         1967
 Catch=   14867.8116775325     
 Abd=   176017.8    
 Catch=   129095.594387493     
 Abd=   517102.3    
 Catch=   27201.7059324214     
 Abd=   66091.59    
 Catch=   6472324.07996013     
 Abd=  1.0187549E+08
 Catch=   108416.871139334     
 Abd=   228897.7    
 Catch=   2101498.90322062     
 Abd=   8814736.    
 Catch=   4560014.88794276     
 Abd=  4.5355068E+07
 Catch=   1598024.88321085     
 Abd=   9042304.    
 Catch=   963941.601065389     
 Abd=  1.6088135E+07
 Time step =         1968
 Catch=   14843.4648364807     
 Abd=   175736.2    
 Catch=   129095.602501284     
 Abd=   517102.1    
 Catch=   27201.7094016035     
 Abd=   66091.59    
 Catch=   6463551.06490452     
 Abd=  1.0174048E+08
 Catch=   108416.877670836     
 Abd=   228897.7    
 Catch=   2101494.10703325     
 Abd=   8814704.    
 Catch=   4558079.58307491     
 Abd=  4.5336432E+07
 Catch=   1597997.81368639     
 Abd=   9042159.    
 Catch=   963440.667955700     
 Abd=  1.6080001E+07
 Time step =         1969
 Catch=   14820.2448639308     
 Abd=   175467.5    
 Catch=   129095.605718617     
 Abd=   517102.4    
 Catch=   27201.7112958747     
 Abd=   66091.58    
 Catch=   6455174.52476433     
 Abd=  1.0161163E+08
 Catch=   108416.851779740     
 Abd=   228897.6    
 Catch=   2101487.09825699     
 Abd=   8814691.    
 Catch=   4556263.95108654     
 Abd=  4.5318912E+07
 Catch=   1597973.61414983     
 Abd=   9042030.    
 Catch=   962966.315554408     
 Abd=  1.6072299E+07
 Time step =         1970
 Catch=   14798.0879221703     
 Abd=   175210.8    
 Catch=   129095.610235685     
 Abd=   517102.2    
 Catch=   27201.7032199593     
 Abd=   66091.59    
 Catch=   6447189.82160814     
 Abd=  1.0148885E+08
 Catch=   108416.849413191     
 Abd=   228897.6    
 Catch=   2101486.57095575     
 Abd=   8814692.    
 Catch=   4554557.27292362     
 Abd=  4.5302492E+07
 Catch=   1597952.78076231     
 Abd=   9041916.    
 Catch=   962517.696904565     
 Abd=  1.6065018E+07
 Time step =         1971
 Catch=   14776.8908413589     
 Abd=   174965.3    
 Catch=   129095.569893402     
 Abd=   517101.9    
 Catch=   27201.7143078289     
 Abd=   66091.62    
 Catch=   6439571.29642222     
 Abd=  1.0137163E+08
 Catch=   108416.806899061     
 Abd=   228897.5    
 Catch=   2101485.36193962     
 Abd=   8814680.    
 Catch=   4552957.04766115     
 Abd=  4.5287052E+07
 Catch=   1597933.02778643     
 Abd=   9041810.    
 Catch=   962093.932261512     
 Abd=  1.6058142E+07
 Time step =         1972
 Catch=   14756.6243242582     
 Abd=   174730.4    
 Catch=   129095.522544382     
 Abd=   517101.9    
 Catch=   27201.7155881748     
 Abd=   66091.61    
 Catch=   6432300.55307371     
 Abd=  1.0125978E+08
 Catch=   108416.804777071     
 Abd=   228897.6    
 Catch=   2101483.05204730     
 Abd=   8814678.    
 Catch=   4551454.71912405     
 Abd=  4.5272596E+07
 Catch=   1597914.70754385     
 Abd=   9041712.    
 Catch=   961693.023083466     
 Abd=  1.6051631E+07
 Time step =         1973
 Catch=   14737.2312187865     
 Abd=   174505.8    
 Catch=   129095.543688864     
 Abd=   517102.0    
 Catch=   27201.7098701016     
 Abd=   66091.59    
 Catch=   6425359.18898816     
 Abd=  1.0115293E+08
 Catch=   108416.833161319     
 Abd=   228897.6    
 Catch=   2101483.09692229     
 Abd=   8814678.    
 Catch=   4550042.87403599     
 Abd=  4.5258952E+07
 Catch=   1597899.16328959     
 Abd=   9041625.    
 Catch=   961313.376407794     
 Abd=  1.6045454E+07
 Time step =         1974
 Catch=   14718.6932297063     
 Abd=   174291.0    
 Catch=   129095.592133732     
 Abd=   517102.3    
 Catch=   27201.7047788800     
 Abd=   66091.60    
 Catch=   6418729.53538351     
 Abd=  1.0105085E+08
 Catch=   108416.853246449     
 Abd=   228897.7    
 Catch=   2101483.91699426     
 Abd=   8814683.    
 Catch=   4548713.16109034     
 Abd=  4.5246144E+07
 Catch=   1597883.14290990     
 Abd=   9041539.    
 Catch=   960953.827598802     
 Abd=  1.6039633E+07
 Time step =         1975
 Catch=   14700.9687828045     
 Abd=   174085.6    
 Catch=   129095.587579142     
 Abd=   517101.9    
 Catch=   27201.7093812375     
 Abd=   66091.61    
 Catch=   6412395.96390780     
 Abd=  1.0095342E+08
 Catch=   108416.859277607     
 Abd=   228897.7    
 Catch=   2101483.91670451     
 Abd=   8814676.    
 Catch=   4547464.82408936     
 Abd=  4.5234088E+07
 Catch=   1597869.12928681     
 Abd=   9041463.    
 Catch=   960614.455684479     
 Abd=  1.6034111E+07
 Time step =         1976
 Catch=   14684.0176122578     
 Abd=   173889.2    
 Catch=   129095.584214994     
 Abd=   517102.3    
 Catch=   27201.7094290135     
 Abd=   66091.62    
 Catch=   6406351.24933922     
 Abd=  1.0086037E+08
 Catch=   108416.861978753     
 Abd=   228897.7    
 Catch=   2101482.26848981     
 Abd=   8814676.    
 Catch=   4546290.77251084     
 Abd=  4.5222756E+07
 Catch=   1597855.79750281     
 Abd=   9041386.    
 Catch=   960291.954528707     
 Abd=  1.6028864E+07
 Time step =         1977
 Catch=   14667.8022073189     
 Abd=   173701.4    
 Catch=   129095.593285567     
 Abd=   517102.2    
 Catch=   27201.7104296788     
 Abd=   66091.58    
 Catch=   6400577.42743546     
 Abd=  1.0077148E+08
 Catch=   108416.863285628     
 Abd=   228897.7    
 Catch=   2101483.35146324     
 Abd=   8814683.    
 Catch=   4545186.80318457     
 Abd=  4.5212120E+07
 Catch=   1597842.98037792     
 Abd=   9041317.    
 Catch=   959986.639579457     
 Abd=  1.6023906E+07
 Time step =         1978
 Catch=   14652.3090325726     
 Abd=   173523.0    
 Catch=   129095.598585813     
 Abd=   517102.2    
 Catch=   27201.6994629827     
 Abd=   66091.57    
 Catch=   6395060.36960088     
 Abd=  1.0068658E+08
 Catch=   108416.866080910     
 Abd=   228897.6    
 Catch=   2101483.38677757     
 Abd=   8814678.    
 Catch=   4544148.72667831     
 Abd=  4.5202100E+07
 Catch=   1597831.09920212     
 Abd=   9041262.    
 Catch=   959696.358643366     
 Abd=  1.6019187E+07
 Time step =         1979
 Catch=   14637.5723555454     
 Abd=   173352.1    
 Catch=   129095.577184371     
 Abd=   517102.1    
 Catch=   27201.6912710067     
 Abd=   66091.56    
 Catch=   6389789.38980127     
 Abd=  1.0060537E+08
 Catch=   108416.846246789     
 Abd=   228897.6    
 Catch=   2101482.58437038     
 Abd=   8814673.    
 Catch=   4543173.25414640     
 Abd=  4.5192708E+07
 Catch=   1597822.33165549     
 Abd=   9041212.    
 Catch=   959422.022325406     
 Abd=  1.6014720E+07
 Time step =         1980
 Catch=   14623.4798409003     
 Abd=   173188.9    
 Catch=   129095.592125710     
 Abd=   517102.3    
 Catch=   27201.6983378093     
 Abd=   66091.57    
 Catch=   6384748.10198178     
 Abd=  1.0052773E+08
 Catch=   108416.862496813     
 Abd=   228897.7    
 Catch=   2101482.25606592     
 Abd=   8814674.    
 Catch=   4542256.44130980     
 Abd=  4.5183848E+07
 Catch=   1597814.47038435     
 Abd=   9041176.    
 Catch=   959161.147444683     
 Abd=  1.6010488E+07
 Time step =         1981
 Catch=   14609.9938274244     
 Abd=   173032.5    
 Catch=   129095.609129463     
 Abd=   517102.3    
 Catch=   27201.6928422648     
 Abd=   66091.56    
 Catch=   6379926.08235779     
 Abd=  1.0045342E+08
 Catch=   108416.894815812     
 Abd=   228897.8    
 Catch=   2101483.25051960     
 Abd=   8814682.    
 Catch=   4541389.42394339     
 Abd=  4.5175472E+07
 Catch=   1597808.51505794     
 Abd=   9041132.    
 Catch=   958913.838892544     
 Abd=  1.6006460E+07
 Time step =         1982
 Catch=   14597.0532365341     
 Abd=   172882.1    
 Catch=   129095.587913858     
 Abd=   517102.0    
 Catch=   27201.6930317798     
 Abd=   66091.54    
 Catch=   6375313.72992900     
 Abd=  1.0038241E+08
 Catch=   108416.913242716     
 Abd=   228897.8    
 Catch=   2101484.48257979     
 Abd=   8814676.    
 Catch=   4540573.95434575     
 Abd=  4.5167600E+07
 Catch=   1597799.92770833     
 Abd=   9041084.    
 Catch=   958678.762757806     
 Abd=  1.6002646E+07
 Time step =         1983
 Catch=   14584.6103325430     
 Abd=   172737.9    
 Catch=   129095.596173512     
 Abd=   517102.4    
 Catch=   27201.6952968074     
 Abd=   66091.56    
 Catch=   6370904.35681490     
 Abd=  1.0031454E+08
 Catch=   108416.907360505     
 Abd=   228897.7    
 Catch=   2101483.54879132     
 Abd=   8814683.    
 Catch=   4539806.48786434     
 Abd=  4.5160188E+07
 Catch=   1597790.77099361     
 Abd=   9041036.    
 Catch=   958456.766830261     
 Abd=  1.5999034E+07
 Time step =         1984
 Catch=   14572.6925819358     
 Abd=   172599.5    
 Catch=   129095.620249918     
 Abd=   517102.3    
 Catch=   27201.6904070077     
 Abd=   66091.55    
 Catch=   6366685.37345896     
 Abd=  1.0024946E+08
 Catch=   108416.855303064     
 Abd=   228897.7    
 Catch=   2101484.13065435     
 Abd=   8814674.    
 Catch=   4539083.13583152     
 Abd=  4.5153192E+07
 Catch=   1597785.14487656     
 Abd=   9041026.    
 Catch=   958245.750835280     
 Abd=  1.5995600E+07
 Time step =         1985
 Catch=   14561.2575197635     
 Abd=   172467.0    
 Catch=   129095.615806650     
 Abd=   517102.2    
 Catch=   27201.6888969262     
 Abd=   66091.56    
 Catch=   6362647.49062622     
 Abd=  1.0018723E+08
 Catch=   108416.888484893     
 Abd=   228897.7    
 Catch=   2101481.50602055     
 Abd=   8814670.    
 Catch=   4538399.13551531     
 Abd=  4.5146608E+07
 Catch=   1597783.55425644     
 Abd=   9041009.    
 Catch=   958044.879275871     
 Abd=  1.5992333E+07
 Time step =         1986
 Catch=   14550.3077640606     
 Abd=   172339.8    
 Catch=   129095.593722226     
 Abd=   517102.1    
 Catch=   27201.7016283412     
 Abd=   66091.57    
 Catch=   6358779.72177126     
 Abd=  1.0012768E+08
 Catch=   108416.893439922     
 Abd=   228897.8    
 Catch=   2101480.94304405     
 Abd=   8814668.    
 Catch=   4537755.60078064     
 Abd=  4.5140376E+07
 Catch=   1597780.55872495     
 Abd=   9040982.    
 Catch=   957854.083396117     
 Abd=  1.5989220E+07
 Time step =         1987
 Catch=   14539.7679682947     
 Abd=   172217.3    
 Catch=   129095.582230632     
 Abd=   517102.1    
 Catch=   27201.6996775353     
 Abd=   66091.59    
 Catch=   6355079.42518659     
 Abd=  1.0007068E+08
 Catch=   108416.924463987     
 Abd=   228897.8    
 Catch=   2101481.14847980     
 Abd=   8814669.    
 Catch=   4537148.59367069     
 Abd=  4.5134512E+07
 Catch=   1597774.74663016     
 Abd=   9040950.    
 Catch=   957672.162762027     
 Abd=  1.5986259E+07
 Time step =         1988
 Catch=   14529.6394069258     
 Abd=   172099.9    
 Catch=   129095.602487512     
 Abd=   517102.4    
 Catch=   27201.6994502397     
 Abd=   66091.56    
 Catch=   6351541.74693826     
 Abd=  1.0001614E+08
 Catch=   108416.913607371     
 Abd=   228897.7    
 Catch=   2101481.25171060     
 Abd=   8814669.    
 Catch=   4536573.82191225     
 Abd=  4.5128948E+07
 Catch=   1597769.78137909     
 Abd=   9040926.    
 Catch=   957500.008822750     
 Abd=  1.5983462E+07
 Time step =         1989
 Catch=   14519.9419348547     
 Abd=   171987.4    
 Catch=   129095.580710281     
 Abd=   517102.0    
 Catch=   27201.7033063179     
 Abd=   66091.58    
 Catch=   6348151.96626609     
 Abd=  9.9963912E+07
 Catch=   108416.897776861     
 Abd=   228897.7    
 Catch=   2101481.38422148     
 Abd=   8814669.    
 Catch=   4536030.29293088     
 Abd=  4.5123700E+07
 Catch=   1597763.41440896     
 Abd=   9040880.    
 Catch=   957335.251507923     
 Abd=  1.5980779E+07
 Time step =         1990
 Catch=   14510.6588213712     
 Abd=   171879.9    
 Catch=   129095.597025249     
 Abd=   517102.4    
 Catch=   27201.6938636699     
 Abd=   66091.56    
 Catch=   6344900.64792406     
 Abd=  9.9913688E+07
 Catch=   108416.882868436     
 Abd=   228897.7    
 Catch=   2101482.72880806     
 Abd=   8814673.    
 Catch=   4535518.51305505     
 Abd=  4.5118752E+07
 Catch=   1597755.61732359     
 Abd=   9040838.    
 Catch=   957178.947841531     
 Abd=  1.5978230E+07
 Time step =         1991
 Catch=   14501.7700712695     
 Abd=   171776.8    
 Catch=   129095.614749315     
 Abd=   517102.3    
 Catch=   27201.6944600862     
 Abd=   66091.57    
 Catch=   6341778.14477797     
 Abd=  9.9865616E+07
 Catch=   108416.877534401     
 Abd=   228897.7    
 Catch=   2101484.30267118     
 Abd=   8814686.    
 Catch=   4535036.63345488     
 Abd=  4.5114120E+07
 Catch=   1597750.67730042     
 Abd=   9040821.    
 Catch=   957030.099174033     
 Abd=  1.5975797E+07
 Time step =         1992
 Catch=   14493.2613516933     
 Abd=   171678.1    
 Catch=   129095.613272060     
 Abd=   517102.3    
 Catch=   27201.6985304864     
 Abd=   66091.57    
 Catch=   6338796.80112103     
 Abd=  9.9819640E+07
 Catch=   108416.906725606     
 Abd=   228897.8    
 Catch=   2101483.70382415     
 Abd=   8814670.    
 Catch=   4534582.59174153     
 Abd=  4.5109696E+07
 Catch=   1597748.89024946     
 Abd=   9040816.    
 Catch=   956887.969821491     
 Abd=  1.5973510E+07
 Time step =         1993
 Catch=   14485.1021446480     
 Abd=   171583.5    
 Catch=   129095.601226178     
 Abd=   517102.3    
 Catch=   27201.6946751700     
 Abd=   66091.56    
 Catch=   6335939.87318624     
 Abd=  9.9775680E+07
 Catch=   108416.879212321     
 Abd=   228897.7    
 Catch=   2101481.68924367     
 Abd=   8814671.    
 Catch=   4534152.11819032     
 Abd=  4.5105544E+07
 Catch=   1597747.60743236     
 Abd=   9040800.    
 Catch=   956754.122384704     
 Abd=  1.5971322E+07
 Time step =         1994
 Catch=   14477.2719521264     
 Abd=   171492.6    
 Catch=   129095.589984212     
 Abd=   517102.1    
 Catch=   27201.6925506163     
 Abd=   66091.55    
 Catch=   6333199.32232567     
 Abd=  9.9733320E+07
 Catch=   108416.886108594     
 Abd=   228897.7    
 Catch=   2101480.90629800     
 Abd=   8814671.    
 Catch=   4533743.40060398     
 Abd=  4.5101592E+07
 Catch=   1597743.64684544     
 Abd=   9040776.    
