
Due to MODULEPATH changes, the following have been reloaded:
  1) mii/1.1.2

The following have been reloaded with a version change:
  1) StdEnv/2023 => StdEnv/2020
  2) flexiblas/3.3.1 => flexiblas/3.0.4
  3) gcc/12.3 => gcc/9.3.0
  4) gcccore/.12.3 => gcccore/.9.3.0
  5) gentoo/2023 => gentoo/2020
  6) libfabric/1.18.0 => libfabric/1.10.1
  7) openmpi/4.1.5 => openmpi/4.0.3
  8) ucx/1.14.1 => ucx/1.8.0

here() starts at /project/6006523/jepa/tipping_points
here() starts at /project/6006523/jepa/tipping_points

 *** caught segfault ***
address (nil), cause 'memory not mapped'

Traceback:
 1: ncatt_put_inner(nc$id, -1, attname, attval, prec = prec, verbose = verbose,     definemode = definemode)
 2: ncatt_put(nc, 0, "SSP", dbem_settings$V2[dbem_settings$V1 ==     "SSP"])
 3: create_dbem_nc(sp = sp, dbem_var = dbem_var, txt_files = txt_files,     dbem_settings = dbem_settings, dbem_grid = dbem_grid)
An irrecoverable exception occurred. R is aborting now ...
/localscratch/spool/slurmd/job53219792/slurm_script: line 70: 1212845 Segmentation fault      Rscript ../aggregate_dbem/dbem_out_netcdf.R
