Extracting environmental data
Environmental data extracted
Current working directory is /project/6006523/jepa/tipping_points/scripts/run_dbem
Starting run at:Fri 19 Jun 2026 10:58:07 AM PDT
“Starting task: 10”
 SppListRoot: 
 ~/projects/def-wailung/Data/Species/TaxonList/tipping_point/                   
                                                                                
                                                                                
                    
 Species list: 10  
 TipmipSppPel10.txt  
 Initializing, loading files...
          40
 690005    
 /localscratch/jepa.45097128.0/tipmip_pel_h/690005                              
  
 Read Parameters...
 Running Taxon A_japonicus         
 ~/projects/def-wailung/Data/Species/Distributions/S690005.csv                  
                                          
  3.374941797418262E-007
 Thread           0  starting...
 603810    
 /localscratch/jepa.45097128.0/tipmip_pel_h/603810                              
  
 Read Parameters...
 Running Taxon A_denticulatus      
 ~/projects/def-wailung/Data/Species/Distributions/S603810.csv                  
                                          
  2.879859004960573E-007
 Thread           0  starting...
 600094    
 /localscratch/jepa.45097128.0/tipmip_pel_h/600094                              
  
 Read Parameters...
 Running Taxon A_thazard           
 ~/projects/def-wailung/Data/Species/Distributions/S600094.csv                  
                                          
  3.220250606772445E-007
 Thread           0  starting...
 601589    
 /localscratch/jepa.45097128.0/tipmip_pel_h/601589                              
  
 Read Parameters...
 Running Taxon B_patronus          
 ~/projects/def-wailung/Data/Species/Distributions/S601589.csv                  
                                          
  2.569589441669962E-007
 Thread           0  starting...
 601592    
 /localscratch/jepa.45097128.0/tipmip_pel_h/601592                              
  
 Read Parameters...
 Running Taxon B_tyrannus          
 ~/projects/def-wailung/Data/Species/Distributions/S601592.csv                  
                                          
  4.271707693748184E-007
 Thread           0  starting...
 614129    
 /localscratch/jepa.45097128.0/tipmip_pel_h/614129                              
  
 Read Parameters...
 Running Taxon C_affinis           
 ~/projects/def-wailung/Data/Species/Distributions/S614129.csv                  
                                          
  2.081160045825924E-007
 Thread           0  starting...
 600548    
 /localscratch/jepa.45097128.0/tipmip_pel_h/600548                              
  
 Read Parameters...
 Running Taxon C_mysticetus        
 ~/projects/def-wailung/Data/Species/Distributions/S600548.csv                  
                                          
  4.696557523811150E-007
 Thread           0  starting...
 600474    
 /localscratch/jepa.45097128.0/tipmip_pel_h/600474                              
  
 Read Parameters...
 Running Taxon C_gunnari           
 ~/projects/def-wailung/Data/Species/Distributions/S600474.csv                  
                                          
  1.393893270514590E-007
 Thread           0  starting...
 600024    
 /localscratch/jepa.45097128.0/tipmip_pel_h/600024                              
  
 Read Parameters...
 Running Taxon C_harengus          
 ~/projects/def-wailung/Data/Species/Distributions/S600024.csv                  
                                          
  3.271803377997707E-007
 Thread           0  starting...
 601520    
 /localscratch/jepa.45097128.0/tipmip_pel_h/601520                              
  
 Read Parameters...
 Running Taxon C_pallasii          
 ~/projects/def-wailung/Data/Species/Distributions/S601520.csv                  
                                          
  2.696193046459739E-007
 Thread           0  starting...
 601470    
 /localscratch/jepa.45097128.0/tipmip_pel_h/601470                              
  
 Read Parameters...
 Running Taxon C_cultriventris     
 ~/projects/def-wailung/Data/Species/Distributions/S601470.csv                  
                                          
  5.688817436133585E-008
 Thread           0  starting...
 600303    
 /localscratch/jepa.45097128.0/tipmip_pel_h/600303                              
  
 Read Parameters...
 Running Taxon C_saira             
 ~/projects/def-wailung/Data/Species/Distributions/S600303.csv                  
                                          
  2.071593933568040E-007
 Thread           0  starting...
 600006    
 /localscratch/jepa.45097128.0/tipmip_pel_h/600006                              
  
 Read Parameters...
 Running Taxon C_hippurus          
 ~/projects/def-wailung/Data/Species/Distributions/S600006.csv                  
                                          
  3.198361658593995E-007
 Thread           0  starting...
 600374    
 /localscratch/jepa.45097128.0/tipmip_pel_h/600374                              
  
 Read Parameters...
 Running Taxon D_russelli          
 ~/projects/def-wailung/Data/Species/Distributions/S600374.csv                  
                                          
  2.938650390280629E-007
 Thread           0  starting...
 607039    
 /localscratch/jepa.45097128.0/tipmip_pel_h/607039                              
  
 Read Parameters...
 Running Taxon D_mawsoni           
 ~/projects/def-wailung/Data/Species/Distributions/S607039.csv                  
                                          
  1.901661730213389E-007
 Thread           0  starting...
 690296    
 /localscratch/jepa.45097128.0/tipmip_pel_h/690296                              
  
 Read Parameters...
 Running Taxon L_gahi              
 ~/projects/def-wailung/Data/Species/Distributions/S690296.csv                  
                                          
  2.647697224293920E-007
