cp: cannot stat '/home/jepa/projects/def-wailung/Data/Climate/tipping_point/pi_spinup/EPI/TIPMIP_PI/SST_TIPMIP_PI_y.nc': No such file or directory
cp: cannot stat '/home/jepa/projects/def-wailung/Data/Climate/tipping_point/pi_spinup/EPI/TIPMIP_PI/bot_temp_TIPMIP_PI_y.nc': No such file or directory
cp: cannot stat '/home/jepa/projects/def-wailung/Data/Climate/tipping_point/pi_spinup/EPI/TIPMIP_PI/AdvectionU_TIPMIP_PI_y.nc': No such file or directory
cp: cannot stat '/home/jepa/projects/def-wailung/Data/Climate/tipping_point/pi_spinup/EPI/TIPMIP_PI/AdvectionV_TIPMIP_PI_y.nc': No such file or directory
cp: cannot stat '/home/jepa/projects/def-wailung/Data/Climate/tipping_point/pi_spinup/EPI/TIPMIP_PI/htotal_btm_TIPMIP_PI_y.nc': No such file or directory
cp: cannot stat '/home/jepa/projects/def-wailung/Data/Climate/tipping_point/pi_spinup/EPI/TIPMIP_PI/htotal_surf_TIPMIP_PI_y.nc': No such file or directory
cp: cannot stat '/home/jepa/projects/def-wailung/Data/Climate/tipping_point/pi_spinup/EPI/TIPMIP_PI/O2_btm_TIPMIP_PI_y.nc': No such file or directory
cp: cannot stat '/home/jepa/projects/def-wailung/Data/Climate/tipping_point/pi_spinup/EPI/TIPMIP_PI/O2_surf_TIPMIP_PI_y.nc': No such file or directory
cp: cannot stat '/home/jepa/projects/def-wailung/Data/Climate/tipping_point/pi_spinup/EPI/TIPMIP_PI/Salinity_btm_TIPMIP_PI_y.nc': No such file or directory
cp: cannot stat '/home/jepa/projects/def-wailung/Data/Climate/tipping_point/pi_spinup/EPI/TIPMIP_PI/Salinity_surf_TIPMIP_PI_y.nc': No such file or directory
cp: cannot stat '/home/jepa/projects/def-wailung/Data/Climate/tipping_point/pi_spinup/EPI/TIPMIP_PI/IceExt_TIPMIP_PI_y.nc': No such file or directory
cp: cannot stat '/home/jepa/projects/def-wailung/Data/Climate/tipping_point/pi_spinup/EPI/TIPMIP_PI/totalphy2_TIPMIP_PI_y.nc': No such file or directory
forrtl: No such file or directory
forrtl: severe (29): file not found, unit 1, file /home/jepa/projects/def-wailung/Data/Species/TaxonList/tipping_point/TestSppList10.txt
Image              PC                Routine            Line        Source             
DBEM_v3_y          000000000044322C  for_open              Unknown  Unknown
DBEM_v3_y          000000000042ACD1  Unknown               Unknown  Unknown
DBEM_v3_y          0000000000410A0C  Unknown               Unknown  Unknown
DBEM_v3_y          000000000040B40D  Unknown               Unknown  Unknown
libc.so.6          000015201544E94A  Unknown               Unknown  Unknown
libc.so.6          000015201544EA05  __libc_start_main     Unknown  Unknown
DBEM_v3_y          000000000040B321  Unknown               Unknown  Unknown
tar: tipmip_pel_pt: Cannot stat: No such file or directory
tar: Exiting with failure status due to previous errors

Due to MODULEPATH changes, the following have been reloaded:
  1) mii/1.1.2

The following have been reloaded with a version change:
  1) StdEnv/2023 => StdEnv/2020
  2) flexiblas/3.3.1 => flexiblas/3.0.4
  3) gcc/12.3 => gcc/9.3.0
  4) gcccore/.12.3 => gcccore/.9.3.0
  5) gentoo/2023 => gentoo/2020
  6) libfabric/1.18.0 => libfabric/1.10.1
  7) openmpi/4.1.5 => openmpi/4.0.3
  8) ucx/1.14.1 => ucx/1.8.0

here() starts at /project/6006523/jepa/tipping_points
here() starts at /project/6006523/jepa/tipping_points
