Extracting environmental data
Environmental data extracted
Current working directory is /project/6006523/jepa/tipping_points/scripts/run_dbem
Starting run at:Fri 26 Jun 2026 03:33:03 AM PDT
“Starting task: 10”
 SppListRoot: 
 ~/projects/def-wailung/Data/Species/TaxonList/tipping_point/                   
                                                                                
                                                                                
                    
 Species list: 10  
 TipmipSppMes10.txt  
 Initializing, loading files...
           1
 610238    
 /localscratch/jepa.45908796.0/tipmip_mes_c0/610238                             
  
 Read Parameters...
 Running Taxon B_pterotum          
 ~/projects/def-wailung/Data/Species/Distributions/S610238.csv                  
                                          
  3.710343132585779E-007
 Thread           0  starting...
 Time step =         1811
 Catch=   753057.772212979     
 Abd=   222744.7    
 Time step =         1812
 Catch=   283366.344601670     
 Abd=   184820.1    
 Time step =         1813
 Catch=   258504.278050546     
 Abd=   178207.5    
 Time step =         1814
 Catch=   253735.633179350     
 Abd=   176811.2    
 Time step =         1815
 Catch=   252706.147165842     
 Abd=   176502.2    
 Time step =         1816
 Catch=   252476.554143265     
 Abd=   176432.6    
 Time step =         1817
 Catch=   252424.612260623     
 Abd=   176416.8    
 Time step =         1818
 Catch=   252412.690078070     
 Abd=   176413.1    
 Time step =         1819
 Catch=   252409.861203698     
 Abd=   176412.1    
 Time step =         1820
 Catch=   252409.184787051     
 Abd=   176411.9    
 Time step =         1821
 Catch=   252409.088439634     
 Abd=   176412.0    
 Time step =         1822
 Catch=   252409.133435191     
 Abd=   176412.0    
 Time step =         1823
 Catch=   252409.125224718     
 Abd=   176411.9    
 Time step =         1824
 Catch=   252409.087117169     
 Abd=   176411.9    
 Time step =         1825
 Catch=   252409.007315804     
 Abd=   176411.9    
 Time step =         1826
 Catch=   252409.064248868     
 Abd=   176411.9    
 Time step =         1827
 Catch=   252409.057357451     
 Abd=   176411.9    
 Time step =         1828
 Catch=   252408.991766493     
 Abd=   176411.8    
 Time step =         1829
 Catch=   252409.002775520     
 Abd=   176411.9    
 Time step =         1830
 Catch=   252408.976242794     
 Abd=   176411.8    
 Time step =         1831
 Catch=   252408.973454523     
 Abd=   176411.9    
 Time step =         1832
 Catch=   252409.015373952     
 Abd=   176411.9    
 Time step =         1833
 Catch=   252409.030907258     
 Abd=   176411.9    
 Time step =         1834
 Catch=   252409.088012519     
 Abd=   176411.9    
 Time step =         1835
 Catch=   252409.118648081     
 Abd=   176411.9    
 Time step =         1836
 Catch=   252409.104964152     
 Abd=   176411.9    
 Time step =         1837
 Catch=   252409.071896693     
 Abd=   176411.9    
 Time step =         1838
 Catch=   252409.066890247     
 Abd=   176411.9    
 Time step =         1839
 Catch=   252409.076545186     
 Abd=   176411.9    
 Time step =         1840
 Catch=   252409.084606423     
 Abd=   176411.9    
 Time step =         1841
 Catch=   252408.999506968     
 Abd=   176411.9    
 Time step =         1842
 Catch=   252409.018939019     
 Abd=   176411.9    
 Time step =         1843
 Catch=   252409.009427955     
 Abd=   176411.9    
 Time step =         1844
 Catch=   252409.040777941     
 Abd=   176411.9    
 Time step =         1845
 Catch=   252409.062410888     
 Abd=   176411.9    
 Time step =         1846
 Catch=   252409.048589851     
 Abd=   176411.9    
 Time step =         1847
 Catch=   252409.030909024     
 Abd=   176411.8    
 Time step =         1848
 Catch=   252409.024104934     
 Abd=   176411.9    
 Time step =         1849
 Catch=   252409.078839870     
 Abd=   176411.9    
 Time step =         1850
 Catch=   252409.050182058     
 Abd=   176411.9    
 Time step =         1851
 Catch=   252409.021820331     
 Abd=   176411.8    
 Time step =         1852
 Catch=   252408.992117984     
 Abd=   176411.9    
 Time step =         1853
 Catch=   252409.040425697     
 Abd=   176411.9    
 Time step =         1854
 Catch=   252409.029591042     
 Abd=   176411.8    
 Time step =         1855
 Catch=   252409.013864156     
 Abd=   176411.9    
 Time step =         1856
 Catch=   252409.038267431     
 Abd=   176411.9    
 Time step =         1857
 Catch=   252408.983725576     
 Abd=   176411.8    
 Time step =         1858
 Catch=   252408.919627101     
 Abd=   176411.8    
 Time step =         1859
 Catch=   252408.939441226     
 Abd=   176411.9    
 Time step =         1860
 Catch=   252409.075580713     
 Abd=   176411.9    
 Time step =         1811
 Catch=   252409.038762518     
 Abd=   176411.9    
 Time step =         1812
 Catch=   252408.970989795     
 Abd=   176411.8    
 Time step =         1813
 Catch=   252408.902851320     
 Abd=   176411.8    
 Time step =         1814
 Catch=   252408.972877255     
 Abd=   176411.9    
 Time step =         1815
 Catch=   252408.983273814     
 Abd=   176411.8    
 Time step =         1816
 Catch=   252408.976118104     
 Abd=   176411.8    
 Time step =         1817
 Catch=   252408.996351479     
 Abd=   176411.8    
 Time step =         1818
 Catch=   252408.947210541     
 Abd=   176411.9    
 Time step =         1819
 Catch=   252408.991795951     
 Abd=   176411.9    
 Time step =         1820
 Catch=   252408.949308848     
 Abd=   176411.8    
 Time step =         1821
 Catch=   252409.004512716     
 Abd=   176411.9    
 Time step =         1822
 Catch=   252409.022231692     
 Abd=   176411.9    
 Time step =         1823
 Catch=   252409.025562386     
 Abd=   176411.9    
 Time step =         1824
 Catch=   252409.076016018     
 Abd=   176411.9    
 Time step =         1825
 Catch=   252409.082392774     
 Abd=   176411.9    
 Time step =         1826
 Catch=   252409.027539673     
 Abd=   176411.9    
 Time step =         1827
 Catch=   252409.009735999     
 Abd=   176411.8    
 Time step =         1828
 Catch=   252408.906705374     
 Abd=   176411.8    
 Time step =         1829
 Catch=   252408.928182058     
 Abd=   176411.8    
 Time step =         1830
 Catch=   252408.921535218     
 Abd=   176411.8    
 Time step =         1831
 Catch=   252408.940974353     
 Abd=   176411.8    
 Time step =         1832
 Catch=   252408.956627559     
 Abd=   176411.8    
 Time step =         1833
 Catch=   252408.966196598     
 Abd=   176411.8    
 Time step =         1834
 Catch=   252408.970623024     
 Abd=   176411.8    
 Time step =         1835
 Catch=   252408.892031013     
 Abd=   176411.8    
 Time step =         1836
 Catch=   252408.981404244     
 Abd=   176411.8    
 Time step =         1837
 Catch=   252408.990869479     
 Abd=   176411.9    
 Time step =         1838
 Catch=   252409.064166293     
 Abd=   176411.9    
 Time step =         1839
 Catch=   252409.021074172     
 Abd=   176411.8    
 Time step =         1840
 Catch=   252408.964648109     
 Abd=   176411.9    
 Time step =         1841
 Catch=   252409.032178908     
 Abd=   176411.8    
 Time step =         1842
 Catch=   252408.924349768     
 Abd=   176411.8    
 Time step =         1843
 Catch=   252408.923608888     
 Abd=   176411.8    
 Time step =         1844
 Catch=   252408.973305265     
 Abd=   176411.9    
 Time step =         1845
 Catch=   252408.980340240     
 Abd=   176411.8    
 Time step =         1846
 Catch=   252408.977451235     
 Abd=   176411.8    
 Time step =         1847
 Catch=   252408.924422255     
 Abd=   176411.8    
 Time step =         1848
 Catch=   252408.933549349     
 Abd=   176411.9    
 Time step =         1849
 Catch=   252408.990979324     
 Abd=   176411.9    
 Time step =         1850
 Catch=   252409.000017663     
 Abd=   176411.9    
 Time step =         1851
 Catch=   252408.951836888     
 Abd=   176411.8    
 Time step =         1852
 Catch=   252408.992295955     
 Abd=   176411.9    
 Time step =         1853
 Catch=   252408.985245342     
 Abd=   176411.9    
 Time step =         1854
 Catch=   252408.999884855     
 Abd=   176411.9    
 Time step =         1855
 Catch=   252409.003200528     
 Abd=   176411.8    
 Time step =         1856
 Catch=   252408.905937685     
 Abd=   176411.8    
 Time step =         1857
 Catch=   252408.922102866     
 Abd=   176411.9    
 Time step =         1858
 Catch=   252408.988702591     
 Abd=   176411.9    
 Time step =         1859
 Catch=   252408.986272479     
 Abd=   176411.8    
 Time step =         1860
 Catch=   252408.988564213     
 Abd=   176411.9    
 Time step =         1811
 Catch=   252409.034631726     
 Abd=   176411.9    
 Time step =         1812
 Catch=   252409.068287329     
 Abd=   176411.9    
 Time step =         1813
 Catch=   252409.073044403     
 Abd=   176411.9    
 Time step =         1814
 Catch=   252409.083459191     
 Abd=   176411.9    
 Time step =         1815
 Catch=   252409.078825351     
 Abd=   176411.9    
 Time step =         1816
 Catch=   252409.040934805     
 Abd=   176411.9    
 Time step =         1817
 Catch=   252409.044319465     
 Abd=   176411.8    
 Time step =         1818
 Catch=   252408.973034490     
 Abd=   176411.9    
 Time step =         1819
 Catch=   252409.011794364     
 Abd=   176411.8    
 Time step =         1820
 Catch=   252408.952337806     
 Abd=   176411.8    
 Time step =         1821
 Catch=   252408.903126595     
 Abd=   176411.8    
 Time step =         1822
 Catch=   252408.985064896     
 Abd=   176411.9    
 Time step =         1823
 Catch=   252409.014972023     
 Abd=   176411.8    
 Time step =         1824
 Catch=   252408.974252905     
 Abd=   176411.8    
 Time step =         1825
 Catch=   252408.955918243     
 Abd=   176411.9    
 Time step =         1826
 Catch=   252408.996678863     
 Abd=   176411.9    
 Time step =         1827
 Catch=   252408.984762106     
 Abd=   176411.9    
 Time step =         1828
 Catch=   252408.932236836     
 Abd=   176411.8    
 Time step =         1829
 Catch=   252408.963802682     
 Abd=   176411.9    
 Time step =         1830
 Catch=   252409.030310496     
 Abd=   176411.9    
 Time step =         1831
 Catch=   252409.043493801     
 Abd=   176412.0    
 Time step =         1832
 Catch=   252409.071238381     
 Abd=   176411.9    
 Time step =         1833
 Catch=   252409.001805057     
 Abd=   176411.9    
 Time step =         1834
 Catch=   252409.048765374     
 Abd=   176411.9    
 Time step =         1835
 Catch=   252409.024124364     
 Abd=   176411.9    
 Time step =         1836
 Catch=   252409.027744325     
 Abd=   176411.9    
 Time step =         1837
 Catch=   252409.077287827     
 Abd=   176411.9    
 Time step =         1838
 Catch=   252409.076170445     
 Abd=   176411.9    
 Time step =         1839
 Catch=   252409.042476590     
 Abd=   176411.9    
 Time step =         1840
 Catch=   252408.989429227     
 Abd=   176411.9    
 Time step =         1841
 Catch=   252409.053662514     
 Abd=   176411.9    
 Time step =         1842
 Catch=   252409.030336992     
 Abd=   176411.9    
 Time step =         1843
 Catch=   252409.047305014     
 Abd=   176411.9    
 Time step =         1844
 Catch=   252409.101948832     
 Abd=   176411.9    
 Time step =         1845
 Catch=   252409.035276136     
 Abd=   176411.9    
 Time step =         1846
 Catch=   252409.082841526     
 Abd=   176411.9    
 Time step =         1847
 Catch=   252409.100581132     
 Abd=   176411.9    
 Time step =         1848
 Catch=   252409.086505237     
 Abd=   176411.9    
 Time step =         1849
 Catch=   252409.007262148     
 Abd=   176411.9    
 Time step =         1850
 Catch=   252409.030492185     
 Abd=   176411.9    
 Time step =         1851
 Catch=   252408.974433668     
 Abd=   176411.8    
 Time step =         1852
 Catch=   252408.982739466     
 Abd=   176411.9    
 Time step =         1853
 Catch=   252409.009525912     
 Abd=   176411.9    
 Time step =         1854
 Catch=   252409.072260546     
 Abd=   176411.9    
 Time step =         1855
 Catch=   252409.035499765     
 Abd=   176411.8    
 Time step =         1856
 Catch=   252408.973012415     
 Abd=   176411.9    
 Time step =         1857
 Catch=   252409.080684261     
 Abd=   176411.9    
 Time step =         1858
 Catch=   252409.037757335     
 Abd=   176411.8    
 Time step =         1859
 Catch=   252409.059845930     
 Abd=   176411.9    
 Time step =         1860
 Catch=   252409.084719650     
 Abd=   176411.9    
 Time step =         1811
 Catch=   252409.042476755     
 Abd=   176411.9    
 Time step =         1812
 Catch=   252409.000130930     
 Abd=   176411.9    
 Time step =         1813
 Catch=   252408.979214045     
 Abd=   176411.9    
 Time step =         1814
 Catch=   252409.035356451     
 Abd=   176411.9    
 Time step =         1815
 Catch=   252409.092453641     
 Abd=   176411.9    
 Time step =         1816
 Catch=   252409.100198435     
 Abd=   176411.9    
 Time step =         1817
 Catch=   252409.109188520     
 Abd=   176411.9    
 Time step =         1818
 Catch=   252409.025415986     
 Abd=   176411.9    
 Time step =         1819
 Catch=   252409.019524945     
 Abd=   176411.9    
 Time step =         1820
 Catch=   252409.016636392     
 Abd=   176411.9    
 Time step =         1821
 Catch=   252409.011328608     
 Abd=   176411.9    
 Time step =         1822
 Catch=   252409.024973114     
 Abd=   176411.9    
 Time step =         1823
 Catch=   252409.058729824     
 Abd=   176411.9    
 Time step =         1824
 Catch=   252409.012468571     
 Abd=   176411.8    
 Time step =         1825
 Catch=   252408.966709217     
 Abd=   176411.8    
 Time step =         1826
 Catch=   252408.991918635     
 Abd=   176411.9    
 Time step =         1827
 Catch=   252409.016361585     
 Abd=   176411.9    
 Time step =         1828
 Catch=   252408.959630240     
 Abd=   176411.9    
 Time step =         1829
 Catch=   252408.989212136     
 Abd=   176411.9    
 Time step =         1830
 Catch=   252409.031817691     
 Abd=   176411.8    
 Time step =         1831
 Catch=   252408.904373005     
 Abd=   176411.8    
 Time step =         1832
 Catch=   252408.977422671     
 Abd=   176411.9    
 Time step =         1833
 Catch=   252409.101852953     
 Abd=   176411.9    
 Time step =         1834
 Catch=   252409.073956845     
 Abd=   176411.9    
 Time step =         1835
 Catch=   252409.101474973     
 Abd=   176411.9    
 Time step =         1836
 Catch=   252409.046577728     
 Abd=   176411.9    
 Time step =         1837
 Catch=   252409.091080182     
 Abd=   176411.9    
 Time step =         1838
 Catch=   252409.101245805     
 Abd=   176411.9    
 Time step =         1839
 Catch=   252409.095669601     
 Abd=   176411.9    
 Time step =         1840
 Catch=   252409.028176461     
 Abd=   176411.9    
 Time step =         1841
 Catch=   252409.029849287     
 Abd=   176411.9    
 Time step =         1842
 Catch=   252409.047256586     
 Abd=   176411.9    
 Time step =         1843
 Catch=   252408.999783112     
 Abd=   176411.9    
 Time step =         1844
 Catch=   252409.005473306     
 Abd=   176411.9    
 Time step =         1845
 Catch=   252409.069499172     
 Abd=   176411.9    
 Time step =         1846
 Catch=   252409.005805708     
 Abd=   176411.8    
 Time step =         1847
 Catch=   252408.951037832     
 Abd=   176411.8    
 Time step =         1848
 Catch=   252408.952966352     
 Abd=   176411.9    
 Time step =         1849
 Catch=   252408.958869277     
 Abd=   176411.8    
 Time step =         1850
 Catch=   252408.968474370     
 Abd=   176411.9    
 Time step =         1851
 Catch=   252409.037178276     
 Abd=   176411.9    
 Time step =         1852
 Catch=   252409.071446574     
 Abd=   176411.9    
 Time step =         1853
 Catch=   252409.057046368     
 Abd=   176411.9    
 Time step =         1854
 Catch=   252409.027195072     
 Abd=   176411.9    
 Time step =         1855
 Catch=   252409.042086579     
 Abd=   176411.9    
 Time step =         1856
 Catch=   252409.089008539     
 Abd=   176412.0    
 Time step =         1857
 Catch=   252409.139616838     
 Abd=   176412.0    
 Time step =         1858
 Catch=   252409.125804144     
 Abd=   176411.9    
 Time step =         1859
 Catch=   252409.075443608     
 Abd=   176411.9    
 Time step =         1860
 Catch=   252409.076690717     
 Abd=   176411.9    
 Time step =         1811
 Abd=   176411.9    
 Catch=   10138.0465389597     
 Time step =         1812
 Abd=   170217.7    
 Catch=   10765.4481320256     
 Time step =         1813
 Abd=   180850.8    
 Catch=   9475.18810405517     
 Time step =         1814
 Abd=   159017.9    
 Catch=   9672.46077281501     
 Time step =         1815
 Abd=   162474.2    
 Catch=   11142.5664267648     
 Time step =         1816
 Abd=   187366.2    
 Catch=   12605.5700301617     
 Time step =         1817
 Abd=   211884.9    
 Catch=   13223.9561713730     
 Time step =         1818
 Abd=   222106.8    
 Catch=   13134.7457793968     
 Time step =         1819
 Abd=   220487.8    
 Catch=   11135.0066351367     
 Time step =         1820
 Abd=   186696.2    
 Catch=   11208.0404912417     
 Time step =         1821
 Abd=   188171.8    
 Catch=   11177.2107801508     
 Time step =         1822
 Abd=   187630.0    
 Catch=   11223.1725228920     
 Time step =         1823
 Abd=   188465.0    
 Catch=   10707.4776596756     
 Time step =         1824
 Abd=   179765.0    
 Catch=   9873.24161501576     
 Time step =         1825
 Abd=   165807.2    
 Catch=   9825.64008531099     
 Time step =         1826
 Abd=   165007.8    
 Catch=   9772.78122634963     
 Time step =         1827
 Abd=   164096.9    
 Catch=   10639.0639814449     
 Time step =         1828
 Abd=   178792.5    
 Catch=   10780.6881473059     
 Time step =         1829
 Abd=   180994.5    
 Catch=   11450.0129588094     
 Time step =         1830
 Abd=   192325.0    
 Catch=   11066.8530467455     
 Time step =         1831
 Abd=   185762.5    
 Catch=   10706.9768824233     
 Time step =         1832
 Abd=   179686.5    
 Catch=   10971.3514602225     
 Time step =         1833
 Abd=   184251.0    
 Catch=   11759.4181049513     
 Time step =         1834
 Abd=   197569.0    
 Catch=   10680.6558100846     
 Time step =         1835
 Abd=   179143.9    
 Catch=   10417.8696891561     
 Time step =         1836
 Abd=   174874.3    
 Catch=   11475.0254371220     
 Time step =         1837
 Abd=   192848.6    
 Catch=   12061.6686735425     
 Time step =         1838
 Abd=   202654.8    
 Catch=   10099.2227277630     
 Time step =         1839
 Abd=   169414.2    
 Catch=   10191.6115292581     
 Time step =         1840
 Abd=   171235.0    
 Catch=   10477.3572734455     
 Time step =         1841
 Abd=   175945.1    
 Catch=   12174.4074723625     
 Time step =         1842
 Abd=   204796.2    
 Catch=   9514.65442618752     
 Time step =         1843
 Abd=   159557.6    
 Catch=   10070.7104393695     
 Time step =         1844
 Abd=   169581.3    
 Catch=   10189.2642326864     
 Time step =         1845
 Abd=   171143.6    
 Catch=   9897.75728841216     
 Time step =         1846
 Abd=   166147.2    
 Catch=   9606.08958625721     
 Time step =         1847
 Abd=   161343.6    
 Catch=   10041.2062828649     
 Time step =         1848
 Abd=   168648.9    
 Catch=   10444.4058793891     
 Time step =         1849
 Abd=   175446.2    
 Catch=   10268.7075742382     
 Time step =         1850
 Abd=   172349.5    
 Catch=   11753.5568619497     
 Time step =         1851
 Abd=   197622.0    
 Catch=   11865.6126374066     
 Time step =         1852
 Abd=   199219.8    
 Catch=   10615.7943533494     
 Time step =         1853
 Abd=   178079.9    
 Catch=   10413.6493558173     
 Time step =         1854
 Abd=   174762.6    
 Catch=   10419.5354385761     
 Time step =         1855
 Abd=   174919.2    
 Catch=   11020.3205728039     
 Time step =         1856
 Abd=   185137.0    
 Catch=   10817.9720597416     
 Time step =         1857
 Abd=   181558.3    
 Catch=   11540.1848432592     
 Time step =         1858
 Abd=   193844.5    
 Catch=   12082.6681177558     
 Time step =         1859
 Abd=   202889.1    
 Catch=   10964.3239756810     
 Time step =         1860
 Abd=   183904.2    
 Catch=   10665.6505352874     
 Time step =         1861
 Abd=   179049.1    
 Catch=   10334.2053429106     
 Time step =         1862
 Abd=   173481.9    
 Catch=   11909.6912477859     
 Time step =         1863
 Abd=   200261.8    
 Catch=   10340.2751357291     
 Time step =         1864
 Abd=   173394.6    
 Catch=   10405.1404194023     
 Time step =         1865
 Abd=   174669.2    
 Catch=   11025.1826280791     
 Time step =         1866
 Abd=   185223.4    
 Catch=   11103.1877685629     
 Time step =         1867
 Abd=   186475.1    
 Catch=   12131.3226611958     
 Time step =         1868
 Abd=   203841.6    
 Catch=   12479.5197833151     
 Time step =         1869
 Abd=   209607.2    
 Catch=   11663.6828427062     
 Time step =         1870
 Abd=   195706.0    
 Catch=   11385.9523073696     
 Time step =         1871
 Abd=   191183.6    
 Catch=   11867.9138922578     
 Time step =         1872
 Abd=   199284.9    
 Catch=   11084.8372759615     
 Time step =         1873
 Abd=   185982.5    
 Catch=   10365.4170020407     
 Time step =         1874
 Abd=   173947.5    
 Catch=   11750.7128744432     
 Time step =         1875
 Abd=   197763.3    
 Catch=   11905.6244940188     
 Time step =         1876
 Abd=   200096.0    
 Catch=   8641.24490709052     
 Time step =         1877
 Abd=   144849.3    
 Catch=   9772.45265217108     
 Time step =         1878
 Abd=   164755.4    
 Catch=   10461.8301437732     
 Time step =         1879
 Abd=   175794.4    
 Catch=   10856.6479310913     
 Time step =         1880
 Abd=   182344.2    
 Catch=   11608.0921446734     
 Time step =         1881
 Abd=   195023.6    
 Catch=   11928.4373587025     
 Time step =         1882
 Abd=   200317.0    
 Catch=   11818.6885231568     
 Time step =         1883
 Abd=   198388.8    
 Catch=   10258.5917522979     
 Time step =         1884
 Abd=   172051.0    
 Catch=   9599.35559782135     
 Time step =         1885
 Abd=   161245.1    
 Catch=   9875.06739860358     
 Time step =         1886
 Abd=   165825.8    
 Catch=   10256.7801931364     
 Time step =         1887
 Abd=   172241.5    
 Catch=   10259.6174607770     
 Time step =         1888
 Abd=   172219.3    
 Catch=   10942.2238006430     
 Time step =         1889
 Abd=   183799.7    
 Catch=   9815.60558276306     
 Time step =         1890
 Abd=   164666.9    
 Catch=   9574.30409927390     
 Time step =         1891
 Abd=   160831.4    
 Catch=   9606.12982567977     
 Time step =         1892
 Abd=   161249.5    
 Catch=   9647.32548374910     
 Time step =         1893
 Abd=   161943.9    
 Catch=   10086.5143443647     
 Time step =         1894
 Abd=   169507.0    
 Catch=   9644.99517493980     
 Time step =         1895
 Abd=   161895.3    
 Catch=   9477.18305098172     
 Time step =         1896
 Abd=   159017.6    
 Catch=   9691.63370047078     
 Time step =         1897
 Abd=   162707.2    
 Catch=   9821.39068017636     
 Time step =         1898
 Abd=   164926.3    
 Catch=   9874.06739725514     
 Time step =         1899
 Abd=   165837.0    
 Catch=   10366.6726152787     
 Time step =         1900
 Abd=   174243.7    
 Catch=   9474.96257662859     
 Time step =         1901
 Abd=   158987.8    
 Catch=   9512.16715259363     
 Time step =         1902
 Abd=   159910.6    
 Catch=   10298.0375749692     
 Time step =         1903
 Abd=   173211.6    
 Catch=   10037.8487272465     
 Time step =         1904
 Abd=   168673.1    
 Catch=   9523.47916644902     
 Time step =         1905
 Abd=   159973.6    
 Catch=   9441.14158817646     
 Time step =         1906
 Abd=   158593.6    
 Catch=   9556.49323631082     
 Time step =         1907
 Abd=   160529.7    
 Catch=   8414.03295582402     
 Time step =         1908
 Abd=   141132.3    
 Catch=   8164.69873679915     
 Time step =         1909
 Abd=   137402.2    
 Catch=   9254.76099205347     
 Time step =         1910
 Abd=   155603.8    
 Catch=   9891.60973301008     
 Time step =         1911
 Abd=   166315.5    
 Catch=   9311.47065726540     
 Time step =         1912
 Abd=   156306.5    
 Catch=   9862.72086563089     
 Time step =         1913
 Abd=   165735.5    
 Catch=   9779.02222831451     
 Time step =         1914
 Abd=   164219.6    
 Catch=   10382.6572073539     
 Time step =         1915
 Abd=   174432.8    
 Catch=   8966.07909772576     
 Time step =         1916
 Abd=   150365.9    
 Catch=   9357.57334601022     
 Time step =         1917
 Abd=   157792.3    
 Catch=   9038.13542655552     
 Time step =         1918
 Abd=   151863.0    
 Catch=   9497.52331042350     
 Time step =         1919
 Abd=   159552.8    
 Catch=   9832.43716055829     
 Time step =         1920
 Abd=   165182.2    
 Catch=   9559.89603823570     
 Time step =         1921
 Abd=   160507.2    
 Catch=   8441.24056452278     
 Time step =         1922
 Abd=   141626.9    
 Catch=   8879.56080082559     
 Time step =         1923
 Abd=   149173.5    
 Catch=   9452.83685240471     
 Time step =         1924
 Abd=   158852.3    
 Catch=   10155.9617390268     
 Time step =         1925
 Abd=   170641.5    
 Catch=   8020.02358660968     
 Time step =         1926
 Abd=   134462.3    
 Catch=   8916.58045359999     
 Time step =         1927
 Abd=   150168.0    
 Catch=   9765.76626600953     
 Time step =         1928
 Abd=   164361.0    
 Catch=   9391.57172486157     
 Time step =         1929
 Abd=   157705.5    
 Catch=   10209.4185266201     
 Time step =         1930
 Abd=   171919.0    
 Catch=   9871.51314314718     
 Time step =         1931
 Abd=   165859.2    
 Catch=   9284.40827765186     
 Time step =         1932
 Abd=   155851.7    
 Catch=   8281.15801889363     
 Time step =         1933
 Abd=   139176.9    
 Catch=   9231.51940032708     
 Time step =         1934
 Abd=   155512.9    
 Catch=   9427.75174022626     
 Time step =         1935
 Abd=   158637.0    
 Catch=   8592.88348114897     
 Time step =         1936
 Abd=   144277.6    
 Catch=   8107.41698285652     
 Time step =         1937
 Abd=   136065.9    
 Catch=   8139.63997523505     
 Time step =         1938
 Abd=   136660.8    
 Catch=   9425.45244115788     
 Time step =         1939
 Abd=   158501.5    
 Catch=   9645.77483892151     
 Time step =         1940
 Abd=   162049.3    
 Catch=   7609.88354751709     
 Time step =         1941
 Abd=   127646.1    
 Catch=   8561.73449011303     
 Time step =         1942
 Abd=   144238.3    
 Catch=   8637.36993892327     
 Time step =         1943
 Abd=   145148.5    
 Catch=   8369.70685137272     
 Time step =         1944
 Abd=   140470.7    
 Catch=   8800.68171091399     
 Time step =         1945
 Abd=   147957.4    
 Catch=   9444.49769319522     
 Time step =         1946
 Abd=   158719.5    
 Catch=   8500.70006605039     
 Time step =         1947
 Abd=   142732.0    
 Catch=   8586.69720766680     
 Time step =         1948
 Abd=   144585.0    
 Catch=   9202.98282171377     
 Time step =         1949
 Abd=   154652.4    
 Catch=   10458.7894278811     
 Time step =         1950
 Abd=   176350.6    
 Catch=   9360.29456798057     
 Time step =         1951
 Abd=   157119.3    
 Catch=   9271.57425848149     
 Time step =         1952
 Abd=   155782.1    
 Catch=   7788.33795644435     
 Time step =         1953
 Abd=   130736.9    
 Catch=   9802.04555005035     
 Time step =         1954
 Abd=   165116.1    
 Catch=   9426.19645776104     
 Time step =         1955
 Abd=   158419.1    
 Catch=   8401.75475874431     
 Time step =         1956
 Abd=   141428.7    
 Catch=   9216.79990548619     
 Time step =         1957
 Abd=   154929.4    
 Catch=   8923.91481357745     
 Time step =         1958
 Abd=   149897.6    
 Catch=   8145.57433254191     
 Time step =         1959
 Abd=   136691.7    
 Catch=   8290.91234113364     
 Time step =         1960
 Abd=   139345.0    
 Catch=   7415.73250599632     
 Time step =         1961
 Abd=   124513.2    
 Catch=   8783.11825543944     
 Time step =         1962
 Abd=   147971.6    
 Catch=   8236.47197228726     
 Time step =         1963
 Abd=   138394.2    
 Catch=   7782.10032018015     
 Time step =         1964
 Abd=   130731.9    
 Catch=   8785.12573760481     
 Time step =         1965
 Abd=   147728.3    
 Catch=   7647.06919211544     
 Time step =         1966
 Abd=   128316.8    
 Catch=   7162.97391557755     
 Time step =         1967
 Abd=   120545.8    
 Catch=   9181.04204769794     
 Time step =         1968
 Abd=   155069.4    
 Catch=   8677.04412030110     
 Time step =         1969
 Abd=   145778.8    
 Catch=   9945.29289634028     
 Time step =         1970
 Abd=   167395.1    
 Catch=   7562.24595298502     
 Time step =         1971
 Abd=   126775.7    
 Catch=   7515.50688606154     
 Time step =         1972
 Abd=   126420.0    
 Catch=   9719.10275216478     
 Time step =         1973
 Abd=   163869.6    
 Catch=   8718.86427447044     
 Time step =         1974
 Abd=   146339.9    
 Catch=   8337.66732001529     
 Time step =         1975
 Abd=   140458.6    
 Catch=   9759.45267226627     
 Time step =         1976
 Abd=   164256.3    
 Catch=   9578.94041017311     
 Time step =         1977
 Abd=   160942.8    
 Catch=   8389.57707489346     
 Time step =         1978
 Abd=   140726.6    
 Catch=   8488.73303007947     
 Time step =         1979
 Abd=   142532.3    
 Catch=   8126.53033789102     
 Time step =         1980
 Abd=   136458.7    
 Catch=   8319.64186269346     
 Time step =         1981
 Abd=   139932.5    
 Catch=   8153.72664532171     
 Time step =         1982
 Abd=   136986.2    
 Catch=   8647.66624097866     
 Time step =         1983
 Abd=   145287.0    
 Catch=   8500.57921740051     
 Time step =         1984
 Abd=   142797.1    
 Catch=   10359.8107875230     
 Time step =         1985
 Abd=   174293.5    
 Catch=   9095.02701331787     
 Time step =         1986
 Abd=   152527.3    
 Catch=   8834.19032622891     
 Time step =         1987
 Abd=   148372.9    
 Catch=   8724.50459252064     
 Time step =         1988
 Abd=   146480.2    
 Catch=   8671.68887889558     
 Time step =         1989
 Abd=   145561.1    
 Catch=   9017.30371087899     
 Time step =         1990
 Abd=   151782.4    
 Catch=   8549.71821528642     
 Time step =         1991
 Abd=   143525.8    
 Catch=   9991.50667065593     
 Time step =         1992
 Abd=   168022.7    
 Catch=   9683.74455147724     
 Time step =         1993
 Abd=   162516.2    
 Catch=   7952.94230137534     
 Time step =         1994
 Abd=   133368.7    
 Catch=   9180.27170538344     
 Time step =         1995
 Abd=   154426.9    
 Catch=   8872.01463474024     
 Time step =         1996
 Abd=   148959.4    
 Catch=   7704.61578583411     
 Time step =         1997
 Abd=   129327.4    
 Catch=   9294.57354148199     
 Time step =         1998
 Abd=   156663.2    
 Catch=   10332.5342349069     
 Time step =         1999
 Abd=   173910.7    
 Catch=   8602.53875349076     
 Time step =         2000
 Abd=   144388.1    
 Catch=   8469.87402134802     
 Time step =         2001
 Abd=   142655.2    
 Catch=   10122.7385512270     
 Time step =         2002
 Abd=   170678.5    
 Catch=   11064.1602186926     
 Time step =         2003
 Abd=   186256.2    
 Catch=   8230.86419419613     
 Time step =         2004
 Abd=   137964.1    
 Catch=   9123.56735108719     
 Time step =         2005
 Abd=   153504.6    
 Catch=   10091.3350352445     
 Time step =         2006
 Abd=   169725.8    
 Catch=   8175.12559240973     
 Time step =         2007
 Abd=   137107.3    
 Catch=   9102.09823921664     
 Time step =         2008
 Abd=   152985.0    
 Catch=   9882.67415655187     
 Time step =         2009
 Abd=   166144.9    
 Catch=   9629.98513431471     
 Time step =         2010
 Abd=   161695.9    
 Catch=   9227.00693505168     
 Time step =         2011
 Abd=   155376.2    
 Catch=   8918.41159802818     
 Time step =         2012
 Abd=   149880.1    
 Catch=   8888.39582154617     
 Time step =         2013
 Abd=   149244.2    
 Catch=   9264.83628465550     
 Time step =         2014
 Abd=   155568.9    
 Catch=   9893.55355764858     
 Time step =         2015
 Abd=   166210.0    
 Catch=   8770.95956281323     
 Time step =         2016
 Abd=   147233.6    
 Catch=   8595.76986598256     
 Time step =         2017
 Abd=   144434.0    
 Catch=   9773.08831489569     
 Time step =         2018
 Abd=   164333.7    
 Catch=   10732.4808501371     
 Time step =         2019
 Abd=   180489.1    
 Catch=   7781.13468565166     
 Time step =         2020
 Abd=   130357.2    
 Catch=   8197.55251282875     
 Time step =         2021
 Abd=   137798.6    
 Catch=   8422.82821301168     
 Time step =         2022
 Abd=   141470.1    
 Catch=   8381.13659077345     
 Time step =         2023
 Abd=   140819.9    
 Catch=   9172.44655845919     
 Time step =         2024
 Abd=   154189.7    
 Catch=   9184.84671789052     
 Time step =         2025
 Abd=   154249.0    
 Catch=   7978.20008161321     
 Time step =         2026
 Abd=   134209.4    
 Catch=   9345.82001545938     
 Time step =         2027
 Abd=   157414.0    
 Catch=   9873.74944431562     
 Time step =         2028
 Abd=   166022.6    
 Catch=   8747.13360936512     
 Time step =         2029
 Abd=   146772.0    
 Catch=   8918.90161116384     
 Time step =         2030
 Abd=   150233.7    
 Catch=   10149.7288186424     
 Time step =         2031
 Abd=   170789.1    
 Catch=   9036.60094188394     
 Time step =         2032
 Abd=   151741.6    
 Catch=   9144.66365676948     
 Time step =         2033
 Abd=   153639.6    
 Catch=   10137.7694213137     
 Time step =         2034
 Abd=   170429.3    
 Catch=   8220.85796226201     
 Time step =         2035
 Abd=   137796.3    
 Catch=   7747.91742613794     
 Time step =         2036
 Abd=   130380.2    
 Catch=   8371.11191216406     
 Time step =         2037
 Abd=   140752.0    
 Catch=   8622.47761028693     
 Time step =         2038
 Abd=   144952.1    
 Catch=   7511.35964166124     
 Time step =         2039
 Abd=   126139.9    
 Catch=   8440.99687614520     
 Time step =         2040
 Abd=   142077.0    
 Catch=   9781.31915593557     
 Time step =         2041
 Abd=   164580.2    
 Catch=   9518.65910510398     
 Time step =         2042
 Abd=   159823.7    
 Catch=   7762.82850302913     
 Time step =         2043
 Abd=   130367.0    
 Catch=   9306.49337308434     
 Time step =         2044
 Abd=   156608.7    
 Catch=   9491.06535144641     
 Time step =         2045
 Abd=   159446.6    
 Catch=   8300.72044567757     
 Time step =         2046
 Abd=   139306.4    
 Catch=   8401.86898297551     
 Time step =         2047
 Abd=   141415.0    
 Catch=   9914.72954088538     
 Time step =         2048
 Abd=   166791.2    
 Catch=   8853.83965442774     
 Time step =         2049
 Abd=   148658.9    
 Catch=   9229.40166540983     
 Time step =         2050
 Abd=   154998.8    
 Catch=   9807.04909534170     
 Time step =         2051
 Abd=   164768.9    
 Catch=   10085.8575448337     
 Time step =         2052
 Abd=   169502.0    
 Catch=   8590.72450429722     
 Time step =         2053
 Abd=   144175.1    
 Catch=   9103.65352664558     
 Time step =         2054
 Abd=   153294.7    
 Catch=   9221.25294876905     
 Time step =         2055
 Abd=   154936.3    
 Catch=   9825.60048429712     
 Time step =         2056
 Abd=   165125.2    
 Catch=   9893.39854658740     
 Time step =         2057
 Abd=   166143.4    
 Catch=   8459.08846214106     
 Time step =         2058
 Abd=   142061.8    
 Catch=   9994.57408638648     
 Time step =         2059
 Abd=   168147.9    
 Catch=   9287.02526869050     
 Time step =         2060
 Abd=   155865.9    
 Catch=   7773.01596727219     
 Time step =         2061
 Abd=   130490.7    
 Catch=   9010.69185534256     
 Time step =         2062
 Abd=   151562.7    
 Catch=   9826.48530702038     
 Time step =         2063
 Abd=   165171.4    
 Catch=   8697.81751768407     
 Time step =         2064
 Abd=   145935.9    
 Catch=   9131.92082728456     
 Time step =         2065
 Abd=   153609.7    
 Catch=   10643.4566653376     
 Time step =         2066
 Abd=   179003.9    
 Catch=   9591.52419539232     
 Time step =         2067
 Abd=   161098.0    
 Catch=   7272.25271792049     
 Time step =         2068
 Abd=   122070.5    
 Catch=   7811.97156840921     
 Time step =         2069
 Abd=   131425.3    
 Catch=   9163.11698784975     
 Time step =         2070
 Abd=   154177.6    
 Catch=   10924.5557073606     
 Time step =         2071
 Abd=   184052.2    
 Catch=   8340.70733048017     
 Time step =         2072
 Abd=   139883.6    
 Catch=   8479.96584249511     
 Time step =         2073
 Abd=   142728.6    
 Catch=   9498.64028625580     
 Time step =         2074
 Abd=   159707.6    
 Catch=   9935.98269154142     
 Time step =         2075
 Abd=   167048.8    
 Catch=   9100.10812008035     
 Time step =         2076
 Abd=   152799.9    
 Catch=   7767.99163962659     
 Time step =         2077
 Abd=   130493.6    
 Catch=   8906.65153893551     
 Time step =         2078
 Abd=   149837.5    
 Catch=   9409.54098955344     
 Time step =         2079
 Abd=   158212.4    
 Catch=   8519.69341775465     
 Time step =         2080
 Abd=   143017.5    
 Catch=   9587.07282692900     
 Time step =         2081
 Abd=   161299.0    
 Catch=   9651.17094654388     
 Time step =         2082
 Abd=   162056.2    
 Catch=   8264.59499476114     
 Time step =         2083
 Abd=   138738.0    
 Catch=   9162.82940552458     
 Time step =         2084
 Abd=   153939.3    
 Catch=   8563.98278016099     
 Time step =         2085
 Abd=   143724.2    
 Catch=   8138.23881193700     
 Time step =         2086
 Abd=   136671.3    
 Catch=   8978.54048550805     
 Time step =         2087
 Abd=   150906.5    
 Catch=   10313.3903359660     
 Time step =         2088
 Abd=   173398.2    
 Catch=   9484.05041823693     
 Time step =         2089
 Abd=   159125.0    
 Catch=   8303.91130355183     
 Time step =         2090
 Abd=   139404.2    
 Catch=   9408.11183769456     
 Time step =         2091
 Abd=   158187.4    
 Catch=   9617.14060594378     
 Time step =         2092
 Abd=   161514.8    
 Catch=   9039.63933482907     
 Time step =         2093
 Abd=   151702.1    
 Catch=   8998.93620396722     
 Time step =         2094
 Abd=   151409.5    
 Catch=   9727.07584957670     
 Time step =         2095
 Abd=   163539.5    
 Catch=   9421.80309712071     
 Time step =         2096
 Abd=   158194.4    
 Catch=   9030.47301174753     
 Time step =         2097
 Abd=   151918.9    
 Catch=   10026.9311323361     
 Time step =         2098
 Abd=   168724.0    
 Catch=   10999.8092820774     
 Time step =         2099
 Abd=   185244.0    
 Catch=   8922.93762242602     
 Time step =         2100
 Abd=   149637.1    
 Catch=   7939.64772368120     
 Time step =         2101
 Abd=   133345.5    
 Catch=   9998.45239435447     
 Time step =         2102
 Abd=   168465.4    
 Catch=   10695.2039399280     
 Time step =         2103
 Abd=   179893.2    
 Catch=   7929.47168481094     
 Time step =         2104
 Abd=   133008.4    
 Catch=   8194.43256536961     
 Time step =         2105
 Abd=   137780.5    
 Catch=   9242.54242268144     
 Time step =         2106
 Abd=   155357.6    
 Catch=   10079.3448534634     
 Time step =         2107
 Abd=   169440.3    
 Catch=   8357.90601218268     
 Time step =         2108
 Abd=   140169.6    
 Catch=   7789.62453686594     
 Time step =         2109
 Abd=   130984.5    
 Catch=   9543.58644292167     
 Time step =         2110
 Abd=   160660.3    
 Catch=   8819.22593658002     
 Time step =         2111
 Abd=   148021.6    
 Catch=   9013.86679398377     
 Time step =         2112
 Abd=   151446.0    
 Catch=   11199.1791195317     
 Time step =         2113
 Abd=   188530.5    
 Catch=   8795.49006399771     
 Time step =         2114
 Abd=   147430.4    
 Catch=   8099.30014888388     
 Time step =         2115
 Abd=   136027.0    
 Catch=   8547.33468316287     
 Time step =         2116
 Abd=   143553.1    
 Catch=   8974.80001804592     
 Time step =         2117
 Abd=   150770.5    
 Catch=   10732.2855402933     
 Time step =         2118
 Abd=   180673.3    
 Catch=   9759.98985979724     
 Time step =         2119
 Abd=   163769.6    
 Catch=   8115.29918105743     
 Time step =         2120
 Abd=   136161.3    
 Catch=   9126.67839743730     
 Time step =         2121
 Abd=   153393.9    
 Catch=   9624.00181115845     
 Time step =         2122
 Abd=   161658.0    
 Catch=   8652.94990644046     
 Time step =         2123
 Abd=   145194.4    
 Catch=   10029.6519983875     
 Time step =         2124
 Abd=   169244.5    
 Catch=   9268.49783355992     
 Time step =         2125
 Abd=   155640.7    
 Catch=   9722.29099154461     
 Time step =         2126
 Abd=   163407.0    
 Catch=   8800.60270932254     
 Time step =         2127
 Abd=   147683.8    
 Catch=   7202.80231963340     
 Time step =         2128
 Abd=   121044.1    
 Catch=   8542.62926223723     
 Time step =         2129
 Abd=   143831.5    
 Catch=   9439.34076514463     
 Time step =         2130
 Abd=   158739.4    
 Catch=   9523.76006553055     
 Time step =         2131
 Abd=   160047.5    
 Catch=   9282.45395778839     
 Time step =         2132
 Abd=   155810.7    
 Catch=   7934.30204123118     
 Time step =         2133
 Abd=   133081.2    
 Catch=   9189.34336381550     
 Time step =         2134
 Abd=   154531.0    
 Catch=   8927.00590980734     
 Time step =         2135
 Abd=   149820.5    
 Catch=   8268.26393745140     
 Time step =         2136
 Abd=   138789.4    
 Catch=   8485.99074483980     
 Time step =         2137
 Abd=   142492.1    
 Catch=   9461.17393995240     
 Time step =         2138
 Abd=   159065.2    
 Catch=   9650.05197610198     
 Time step =         2139
 Abd=   162123.2    
 Catch=   9701.15798622547     
 Time step =         2140
 Abd=   162947.3    
 Catch=   8332.00039517562     
 Time step =         2141
 Abd=   139817.9    
 Catch=   8204.65450915548     
 Time step =         2142
 Abd=   137922.3    
 Catch=   9758.86051623674     
 Time step =         2143
 Abd=   164245.0    
 Catch=   9899.03592468516     
 Time step =         2144
 Abd=   166232.2    
 Catch=   11020.8075044957     
 Time step =         2145
 Abd=   185293.0    
 Catch=   9335.09084759744     
 Time step =         2146
 Abd=   156596.0    
 Catch=   7904.06484328708     
 Time step =         2147
 Abd=   132737.9    
 Catch=   8461.00910497404     
 Time step =         2148
 Abd=   142210.8    
 Catch=   9008.10422559893     
 Time step =         2149
 Abd=   151351.4    
 Catch=   9740.75550024361     
 Time step =         2150
 Abd=   163660.8    
 Catch=   9844.13043356063     
 Time step =         2151
 Abd=   165469.1    
 Catch=   8151.84003058575     
 Time step =         2152
 Abd=   136948.8    
 Catch=   9070.74972510725     
 Time step =         2153
 Abd=   152441.0    
 Catch=   9764.18481180919     
 Time step =         2154
 Abd=   164028.0    
 Catch=   10356.4381205630     
 Time step =         2155
 Abd=   173931.9    
 Catch=   10328.5211275777     
 Time step =         2156
 Abd=   173372.1    
 Catch=   10014.7129459632     
 Time step =         2157
 Abd=   168105.0    
 Catch=   9891.21226530559     
 Time step =         2158
 Abd=   166045.1    
 Catch=   8100.46440232214     
 Time step =         2159
 Abd=   136011.5    
 Catch=   9009.63522532036     
 Time step =         2160
 Abd=   151474.9    
 Catch=   9218.97907936218     
 Completed!
Program ADRDisp finished with exit code 0 at: Fri 26 Jun 2026 03:34:15 AM PDT
Compressing DBEM outputs
Compressed as TIPMIP_COMBINED_tipmip_mes_c0_TipmipSppMes10_netcdf.tar.gz
Creating netCDF
Finished!
