Extracting environmental data
Environmental data extracted
Current working directory is /project/6006523/jepa/tipping_points/scripts/run_dbem
Starting run at:Fri 26 Jun 2026 03:23:20 AM PDT
“Starting task: 10”
 SppListRoot: 
 ~/projects/def-wailung/Data/Species/TaxonList/tipping_point/                   
                                                                                
                                                                                
                    
 Species list: 10  
 TipmipSppMes10.txt  
 Initializing, loading files...
           1
 610238    
 /localscratch/jepa.45908575.0/tipmip_mes_h0/610238                             
  
 Read Parameters...
 Running Taxon B_pterotum          
 ~/projects/def-wailung/Data/Species/Distributions/S610238.csv                  
                                          
  3.710343132585779E-007
 Thread           0  starting...
 Time step =         1811
 Catch=   753057.772212979     
 Abd=   222744.7    
 Time step =         1812
 Catch=   283366.344601670     
 Abd=   184820.1    
 Time step =         1813
 Catch=   258504.278050546     
 Abd=   178207.5    
 Time step =         1814
 Catch=   253735.633179350     
 Abd=   176811.2    
 Time step =         1815
 Catch=   252706.147165842     
 Abd=   176502.2    
 Time step =         1816
 Catch=   252476.554143265     
 Abd=   176432.6    
 Time step =         1817
 Catch=   252424.612260623     
 Abd=   176416.8    
 Time step =         1818
 Catch=   252412.690078070     
 Abd=   176413.1    
 Time step =         1819
 Catch=   252409.861203698     
 Abd=   176412.1    
 Time step =         1820
 Catch=   252409.184787051     
 Abd=   176411.9    
 Time step =         1821
 Catch=   252409.088439634     
 Abd=   176412.0    
 Time step =         1822
 Catch=   252409.133435191     
 Abd=   176412.0    
 Time step =         1823
 Catch=   252409.125224718     
 Abd=   176411.9    
 Time step =         1824
 Catch=   252409.087117169     
 Abd=   176411.9    
 Time step =         1825
 Catch=   252409.007315804     
 Abd=   176411.9    
 Time step =         1826
 Catch=   252409.064248868     
 Abd=   176411.9    
 Time step =         1827
 Catch=   252409.057357451     
 Abd=   176411.9    
 Time step =         1828
 Catch=   252408.991766493     
 Abd=   176411.8    
 Time step =         1829
 Catch=   252409.002775520     
 Abd=   176411.9    
 Time step =         1830
 Catch=   252408.976242794     
 Abd=   176411.8    
 Time step =         1831
 Catch=   252408.973454523     
 Abd=   176411.9    
 Time step =         1832
 Catch=   252409.015373952     
 Abd=   176411.9    
 Time step =         1833
 Catch=   252409.030907258     
 Abd=   176411.9    
 Time step =         1834
 Catch=   252409.088012519     
 Abd=   176411.9    
 Time step =         1835
 Catch=   252409.118648081     
 Abd=   176411.9    
 Time step =         1836
 Catch=   252409.104964152     
 Abd=   176411.9    
 Time step =         1837
 Catch=   252409.071896693     
 Abd=   176411.9    
 Time step =         1838
 Catch=   252409.066890247     
 Abd=   176411.9    
 Time step =         1839
 Catch=   252409.076545186     
 Abd=   176411.9    
 Time step =         1840
 Catch=   252409.084606423     
 Abd=   176411.9    
 Time step =         1841
 Catch=   252408.999506968     
 Abd=   176411.9    
 Time step =         1842
 Catch=   252409.018939019     
 Abd=   176411.9    
 Time step =         1843
 Catch=   252409.009427955     
 Abd=   176411.9    
 Time step =         1844
 Catch=   252409.040777941     
 Abd=   176411.9    
 Time step =         1845
 Catch=   252409.062410888     
 Abd=   176411.9    
 Time step =         1846
 Catch=   252409.048589851     
 Abd=   176411.9    
 Time step =         1847
 Catch=   252409.030909024     
 Abd=   176411.8    
 Time step =         1848
 Catch=   252409.024104934     
 Abd=   176411.9    
 Time step =         1849
 Catch=   252409.078839870     
 Abd=   176411.9    
 Time step =         1850
 Catch=   252409.050182058     
 Abd=   176411.9    
 Time step =         1851
 Catch=   252409.021820331     
 Abd=   176411.8    
 Time step =         1852
 Catch=   252408.992117984     
 Abd=   176411.9    
 Time step =         1853
 Catch=   252409.040425697     
 Abd=   176411.9    
 Time step =         1854
 Catch=   252409.029591042     
 Abd=   176411.8    
 Time step =         1855
 Catch=   252409.013864156     
 Abd=   176411.9    
 Time step =         1856
 Catch=   252409.038267431     
 Abd=   176411.9    
 Time step =         1857
 Catch=   252408.983725576     
 Abd=   176411.8    
 Time step =         1858
 Catch=   252408.919627101     
 Abd=   176411.8    
 Time step =         1859
 Catch=   252408.939441226     
 Abd=   176411.9    
 Time step =         1860
 Catch=   252409.075580713     
 Abd=   176411.9    
 Time step =         1811
 Catch=   252409.038762518     
 Abd=   176411.9    
 Time step =         1812
 Catch=   252408.970989795     
 Abd=   176411.8    
 Time step =         1813
 Catch=   252408.902851320     
 Abd=   176411.8    
 Time step =         1814
 Catch=   252408.972877255     
 Abd=   176411.9    
 Time step =         1815
 Catch=   252408.983273814     
 Abd=   176411.8    
 Time step =         1816
 Catch=   252408.976118104     
 Abd=   176411.8    
 Time step =         1817
 Catch=   252408.996351479     
 Abd=   176411.8    
 Time step =         1818
 Catch=   252408.947210541     
 Abd=   176411.9    
 Time step =         1819
 Catch=   252408.991795951     
 Abd=   176411.9    
 Time step =         1820
 Catch=   252408.949308848     
 Abd=   176411.8    
 Time step =         1821
 Catch=   252409.004512716     
 Abd=   176411.9    
 Time step =         1822
 Catch=   252409.022231692     
 Abd=   176411.9    
 Time step =         1823
 Catch=   252409.025562386     
 Abd=   176411.9    
 Time step =         1824
 Catch=   252409.076016018     
 Abd=   176411.9    
 Time step =         1825
 Catch=   252409.082392774     
 Abd=   176411.9    
 Time step =         1826
 Catch=   252409.027539673     
 Abd=   176411.9    
 Time step =         1827
 Catch=   252409.009735999     
 Abd=   176411.8    
 Time step =         1828
 Catch=   252408.906705374     
 Abd=   176411.8    
 Time step =         1829
 Catch=   252408.928182058     
 Abd=   176411.8    
 Time step =         1830
 Catch=   252408.921535218     
 Abd=   176411.8    
 Time step =         1831
 Catch=   252408.940974353     
 Abd=   176411.8    
 Time step =         1832
 Catch=   252408.956627559     
 Abd=   176411.8    
 Time step =         1833
 Catch=   252408.966196598     
 Abd=   176411.8    
 Time step =         1834
 Catch=   252408.970623024     
 Abd=   176411.8    
 Time step =         1835
 Catch=   252408.892031013     
 Abd=   176411.8    
 Time step =         1836
 Catch=   252408.981404244     
 Abd=   176411.8    
 Time step =         1837
 Catch=   252408.990869479     
 Abd=   176411.9    
 Time step =         1838
 Catch=   252409.064166293     
 Abd=   176411.9    
 Time step =         1839
 Catch=   252409.021074172     
 Abd=   176411.8    
 Time step =         1840
 Catch=   252408.964648109     
 Abd=   176411.9    
 Time step =         1841
 Catch=   252409.032178908     
 Abd=   176411.8    
 Time step =         1842
 Catch=   252408.924349768     
 Abd=   176411.8    
 Time step =         1843
 Catch=   252408.923608888     
 Abd=   176411.8    
 Time step =         1844
 Catch=   252408.973305265     
 Abd=   176411.9    
 Time step =         1845
 Catch=   252408.980340240     
 Abd=   176411.8    
 Time step =         1846
 Catch=   252408.977451235     
 Abd=   176411.8    
 Time step =         1847
 Catch=   252408.924422255     
 Abd=   176411.8    
 Time step =         1848
 Catch=   252408.933549349     
 Abd=   176411.9    
 Time step =         1849
 Catch=   252408.990979324     
 Abd=   176411.9    
 Time step =         1850
 Catch=   252409.000017663     
 Abd=   176411.9    
 Time step =         1851
 Catch=   252408.951836888     
 Abd=   176411.8    
 Time step =         1852
 Catch=   252408.992295955     
 Abd=   176411.9    
 Time step =         1853
 Catch=   252408.985245342     
 Abd=   176411.9    
 Time step =         1854
 Catch=   252408.999884855     
 Abd=   176411.9    
 Time step =         1855
 Catch=   252409.003200528     
 Abd=   176411.8    
 Time step =         1856
 Catch=   252408.905937685     
 Abd=   176411.8    
 Time step =         1857
 Catch=   252408.922102866     
 Abd=   176411.9    
 Time step =         1858
 Catch=   252408.988702591     
 Abd=   176411.9    
 Time step =         1859
 Catch=   252408.986272479     
 Abd=   176411.8    
 Time step =         1860
 Catch=   252408.988564213     
 Abd=   176411.9    
 Time step =         1811
 Catch=   252409.034631726     
 Abd=   176411.9    
 Time step =         1812
 Catch=   252409.068287329     
 Abd=   176411.9    
 Time step =         1813
 Catch=   252409.073044403     
 Abd=   176411.9    
 Time step =         1814
 Catch=   252409.083459191     
 Abd=   176411.9    
 Time step =         1815
 Catch=   252409.078825351     
 Abd=   176411.9    
 Time step =         1816
 Catch=   252409.040934805     
 Abd=   176411.9    
 Time step =         1817
 Catch=   252409.044319465     
 Abd=   176411.8    
 Time step =         1818
 Catch=   252408.973034490     
 Abd=   176411.9    
 Time step =         1819
 Catch=   252409.011794364     
 Abd=   176411.8    
 Time step =         1820
 Catch=   252408.952337806     
 Abd=   176411.8    
 Time step =         1821
 Catch=   252408.903126595     
 Abd=   176411.8    
 Time step =         1822
 Catch=   252408.985064896     
 Abd=   176411.9    
 Time step =         1823
 Catch=   252409.014972023     
 Abd=   176411.8    
 Time step =         1824
 Catch=   252408.974252905     
 Abd=   176411.8    
 Time step =         1825
 Catch=   252408.955918243     
 Abd=   176411.9    
 Time step =         1826
 Catch=   252408.996678863     
 Abd=   176411.9    
 Time step =         1827
 Catch=   252408.984762106     
 Abd=   176411.9    
 Time step =         1828
 Catch=   252408.932236836     
 Abd=   176411.8    
 Time step =         1829
 Catch=   252408.963802682     
 Abd=   176411.9    
 Time step =         1830
 Catch=   252409.030310496     
 Abd=   176411.9    
 Time step =         1831
 Catch=   252409.043493801     
 Abd=   176412.0    
 Time step =         1832
 Catch=   252409.071238381     
 Abd=   176411.9    
 Time step =         1833
 Catch=   252409.001805057     
 Abd=   176411.9    
 Time step =         1834
 Catch=   252409.048765374     
 Abd=   176411.9    
 Time step =         1835
 Catch=   252409.024124364     
 Abd=   176411.9    
 Time step =         1836
 Catch=   252409.027744325     
 Abd=   176411.9    
 Time step =         1837
 Catch=   252409.077287827     
 Abd=   176411.9    
 Time step =         1838
 Catch=   252409.076170445     
 Abd=   176411.9    
 Time step =         1839
 Catch=   252409.042476590     
 Abd=   176411.9    
 Time step =         1840
 Catch=   252408.989429227     
 Abd=   176411.9    
 Time step =         1841
 Catch=   252409.053662514     
 Abd=   176411.9    
 Time step =         1842
 Catch=   252409.030336992     
 Abd=   176411.9    
 Time step =         1843
 Catch=   252409.047305014     
 Abd=   176411.9    
 Time step =         1844
 Catch=   252409.101948832     
 Abd=   176411.9    
 Time step =         1845
 Catch=   252409.035276136     
 Abd=   176411.9    
 Time step =         1846
 Catch=   252409.082841526     
 Abd=   176411.9    
 Time step =         1847
 Catch=   252409.100581132     
 Abd=   176411.9    
 Time step =         1848
 Catch=   252409.086505237     
 Abd=   176411.9    
 Time step =         1849
 Catch=   252409.007262148     
 Abd=   176411.9    
 Time step =         1850
 Catch=   252409.030492185     
 Abd=   176411.9    
 Time step =         1851
 Catch=   252408.974433668     
 Abd=   176411.8    
 Time step =         1852
 Catch=   252408.982739466     
 Abd=   176411.9    
 Time step =         1853
 Catch=   252409.009525912     
 Abd=   176411.9    
 Time step =         1854
 Catch=   252409.072260546     
 Abd=   176411.9    
 Time step =         1855
 Catch=   252409.035499765     
 Abd=   176411.8    
 Time step =         1856
 Catch=   252408.973012415     
 Abd=   176411.9    
 Time step =         1857
 Catch=   252409.080684261     
 Abd=   176411.9    
 Time step =         1858
 Catch=   252409.037757335     
 Abd=   176411.8    
 Time step =         1859
 Catch=   252409.059845930     
 Abd=   176411.9    
 Time step =         1860
 Catch=   252409.084719650     
 Abd=   176411.9    
 Time step =         1811
 Catch=   252409.042476755     
 Abd=   176411.9    
 Time step =         1812
 Catch=   252409.000130930     
 Abd=   176411.9    
 Time step =         1813
 Catch=   252408.979214045     
 Abd=   176411.9    
 Time step =         1814
 Catch=   252409.035356451     
 Abd=   176411.9    
 Time step =         1815
 Catch=   252409.092453641     
 Abd=   176411.9    
 Time step =         1816
 Catch=   252409.100198435     
 Abd=   176411.9    
 Time step =         1817
 Catch=   252409.109188520     
 Abd=   176411.9    
 Time step =         1818
 Catch=   252409.025415986     
 Abd=   176411.9    
 Time step =         1819
 Catch=   252409.019524945     
 Abd=   176411.9    
 Time step =         1820
 Catch=   252409.016636392     
 Abd=   176411.9    
 Time step =         1821
 Catch=   252409.011328608     
 Abd=   176411.9    
 Time step =         1822
 Catch=   252409.024973114     
 Abd=   176411.9    
 Time step =         1823
 Catch=   252409.058729824     
 Abd=   176411.9    
 Time step =         1824
 Catch=   252409.012468571     
 Abd=   176411.8    
 Time step =         1825
 Catch=   252408.966709217     
 Abd=   176411.8    
 Time step =         1826
 Catch=   252408.991918635     
 Abd=   176411.9    
 Time step =         1827
 Catch=   252409.016361585     
 Abd=   176411.9    
 Time step =         1828
 Catch=   252408.959630240     
 Abd=   176411.9    
 Time step =         1829
 Catch=   252408.989212136     
 Abd=   176411.9    
 Time step =         1830
 Catch=   252409.031817691     
 Abd=   176411.8    
 Time step =         1831
 Catch=   252408.904373005     
 Abd=   176411.8    
 Time step =         1832
 Catch=   252408.977422671     
 Abd=   176411.9    
 Time step =         1833
 Catch=   252409.101852953     
 Abd=   176411.9    
 Time step =         1834
 Catch=   252409.073956845     
 Abd=   176411.9    
 Time step =         1835
 Catch=   252409.101474973     
 Abd=   176411.9    
 Time step =         1836
 Catch=   252409.046577728     
 Abd=   176411.9    
 Time step =         1837
 Catch=   252409.091080182     
 Abd=   176411.9    
 Time step =         1838
 Catch=   252409.101245805     
 Abd=   176411.9    
 Time step =         1839
 Catch=   252409.095669601     
 Abd=   176411.9    
 Time step =         1840
 Catch=   252409.028176461     
 Abd=   176411.9    
 Time step =         1841
 Catch=   252409.029849287     
 Abd=   176411.9    
 Time step =         1842
 Catch=   252409.047256586     
 Abd=   176411.9    
 Time step =         1843
 Catch=   252408.999783112     
 Abd=   176411.9    
 Time step =         1844
 Catch=   252409.005473306     
 Abd=   176411.9    
 Time step =         1845
 Catch=   252409.069499172     
 Abd=   176411.9    
 Time step =         1846
 Catch=   252409.005805708     
 Abd=   176411.8    
 Time step =         1847
 Catch=   252408.951037832     
 Abd=   176411.8    
 Time step =         1848
 Catch=   252408.952966352     
 Abd=   176411.9    
 Time step =         1849
 Catch=   252408.958869277     
 Abd=   176411.8    
 Time step =         1850
 Catch=   252408.968474370     
 Abd=   176411.9    
 Time step =         1851
 Catch=   252409.037178276     
 Abd=   176411.9    
 Time step =         1852
 Catch=   252409.071446574     
 Abd=   176411.9    
 Time step =         1853
 Catch=   252409.057046368     
 Abd=   176411.9    
 Time step =         1854
 Catch=   252409.027195072     
 Abd=   176411.9    
 Time step =         1855
 Catch=   252409.042086579     
 Abd=   176411.9    
 Time step =         1856
 Catch=   252409.089008539     
 Abd=   176412.0    
 Time step =         1857
 Catch=   252409.139616838     
 Abd=   176412.0    
 Time step =         1858
 Catch=   252409.125804144     
 Abd=   176411.9    
 Time step =         1859
 Catch=   252409.075443608     
 Abd=   176411.9    
 Time step =         1860
 Catch=   252409.076690717     
 Abd=   176411.9    
 Time step =         1811
 Abd=   176411.9    
 Catch=   10138.0465389597     
 Time step =         1812
 Abd=   170217.7    
 Catch=   10765.4481320256     
 Time step =         1813
 Abd=   180850.8    
 Catch=   9475.18810405517     
 Time step =         1814
 Abd=   159017.9    
 Catch=   9672.46077281501     
 Time step =         1815
 Abd=   162474.2    
 Catch=   11142.5664267648     
 Time step =         1816
 Abd=   187366.2    
 Catch=   12605.5700301617     
 Time step =         1817
 Abd=   211884.9    
 Catch=   13223.9561713730     
 Time step =         1818
 Abd=   222106.8    
 Catch=   13134.7457793968     
 Time step =         1819
 Abd=   220487.8    
 Catch=   11135.0066351367     
 Time step =         1820
 Abd=   186696.2    
 Catch=   11208.0404912417     
 Time step =         1821
 Abd=   188171.8    
 Catch=   11177.2107801508     
 Time step =         1822
 Abd=   187630.0    
 Catch=   11223.1725228920     
 Time step =         1823
 Abd=   188465.0    
 Catch=   10707.4776596756     
 Time step =         1824
 Abd=   179765.0    
 Catch=   9873.24161501576     
 Time step =         1825
 Abd=   165807.2    
 Catch=   9825.64008531099     
 Time step =         1826
 Abd=   165007.8    
 Catch=   9772.78122634963     
 Time step =         1827
 Abd=   164096.9    
 Catch=   10639.0639814449     
 Time step =         1828
 Abd=   178792.5    
 Catch=   10780.6881473059     
 Time step =         1829
 Abd=   180994.5    
 Catch=   11450.0129588094     
 Time step =         1830
 Abd=   192325.0    
 Catch=   11066.8530467455     
 Time step =         1831
 Abd=   185762.5    
 Catch=   10706.9768824233     
 Time step =         1832
 Abd=   179686.5    
 Catch=   10971.3514602225     
 Time step =         1833
 Abd=   184251.0    
 Catch=   11759.4181049513     
 Time step =         1834
 Abd=   197569.0    
 Catch=   10680.6558100846     
 Time step =         1835
 Abd=   179143.9    
 Catch=   10417.8696891561     
 Time step =         1836
 Abd=   174874.3    
 Catch=   11475.0254371220     
 Time step =         1837
 Abd=   192848.6    
 Catch=   12061.6686735425     
 Time step =         1838
 Abd=   202654.8    
 Catch=   10099.2227277630     
 Time step =         1839
 Abd=   169414.2    
 Catch=   10191.6115292581     
 Time step =         1840
 Abd=   171235.0    
 Catch=   10477.3572734455     
 Time step =         1841
 Abd=   175945.1    
 Catch=   12174.4074723625     
 Time step =         1842
 Abd=   204796.2    
 Catch=   9514.65442618752     
 Time step =         1843
 Abd=   159557.6    
 Catch=   10070.7104393695     
 Time step =         1844
 Abd=   169581.3    
 Catch=   10189.2642326864     
 Time step =         1845
 Abd=   171143.6    
 Catch=   9897.75728841216     
 Time step =         1846
 Abd=   166147.2    
 Catch=   9606.08958625721     
 Time step =         1847
 Abd=   161343.6    
 Catch=   10041.2062828649     
 Time step =         1848
 Abd=   168648.9    
 Catch=   10444.4058793891     
 Time step =         1849
 Abd=   175446.2    
 Catch=   10268.7075742382     
 Time step =         1850
 Abd=   172349.5    
 Catch=   11753.5568619497     
 Time step =         1851
 Abd=   197622.0    
 Catch=   11865.6126374066     
 Time step =         1852
 Abd=   199219.8    
 Catch=   10615.7943533494     
 Time step =         1853
 Abd=   178079.9    
 Catch=   10413.6493558173     
 Time step =         1854
 Abd=   174762.6    
 Catch=   10419.5354385761     
 Time step =         1855
 Abd=   174919.2    
 Catch=   11020.3205728039     
 Time step =         1856
 Abd=   185137.0    
 Catch=   10817.9720597416     
 Time step =         1857
 Abd=   181558.3    
 Catch=   11540.1848432592     
 Time step =         1858
 Abd=   193844.5    
 Catch=   12082.6681177558     
 Time step =         1859
 Abd=   202889.1    
 Catch=   10964.3239756810     
 Time step =         1860
 Abd=   183904.2    
 Catch=   10665.6505352874     
 Time step =         1861
 Abd=   179049.1    
 Catch=   9755.55705004708     
 Time step =         1862
 Abd=   163699.1    
 Catch=   11425.2559369542     
 Time step =         1863
 Abd=   192135.9    
 Catch=   10718.2936702588     
 Time step =         1864
 Abd=   179834.4    
 Catch=   9951.05132683429     
 Time step =         1865
 Abd=   167105.0    
 Catch=   10325.8870762151     
 Time step =         1866
 Abd=   173404.2    
 Catch=   13038.9872935423     
 Time step =         1867
 Abd=   219594.2    
 Catch=   9806.17344792362     
 Time step =         1868
 Abd=   164426.8    
 Catch=   10054.1966123084     
 Time step =         1869
 Abd=   168964.3    
 Catch=   10334.1271553532     
 Time step =         1870
 Abd=   173650.7    
 Catch=   11466.5369823206     
 Time step =         1871
 Abd=   192746.1    
 Catch=   11079.1213182416     
 Time step =         1872
 Abd=   186007.1    
 Catch=   10236.4056169776     
 Time step =         1873
 Abd=   171834.4    
 Catch=   8992.28074583272     
 Time step =         1874
 Abd=   150998.4    
 Catch=   9830.60230317512     
 Time step =         1875
 Abd=   165239.8    
 Catch=   10580.4080285830     
 Time step =         1876
 Abd=   177817.8    
 Catch=   10744.9561433922     
 Time step =         1877
 Abd=   180539.7    
 Catch=   9584.80531979325     
 Time step =         1878
 Abd=   160913.0    
 Catch=   10099.9529927516     
 Time step =         1879
 Abd=   169714.1    
 Catch=   10551.3703606268     
 Time step =         1880
 Abd=   177269.8    
 Catch=   9664.19036380667     
 Time step =         1881
 Abd=   162150.2    
 Catch=   9449.37482072036     
 Time step =         1882
 Abd=   158741.7    
 Catch=   10366.3550613223     
 Time step =         1883
 Abd=   174203.0    
 Catch=   10671.1201453732     
 Time step =         1884
 Abd=   179185.3    
 Catch=   12809.7169256134     
 Time step =         1885
 Abd=   215553.5    
 Catch=   10749.5904365767     
 Time step =         1886
 Abd=   180270.9    
 Catch=   9543.59714162732     
 Time step =         1887
 Abd=   160187.0    
 Catch=   10169.9396630055     
 Time step =         1888
 Abd=   171017.1    
 Catch=   10596.4665026024     
 Time step =         1889
 Abd=   178028.2    
 Catch=   11622.0477489123     
 Time step =         1890
 Abd=   195365.0    
 Catch=   10680.1140607297     
 Time step =         1891
 Abd=   179195.5    
 Catch=   9181.03246882748     
 Time step =         1892
 Abd=   154083.3    
 Catch=   9126.83914062358     
 Time step =         1893
 Abd=   153263.8    
 Catch=   9562.76532395190     
 Time step =         1894
 Abd=   160641.2    
 Catch=   10142.6260821477     
 Time step =         1895
 Abd=   170383.4    
 Catch=   11232.4946650711     
 Time step =         1896
 Abd=   188766.9    
 Catch=   10815.6007113111     
 Time step =         1897
 Abd=   181504.8    
 Catch=   9631.42935554610     
 Time step =         1898
 Abd=   161578.1    
 Catch=   9757.05779164702     
 Time step =         1899
 Abd=   163809.6    
 Catch=   10611.6225880264     
 Time step =         1900
 Abd=   178285.8    
 Catch=   10548.9456884576     
 Time step =         1901
 Abd=   177168.8    
 Catch=   9824.64323522651     
 Time step =         1902
 Abd=   164837.4    
 Catch=   9658.60361415961     
 Time step =         1903
 Abd=   162129.6    
 Catch=   9888.32158084400     
 Time step =         1904
 Abd=   166000.0    
 Catch=   10688.6091812061     
 Time step =         1905
 Abd=   179565.1    
 Catch=   8922.71995170722     
 Time step =         1906
 Abd=   149630.5    
 Catch=   9247.14664232585     
 Time step =         1907
 Abd=   155482.1    
 Catch=   10108.3883819546     
 Time step =         1908
 Abd=   169893.8    
 Catch=   11502.1212179140     
 Time step =         1909
 Abd=   193475.5    
 Catch=   10149.0117458085     
 Time step =         1910
 Abd=   170295.5    
 Catch=   9769.86313444242     
 Time step =         1911
 Abd=   164140.3    
 Catch=   9409.89758672324     
 Time step =         1912
 Abd=   157969.3    
 Catch=   10250.3911704186     
 Time step =         1913
 Abd=   172289.5    
 Catch=   9154.69761385711     
 Time step =         1914
 Abd=   153510.8    
 Catch=   10018.8261736232     
 Time step =         1915
 Abd=   168339.5    
 Catch=   8582.82926984903     
 Time step =         1916
 Abd=   143916.3    
 Catch=   9624.99241413997     
 Time step =         1917
 Abd=   161772.6    
 Catch=   9058.30188968954     
 Time step =         1918
 Abd=   152074.8    
 Catch=   8515.54658496659     
 Time step =         1919
 Abd=   143050.3    
 Catch=   9176.29778295747     
 Time step =         1920
 Abd=   154236.4    
 Catch=   10218.7676951768     
 Time step =         1921
 Abd=   171888.6    
 Catch=   8468.18502996309     
 Time step =         1922
 Abd=   142036.6    
 Catch=   9128.01109922937     
 Time step =         1923
 Abd=   153769.0    
 Catch=   9710.74201643442     
 Time step =         1924
 Abd=   163172.7    
 Catch=   9625.65277801939     
 Time step =         1925
 Abd=   161571.9    
 Catch=   10034.2462645172     
 Time step =         1926
 Abd=   168570.8    
 Catch=   9573.94118793505     
 Time step =         1927
 Abd=   160630.1    
 Catch=   9618.89356104895     
 Time step =         1928
 Abd=   161470.5    
 Catch=   9237.77989708621     
 Time step =         1929
 Abd=   155056.0    
 Catch=   9289.58844764743     
 Time step =         1930
 Abd=   155930.4    
 Catch=   8927.51437422320     
 Time step =         1931
 Abd=   149844.2    
 Catch=   8434.55142005491     
 Time step =         1932
 Abd=   141491.4    
 Catch=   9060.11414530735     
 Time step =         1933
 Abd=   152261.6    
 Catch=   8409.36597269674     
 Time step =         1934
 Abd=   141120.2    
 Catch=   7623.95004240461     
 Time step =         1935
 Abd=   128043.3    
 Catch=   9035.06187874346     
 Time step =         1936
 Abd=   152394.4    
 Catch=   9464.70597815998     
 Time step =         1937
 Abd=   159176.1    
 Catch=   8334.22177568721     
 Time step =         1938
 Abd=   139800.4    
 Catch=   8878.50058221597     
 Time step =         1939
 Abd=   149150.9    
 Catch=   8687.01199266159     
 Time step =         1940
 Abd=   145793.9    
 Catch=   8329.46514247658     
 Time step =         1941
 Abd=   139782.6    
 Catch=   8092.13049448862     
 Time step =         1942
 Abd=   135907.5    
 Catch=   8772.10953532636     
 Time step =         1943
 Abd=   147489.2    
 Catch=   8271.88218458660     
 Time step =         1944
 Abd=   138795.1    
 Catch=   9106.29056968353     
 Time step =         1945
 Abd=   153105.1    
 Catch=   8569.70794540453     
 Time step =         1946
 Abd=   143826.0    
 Catch=   8933.20774844406     
 Time step =         1947
 Abd=   150179.8    
 Catch=   8879.06075628971     
 Time step =         1948
 Abd=   149173.1    
 Catch=   9090.79775120991     
 Time step =         1949
 Abd=   152696.8    
 Catch=   8701.47037472393     
 Time step =         1950
 Abd=   146016.6    
 Catch=   9794.15510832769     
 Time step =         1951
 Abd=   164984.8    
 Catch=   9590.73075246180     
 Time step =         1952
 Abd=   161109.5    
 Catch=   9112.41324321039     
 Time step =         1953
 Abd=   152915.0    
 Catch=   7664.67604818336     
 Time step =         1954
 Abd=   128546.5    
 Catch=   8624.66360882228     
 Time step =         1955
 Abd=   145265.2    
 Catch=   9767.81363538174     
 Time step =         1956
 Abd=   164295.3    
 Catch=   9398.91039960002     
 Time step =         1957
 Abd=   157950.6    
 Catch=   9551.95774540766     
 Time step =         1958
 Abd=   160394.2    
 Catch=   7990.16928640527     
 Time step =         1959
 Abd=   134113.0    
 Catch=   9688.31958075632     
 Time step =         1960
 Abd=   163085.8    
 Catch=   8485.33774444487     
 Time step =         1961
 Abd=   142299.8    
 Catch=   8341.68416000686     
 Time step =         1962
 Abd=   140267.5    
 Catch=   8559.55975032980     
 Time step =         1963
 Abd=   143745.8    
 Catch=   9982.46798745780     
 Time step =         1964
 Abd=   167976.8    
 Catch=   7835.31025554273     
 Time step =         1965
 Abd=   131394.8    
 Catch=   8016.71495917409     
 Time step =         1966
 Abd=   134825.3    
 Catch=   9362.74295308602     
 Time step =         1967
 Abd=   157509.1    
 Catch=   9199.72640506069     
 Time step =         1968
 Abd=   154393.1    
 Catch=   8758.54305177053     
 Time step =         1969
 Abd=   146948.8    
 Catch=   9652.82603990076     
 Time step =         1970
 Abd=   162299.2    
 Catch=   8803.60006072864     
 Time step =         1971
 Abd=   147712.2    
 Catch=   6898.94352375990     
 Time step =         1972
 Abd=   115696.7    
 Catch=   8073.65919902629     
 Time step =         1973
 Abd=   136007.3    
 Catch=   8105.29451794012     
 Time step =         1974
 Abd=   136136.7    
 Catch=   8272.97833168329     
 Time step =         1975
 Abd=   138934.7    
 Catch=   8773.34326295049     
 Time step =         1976
 Abd=   147539.4    
 Catch=   9031.41238043371     
 Time step =         1977
 Abd=   151877.7    
 Catch=   7711.42505597456     
 Time step =         1978
 Abd=   129395.8    
 Catch=   8993.48982096908     
 Time step =         1979
 Abd=   151389.9    
 Catch=   7540.89463201582     
 Time step =         1980
 Abd=   126569.0    
 Catch=   6963.78411366067     
 Time step =         1981
 Abd=   117058.1    
 Catch=   7921.41304583813     
 Time step =         1982
 Abd=   133245.8    
 Catch=   9020.70393584990     
 Time step =         1983
 Abd=   151707.0    
 Catch=   8069.60126168443     
 Time step =         1984
 Abd=   135458.0    
 Catch=   6908.36701554136     
 Time step =         1985
 Abd=   116087.2    
 Catch=   8705.17252453602     
 Time step =         1986
 Abd=   146777.4    
 Catch=   8525.01622395168     
 Time step =         1987
 Abd=   143148.5    
 Catch=   9839.69174906161     
 Time step =         1988
 Abd=   165512.7    
 Catch=   7626.60351280322     
 Time step =         1989
 Abd=   127838.1    
 Catch=   7218.58509054728     
 Time step =         1990
 Abd=   121376.4    
 Catch=   8452.62399434592     
 Time step =         1991
 Abd=   142334.8    
 Catch=   9421.22477695757     
 Time step =         1992
 Abd=   158481.0    
 Catch=   9022.73430921030     
 Time step =         1993
 Abd=   151569.1    
 Catch=   7513.22052483389     
 Time step =         1994
 Abd=   125990.5    
 Catch=   7737.98503424042     
 Time step =         1995
 Abd=   130214.2    
 Catch=   8588.49999793438     
 Time step =         1996
 Abd=   144489.7    
 Catch=   7860.77814226224     
 Time step =         1997
 Abd=   131940.0    
 Catch=   7256.71479709178     
 Time step =         1998
 Abd=   121849.3    
 Catch=   8515.30525079616     
 Time step =         1999
 Abd=   143383.9    
 Catch=   7643.96131460873     
 Time step =         2000
 Abd=   128316.2    
 Catch=   7894.03919833649     
 Time step =         2001
 Abd=   132835.6    
 Catch=   8962.28009309708     
 Time step =         2002
 Abd=   150803.9    
 Catch=   6550.95032730058     
 Time step =         2003
 Abd=   109920.7    
 Catch=   8083.23623531089     
 Time step =         2004
 Abd=   136168.9    
 Catch=   9524.68000470154     
 Time step =         2005
 Abd=   160415.0    
 Catch=   7111.60723053262     
 Time step =         2006
 Abd=   119286.3    
 Catch=   8010.32106914289     
 Time step =         2007
 Abd=   134749.0    
 Catch=   9130.86222861525     
 Time step =         2008
 Abd=   153656.8    
 Catch=   7861.88184953843     
 Time step =         2009
 Abd=   131882.5    
 Catch=   8600.63514993041     
 Time step =         2010
 Abd=   144634.1    
 Catch=   8833.37418916008     
 Time step =         2011
 Abd=   148447.0    
 Catch=   7855.29794538667     
 Time step =         2012
 Abd=   131793.2    
 Catch=   8794.29931601702     
 Time step =         2013
 Abd=   148005.9    
 Catch=   8210.51824378812     
 Time step =         2014
 Abd=   137805.4    
 Catch=   7464.97539685076     
 Time step =         2015
 Abd=   125480.5    
 Catch=   9590.90164503858     
 Time step =         2016
 Abd=   161713.4    
 Catch=   10137.8225897512     
 Time step =         2017
 Abd=   170754.8    
 Catch=   7632.42585685638     
 Time step =         2018
 Abd=   127945.9    
 Catch=   7951.61183490287     
 Time step =         2019
 Abd=   133652.8    
 Catch=   8622.84685412210     
 Time step =         2020
 Abd=   144909.5    
 Catch=   8652.40587147702     
 Time step =         2021
 Abd=   145263.8    
 Catch=   8437.38930936470     
 Time step =         2022
 Abd=   141628.0    
 Catch=   8309.75089747151     
 Time step =         2023
 Abd=   139493.4    
 Catch=   7313.01706186631     
 Time step =         2024
 Abd=   122647.9    
 Catch=   7471.14580469494     
 Time step =         2025
 Abd=   125560.0    
 Catch=   8886.26454582433     
 Time step =         2026
 Abd=   149512.4    
 Catch=   7706.93317776130     
 Time step =         2027
 Abd=   129303.0    
 Catch=   7574.32864583159     
 Time step =         2028
 Abd=   127316.8    
 Catch=   9355.84569032288     
 Time step =         2029
 Abd=   157828.7    
 Catch=   9463.66154949305     
 Time step =         2030
 Abd=   158991.9    
 Catch=   7310.06578950271     
 Time step =         2031
 Abd=   122586.7    
 Catch=   7591.37812513568     
 Time step =         2032
 Abd=   127727.4    
 Catch=   8630.51125757148     
 Time step =         2033
 Abd=   145138.9    
 Catch=   9667.88273373377     
 Time step =         2034
 Abd=   162722.7    
 Catch=   7490.00061326980     
 Time step =         2035
 Abd=   125675.1    
 Catch=   7069.84262497126     
 Time step =         2036
 Abd=   118872.5    
 Catch=   8753.33943855227     
 Time step =         2037
 Abd=   147561.9    
 Catch=   9814.35373220679     
 Time step =         2038
 Abd=   165249.0    
 Catch=   8779.32184277115     
 Time step =         2039
 Abd=   147321.2    
 Catch=   8499.81892378670     
 Time step =         2040
 Abd=   142871.1    
 Catch=   10661.4826184834     
 Time step =         2041
 Abd=   179633.5    
 Catch=   8293.94651652212     
 Time step =         2042
 Abd=   139103.8    
 Catch=   7036.89295985211     
 Time step =         2043
 Abd=   118197.1    
 Catch=   8164.61463070974     
 Time step =         2044
 Abd=   137483.3    
 Catch=   9042.39510766543     
 Time step =         2045
 Abd=   152121.3    
 Catch=   9026.13892928974     
 Time step =         2046
 Abd=   151630.9    
 Catch=   9944.56957019641     
 Time step =         2047
 Abd=   167140.4    
 Catch=   9534.48436716888     
 Time step =         2048
 Abd=   160042.8    
 Catch=   7552.68797992766     
 Time step =         2049
 Abd=   126647.5    
 Catch=   9233.84246868314     
 Time step =         2050
 Abd=   155517.6    
 Catch=   8673.90503055426     
 Time step =         2051
 Abd=   145684.9    
 Catch=   8650.53612760609     
 Time step =         2052
 Abd=   145474.9    
 Catch=   11436.0990767596     
 Time step =         2053
 Abd=   193290.2    
 Catch=   8546.11154291228     
 Time step =         2054
 Abd=   143382.8    
 Catch=   7192.84657007859     
 Time step =         2055
 Abd=   120809.5    
 Catch=   8622.67188086525     
 Time step =         2056
 Abd=   145176.2    
 Catch=   8898.73820765937     
 Time step =         2057
 Abd=   149498.0    
 Catch=   8428.50597097512     
 Time step =         2058
 Abd=   141469.4    
 Catch=   10074.1900794948     
 Time step =         2059
 Abd=   169490.2    
 Catch=   8189.38569073136     
 Time step =         2060
 Abd=   137333.5    
 Catch=   7523.19552173949     
 Time step =         2061
 Abd=   126419.0    
 Catch=   8389.39521015061     
 Time step =         2062
 Abd=   141099.6    
 Catch=   7872.65318713440     
 Time step =         2063
 Abd=   132118.5    
 Catch=   7931.10654133086     
 Time step =         2064
 Abd=   133296.8    
 Catch=   8891.87091647341     
 Time step =         2065
 Abd=   149502.8    
 Catch=   8774.45094144992     
 Time step =         2066
 Abd=   147323.5    
 Catch=   7631.07178685095     
 Time step =         2067
 Abd=   128099.5    
 Catch=   8815.51953280443     
 Time step =         2068
 Abd=   148344.1    
 Catch=   7433.57922809546     
 Time step =         2069
 Abd=   124707.0    
 Catch=   7784.85759459303     
 Time step =         2070
 Abd=   130951.2    
 Catch=   8561.29988216780     
 Time step =         2071
 Abd=   144010.6    
 Catch=   7977.80284264287     
 Time step =         2072
 Abd=   133897.5    
 Catch=   7530.39495959365     
 Time step =         2073
 Abd=   126417.0    
 Catch=   7811.24693575145     
 Time step =         2074
 Abd=   131182.9    
 Catch=   9318.82482244792     
 Time step =         2075
 Abd=   156770.4    
 Catch=   8065.92723890734     
 Time step =         2076
 Abd=   135303.0    
 Catch=   8838.53235672024     
 Time step =         2077
 Abd=   148672.4    
 Catch=   9506.47928223878     
 Time step =         2078
 Abd=   159809.1    
 Catch=   8784.30806097031     
 Time step =         2079
 Abd=   147404.0    
 Catch=   7213.23944404959     
 Time step =         2080
 Abd=   121028.4    
 Catch=   8770.50839716253     
 Time step =         2081
 Abd=   147597.9    
 Catch=   9633.34227461233     
 Time step =         2082
 Abd=   161878.7    
 Catch=   7735.33934427265     
 Time step =         2083
 Abd=   129701.8    
 Catch=   8259.68732711383     
 Time step =         2084
 Abd=   138843.8    
 Catch=   8457.36599009900     
 Time step =         2085
 Abd=   142035.4    
 Catch=   9925.41685796768     
 Time step =         2086
 Abd=   167001.3    
 Catch=   8124.91470275081     
 Time step =         2087
 Abd=   136241.4    
 Catch=   7573.67452977668     
 Time step =         2088
 Abd=   127314.5    
 Catch=   8831.23237402382     
 Time step =         2089
 Abd=   148601.2    
 Catch=   9758.49778119929     
 Time step =         2090
 Abd=   164041.7    
 Catch=   8097.38994674809     
 Time step =         2091
 Abd=   135754.9    
 Catch=   8144.93647674340     
 Time step =         2092
 Abd=   136826.4    
 Catch=   8756.37945249423     
 Time step =         2093
 Abd=   147153.0    
 Catch=   7749.36368249123     
 Time step =         2094
 Abd=   129980.1    
 Catch=   8656.71661578494     
 Time step =         2095
 Abd=   145487.2    
 Catch=   9339.40256265696     
 Time step =         2096
 Abd=   156940.5    
 Catch=   7980.58828171066     
 Time step =         2097
 Abd=   133841.1    
 Catch=   8485.23233124130     
 Time step =         2098
 Abd=   142504.2    
 Catch=   7748.91611491326     
 Time step =         2099
 Abd=   129963.4    
 Catch=   8316.67763953225     
 Time step =         2100
 Abd=   139698.4    
 Catch=   9027.83212333251     
 Time step =         2101
 Abd=   151737.6    
 Catch=   7193.79100713840     
 Time step =         2102
 Abd=   120705.9    
 Catch=   9134.70171412425     
 Time step =         2103
 Abd=   153855.5    
 Catch=   8653.87404834178     
 Time step =         2104
 Abd=   145303.4    
 Catch=   7643.28091926636     
 Time step =         2105
 Abd=   128270.2    
 Catch=   8331.98972052934     
 Time step =         2106
 Abd=   140003.7    
 Catch=   8929.34292717031     
 Time step =         2107
 Abd=   150026.1    
 Catch=   9502.49215011461     
 Time step =         2108
 Abd=   159578.3    
 Catch=   9019.67379639394     
 Time step =         2109
 Abd=   151327.5    
 Catch=   8102.59934882084     
 Time step =         2110
 Abd=   136107.1    
 Catch=   9335.13899871807     
 Time step =         2111
 Abd=   157073.5    
 Catch=   10484.5714215061     
 Time step =         2112
 Abd=   176327.1    
 Catch=   8437.31244575673     
 Time step =         2113
 Abd=   141403.3    
 Catch=   8913.35129414423     
 Time step =         2114
 Abd=   149865.4    
 Catch=   9226.19494852212     
 Time step =         2115
 Abd=   155050.1    
 Catch=   7970.37424352521     
 Time step =         2116
 Abd=   133716.5    
 Catch=   9110.32710164663     
 Time step =         2117
 Abd=   153247.6    
 Catch=   9481.56699373408     
 Time step =         2118
 Abd=   159229.6    
 Catch=   8093.59873529987     
 Time step =         2119
 Abd=   135732.1    
 Catch=   7189.36707693287     
 Time step =         2120
 Abd=   120661.2    
 Catch=   8042.78060609064     
 Time step =         2121
 Abd=   135209.8    
 Catch=   8221.17244738761     
 Time step =         2122
 Abd=   138062.3    
 Catch=   8019.65362209854     
 Time step =         2123
 Abd=   134605.5    
 Catch=   8889.75626260259     
 Time step =         2124
 Abd=   149385.2    
 Catch=   8239.82449396411     
 Time step =         2125
 Abd=   138321.7    
 Catch=   9906.70195800471     
 Time step =         2126
 Abd=   166694.8    
 Catch=   7877.43062817091     
 Time step =         2127
 Abd=   132061.4    
 Catch=   7727.84606048094     
 Time step =         2128
 Abd=   129925.2    
 Catch=   8599.65051099548     
 Time step =         2129
 Abd=   144585.5    
 Catch=   10130.9543672066     
 Time step =         2130
 Abd=   170427.4    
 Catch=   8537.22286189622     
 Time step =         2131
 Abd=   143194.0    
 Catch=   7878.46464421212     
 Time step =         2132
 Abd=   132423.1    
 Catch=   8267.43953321790     
 Time step =         2133
 Abd=   138936.3    
 Catch=   9257.37802232919     
 Time step =         2134
 Abd=   155658.8    
 Catch=   8887.96994846196     
 Time step =         2135
 Abd=   149206.3    
 Catch=   7994.08274216992     
 Time step =         2136
 Abd=   134150.4    
 Catch=   9405.21949257044     
 Time step =         2137
 Abd=   158174.3    
 Catch=   8784.17839543041     
 Time step =         2138
 Abd=   147394.5    
 Catch=   8034.37401905241     
 Time step =         2139
 Abd=   134904.8    
 Catch=   8732.06999319973     
 Time step =         2140
 Abd=   146746.0    
 Catch=   7691.54003772107     
 Time step =         2141
 Abd=   128997.1    
 Catch=   8111.07929527935     
 Time step =         2142
 Abd=   136192.9    
 Catch=   8786.35332105759     
 Time step =         2143
 Abd=   147569.1    
 Catch=   8476.84932910466     
 Time step =         2144
 Abd=   142336.0    
 Catch=   8249.54299462771     
 Time step =         2145
 Abd=   138431.3    
 Catch=   8528.61955003026     
 Time step =         2146
 Abd=   143274.3    
 Catch=   9374.41641699196     
 Time step =         2147
 Abd=   157540.2    
 Catch=   8228.84517310014     
 Time step =         2148
 Abd=   138052.8    
 Catch=   8334.46289785142     
 Time step =         2149
 Abd=   139905.6    
 Catch=   10746.7847404605     
 Time step =         2150
 Abd=   180984.2    
 Catch=   8623.06659942307     
 Time step =         2151
 Abd=   144567.5    
 Catch=   8632.94966837982     
 Time step =         2152
 Abd=   145088.2    
 Catch=   8115.41520049536     
 Time step =         2153
 Abd=   136198.8    
 Catch=   8085.47815599486     
 Time step =         2154
 Abd=   135710.7    
 Catch=   9591.74973424582     
 Time step =         2155
 Abd=   161352.0    
 Catch=   8271.94033112183     
 Time step =         2156
 Abd=   138722.6    
 Catch=   7492.87678741676     
 Time step =         2157
 Abd=   125814.6    
 Catch=   8182.33173135237     
 Time step =         2158
 Abd=   137524.1    
 Catch=   9147.65174926902     
 Time step =         2159
 Abd=   153773.3    
 Catch=   9792.71478754504     
 Time step =         2160
 Abd=   164572.0    
 Catch=   8858.50045184027     
 Completed!
Program ADRDisp finished with exit code 0 at: Fri 26 Jun 2026 03:24:38 AM PDT
Compressing DBEM outputs
Compressed as TIPMIP_HOS_COMBINED_tipmip_mes_h0_TipmipSppMes10_netcdf.tar.gz
Creating netCDF
[1] "610238"
Finished!
