Extracting environmental data
Environmental data extracted
Current working directory is /project/6006523/jepa/tipping_points/scripts/run_dbem
Starting run at:Sun 28 Jun 2026 08:00:06 AM PDT
“Starting task: 10”
 SppListRoot: 
 ~/projects/def-wailung/Data/Species/TaxonList/tipping_point/                   
                                                                                
                                                                                
                    
 Species list: 10  
 TipmipSppMes10.txt  
 Initializing, loading files...
           1
 610238    
 /localscratch/jepa.46124414.0/tipmip_mes_p/610238                              
  
 Read Parameters...
 Running Taxon B_pterotum          
 ~/projects/def-wailung/Data/Species/Distributions/S610238.csv                  
                                          
  3.710343132585779E-007
 Thread           0  starting...
 Time step =         1861
 Catch=   753057.772212979     
 Abd=   222744.7    
 Time step =         1862
 Catch=   283366.344601670     
 Abd=   184820.1    
 Time step =         1863
 Catch=   258504.278050546     
 Abd=   178207.5    
 Time step =         1864
 Catch=   253735.633179350     
 Abd=   176811.2    
 Time step =         1865
 Catch=   252706.147165842     
 Abd=   176502.2    
 Time step =         1866
 Catch=   252476.554143265     
 Abd=   176432.6    
 Time step =         1867
 Catch=   252424.612260623     
 Abd=   176416.8    
 Time step =         1868
 Catch=   252412.690078070     
 Abd=   176413.1    
 Time step =         1869
 Catch=   252409.861203698     
 Abd=   176412.1    
 Time step =         1870
 Catch=   252409.184787051     
 Abd=   176411.9    
 Time step =         1871
 Catch=   252409.088439634     
 Abd=   176412.0    
 Time step =         1872
 Catch=   252409.133435191     
 Abd=   176412.0    
 Time step =         1873
 Catch=   252409.125224718     
 Abd=   176411.9    
 Time step =         1874
 Catch=   252409.087117169     
 Abd=   176411.9    
 Time step =         1875
 Catch=   252409.007315804     
 Abd=   176411.9    
 Time step =         1876
 Catch=   252409.064248868     
 Abd=   176411.9    
 Time step =         1877
 Catch=   252409.057357451     
 Abd=   176411.9    
 Time step =         1878
 Catch=   252408.991766493     
 Abd=   176411.8    
 Time step =         1879
 Catch=   252409.002775520     
 Abd=   176411.9    
 Time step =         1880
 Catch=   252408.976242794     
 Abd=   176411.8    
 Time step =         1881
 Catch=   252408.973454523     
 Abd=   176411.9    
 Time step =         1882
 Catch=   252409.015373952     
 Abd=   176411.9    
 Time step =         1883
 Catch=   252409.030907258     
 Abd=   176411.9    
 Time step =         1884
 Catch=   252409.088012519     
 Abd=   176411.9    
 Time step =         1885
 Catch=   252409.118648081     
 Abd=   176411.9    
 Time step =         1886
 Catch=   252409.104964152     
 Abd=   176411.9    
 Time step =         1887
 Catch=   252409.071896693     
 Abd=   176411.9    
 Time step =         1888
 Catch=   252409.066890247     
 Abd=   176411.9    
 Time step =         1889
 Catch=   252409.076545186     
 Abd=   176411.9    
 Time step =         1890
 Catch=   252409.084606423     
 Abd=   176411.9    
 Time step =         1891
 Catch=   252408.999506968     
 Abd=   176411.9    
 Time step =         1892
 Catch=   252409.018939019     
 Abd=   176411.9    
 Time step =         1893
 Catch=   252409.009427955     
 Abd=   176411.9    
 Time step =         1894
 Catch=   252409.040777941     
 Abd=   176411.9    
 Time step =         1895
 Catch=   252409.062410888     
 Abd=   176411.9    
 Time step =         1896
 Catch=   252409.048589851     
 Abd=   176411.9    
 Time step =         1897
 Catch=   252409.030909024     
 Abd=   176411.8    
 Time step =         1898
 Catch=   252409.024104934     
 Abd=   176411.9    
 Time step =         1899
 Catch=   252409.078839870     
 Abd=   176411.9    
 Time step =         1900
 Catch=   252409.050182058     
 Abd=   176411.9    
 Time step =         1901
 Catch=   252409.021820331     
 Abd=   176411.8    
 Time step =         1902
 Catch=   252408.992117984     
 Abd=   176411.9    
 Time step =         1903
 Catch=   252409.040425697     
 Abd=   176411.9    
 Time step =         1904
 Catch=   252409.029591042     
 Abd=   176411.8    
 Time step =         1905
 Catch=   252409.013864156     
 Abd=   176411.9    
 Time step =         1906
 Catch=   252409.038267431     
 Abd=   176411.9    
 Time step =         1907
 Catch=   252408.983725576     
 Abd=   176411.8    
 Time step =         1908
 Catch=   252408.919627101     
 Abd=   176411.8    
 Time step =         1909
 Catch=   252408.939441226     
 Abd=   176411.9    
 Time step =         1910
 Catch=   252409.075580713     
 Abd=   176411.9    
 Time step =         1861
 Catch=   252409.038762518     
 Abd=   176411.9    
 Time step =         1862
 Catch=   252408.970989795     
 Abd=   176411.8    
 Time step =         1863
 Catch=   252408.902851320     
 Abd=   176411.8    
 Time step =         1864
 Catch=   252408.972877255     
 Abd=   176411.9    
 Time step =         1865
 Catch=   252408.983273814     
 Abd=   176411.8    
 Time step =         1866
 Catch=   252408.976118104     
 Abd=   176411.8    
 Time step =         1867
 Catch=   252408.996351479     
 Abd=   176411.8    
 Time step =         1868
 Catch=   252408.947210541     
 Abd=   176411.9    
 Time step =         1869
 Catch=   252408.991795951     
 Abd=   176411.9    
 Time step =         1870
 Catch=   252408.949308848     
 Abd=   176411.8    
 Time step =         1871
 Catch=   252409.004512716     
 Abd=   176411.9    
 Time step =         1872
 Catch=   252409.022231692     
 Abd=   176411.9    
 Time step =         1873
 Catch=   252409.025562386     
 Abd=   176411.9    
 Time step =         1874
 Catch=   252409.076016018     
 Abd=   176411.9    
 Time step =         1875
 Catch=   252409.082392774     
 Abd=   176411.9    
 Time step =         1876
 Catch=   252409.027539673     
 Abd=   176411.9    
 Time step =         1877
 Catch=   252409.009735999     
 Abd=   176411.8    
 Time step =         1878
 Catch=   252408.906705374     
 Abd=   176411.8    
 Time step =         1879
 Catch=   252408.928182058     
 Abd=   176411.8    
 Time step =         1880
 Catch=   252408.921535218     
 Abd=   176411.8    
 Time step =         1881
 Catch=   252408.940974353     
 Abd=   176411.8    
 Time step =         1882
 Catch=   252408.956627559     
 Abd=   176411.8    
 Time step =         1883
 Catch=   252408.966196598     
 Abd=   176411.8    
 Time step =         1884
 Catch=   252408.970623024     
 Abd=   176411.8    
 Time step =         1885
 Catch=   252408.892031013     
 Abd=   176411.8    
 Time step =         1886
 Catch=   252408.981404244     
 Abd=   176411.8    
 Time step =         1887
 Catch=   252408.990869479     
 Abd=   176411.9    
 Time step =         1888
 Catch=   252409.064166293     
 Abd=   176411.9    
 Time step =         1889
 Catch=   252409.021074172     
 Abd=   176411.8    
 Time step =         1890
 Catch=   252408.964648109     
 Abd=   176411.9    
 Time step =         1891
 Catch=   252409.032178908     
 Abd=   176411.8    
 Time step =         1892
 Catch=   252408.924349768     
 Abd=   176411.8    
 Time step =         1893
 Catch=   252408.923608888     
 Abd=   176411.8    
 Time step =         1894
 Catch=   252408.973305265     
 Abd=   176411.9    
 Time step =         1895
 Catch=   252408.980340240     
 Abd=   176411.8    
 Time step =         1896
 Catch=   252408.977451235     
 Abd=   176411.8    
 Time step =         1897
 Catch=   252408.924422255     
 Abd=   176411.8    
 Time step =         1898
 Catch=   252408.933549349     
 Abd=   176411.9    
 Time step =         1899
 Catch=   252408.990979324     
 Abd=   176411.9    
 Time step =         1900
 Catch=   252409.000017663     
 Abd=   176411.9    
 Time step =         1901
 Catch=   252408.951836888     
 Abd=   176411.8    
 Time step =         1902
 Catch=   252408.992295955     
 Abd=   176411.9    
 Time step =         1903
 Catch=   252408.985245342     
 Abd=   176411.9    
 Time step =         1904
 Catch=   252408.999884855     
 Abd=   176411.9    
 Time step =         1905
 Catch=   252409.003200528     
 Abd=   176411.8    
 Time step =         1906
 Catch=   252408.905937685     
 Abd=   176411.8    
 Time step =         1907
 Catch=   252408.922102866     
 Abd=   176411.9    
 Time step =         1908
 Catch=   252408.988702591     
 Abd=   176411.9    
 Time step =         1909
 Catch=   252408.986272479     
 Abd=   176411.8    
 Time step =         1910
 Catch=   252408.988564213     
 Abd=   176411.9    
 Time step =         1861
 Catch=   252409.034631726     
 Abd=   176411.9    
 Time step =         1862
 Catch=   252409.068287329     
 Abd=   176411.9    
 Time step =         1863
 Catch=   252409.073044403     
 Abd=   176411.9    
 Time step =         1864
 Catch=   252409.083459191     
 Abd=   176411.9    
 Time step =         1865
 Catch=   252409.078825351     
 Abd=   176411.9    
 Time step =         1866
 Catch=   252409.040934805     
 Abd=   176411.9    
 Time step =         1867
 Catch=   252409.044319465     
 Abd=   176411.8    
 Time step =         1868
 Catch=   252408.973034490     
 Abd=   176411.9    
 Time step =         1869
 Catch=   252409.011794364     
 Abd=   176411.8    
 Time step =         1870
 Catch=   252408.952337806     
 Abd=   176411.8    
 Time step =         1871
 Catch=   252408.903126595     
 Abd=   176411.8    
 Time step =         1872
 Catch=   252408.985064896     
 Abd=   176411.9    
 Time step =         1873
 Catch=   252409.014972023     
 Abd=   176411.8    
 Time step =         1874
 Catch=   252408.974252905     
 Abd=   176411.8    
 Time step =         1875
 Catch=   252408.955918243     
 Abd=   176411.9    
 Time step =         1876
 Catch=   252408.996678863     
 Abd=   176411.9    
 Time step =         1877
 Catch=   252408.984762106     
 Abd=   176411.9    
 Time step =         1878
 Catch=   252408.932236836     
 Abd=   176411.8    
 Time step =         1879
 Catch=   252408.963802682     
 Abd=   176411.9    
 Time step =         1880
 Catch=   252409.030310496     
 Abd=   176411.9    
 Time step =         1881
 Catch=   252409.043493801     
 Abd=   176412.0    
 Time step =         1882
 Catch=   252409.071238381     
 Abd=   176411.9    
 Time step =         1883
 Catch=   252409.001805057     
 Abd=   176411.9    
 Time step =         1884
 Catch=   252409.048765374     
 Abd=   176411.9    
 Time step =         1885
 Catch=   252409.024124364     
 Abd=   176411.9    
 Time step =         1886
 Catch=   252409.027744325     
 Abd=   176411.9    
 Time step =         1887
 Catch=   252409.077287827     
 Abd=   176411.9    
 Time step =         1888
 Catch=   252409.076170445     
 Abd=   176411.9    
 Time step =         1889
 Catch=   252409.042476590     
 Abd=   176411.9    
 Time step =         1890
 Catch=   252408.989429227     
 Abd=   176411.9    
 Time step =         1891
 Catch=   252409.053662514     
 Abd=   176411.9    
 Time step =         1892
 Catch=   252409.030336992     
 Abd=   176411.9    
 Time step =         1893
 Catch=   252409.047305014     
 Abd=   176411.9    
 Time step =         1894
 Catch=   252409.101948832     
 Abd=   176411.9    
 Time step =         1895
 Catch=   252409.035276136     
 Abd=   176411.9    
 Time step =         1896
 Catch=   252409.082841526     
 Abd=   176411.9    
 Time step =         1897
 Catch=   252409.100581132     
 Abd=   176411.9    
 Time step =         1898
 Catch=   252409.086505237     
 Abd=   176411.9    
 Time step =         1899
 Catch=   252409.007262148     
 Abd=   176411.9    
 Time step =         1900
 Catch=   252409.030492185     
 Abd=   176411.9    
 Time step =         1901
 Catch=   252408.974433668     
 Abd=   176411.8    
 Time step =         1902
 Catch=   252408.982739466     
 Abd=   176411.9    
 Time step =         1903
 Catch=   252409.009525912     
 Abd=   176411.9    
 Time step =         1904
 Catch=   252409.072260546     
 Abd=   176411.9    
 Time step =         1905
 Catch=   252409.035499765     
 Abd=   176411.8    
 Time step =         1906
 Catch=   252408.973012415     
 Abd=   176411.9    
 Time step =         1907
 Catch=   252409.080684261     
 Abd=   176411.9    
 Time step =         1908
 Catch=   252409.037757335     
 Abd=   176411.8    
 Time step =         1909
 Catch=   252409.059845930     
 Abd=   176411.9    
 Time step =         1910
 Catch=   252409.084719650     
 Abd=   176411.9    
 Time step =         1861
 Catch=   252409.042476755     
 Abd=   176411.9    
 Time step =         1862
 Catch=   252409.000130930     
 Abd=   176411.9    
 Time step =         1863
 Catch=   252408.979214045     
 Abd=   176411.9    
 Time step =         1864
 Catch=   252409.035356451     
 Abd=   176411.9    
 Time step =         1865
 Catch=   252409.092453641     
 Abd=   176411.9    
 Time step =         1866
 Catch=   252409.100198435     
 Abd=   176411.9    
 Time step =         1867
 Catch=   252409.109188520     
 Abd=   176411.9    
 Time step =         1868
 Catch=   252409.025415986     
 Abd=   176411.9    
 Time step =         1869
 Catch=   252409.019524945     
 Abd=   176411.9    
 Time step =         1870
 Catch=   252409.016636392     
 Abd=   176411.9    
 Time step =         1871
 Catch=   252409.011328608     
 Abd=   176411.9    
 Time step =         1872
 Catch=   252409.024973114     
 Abd=   176411.9    
 Time step =         1873
 Catch=   252409.058729824     
 Abd=   176411.9    
 Time step =         1874
 Catch=   252409.012468571     
 Abd=   176411.8    
 Time step =         1875
 Catch=   252408.966709217     
 Abd=   176411.8    
 Time step =         1876
 Catch=   252408.991918635     
 Abd=   176411.9    
 Time step =         1877
 Catch=   252409.016361585     
 Abd=   176411.9    
 Time step =         1878
 Catch=   252408.959630240     
 Abd=   176411.9    
 Time step =         1879
 Catch=   252408.989212136     
 Abd=   176411.9    
 Time step =         1880
 Catch=   252409.031817691     
 Abd=   176411.8    
 Time step =         1881
 Catch=   252408.904373005     
 Abd=   176411.8    
 Time step =         1882
 Catch=   252408.977422671     
 Abd=   176411.9    
 Time step =         1883
 Catch=   252409.101852953     
 Abd=   176411.9    
 Time step =         1884
 Catch=   252409.073956845     
 Abd=   176411.9    
 Time step =         1885
 Catch=   252409.101474973     
 Abd=   176411.9    
 Time step =         1886
 Catch=   252409.046577728     
 Abd=   176411.9    
 Time step =         1887
 Catch=   252409.091080182     
 Abd=   176411.9    
 Time step =         1888
 Catch=   252409.101245805     
 Abd=   176411.9    
 Time step =         1889
 Catch=   252409.095669601     
 Abd=   176411.9    
 Time step =         1890
 Catch=   252409.028176461     
 Abd=   176411.9    
 Time step =         1891
 Catch=   252409.029849287     
 Abd=   176411.9    
 Time step =         1892
 Catch=   252409.047256586     
 Abd=   176411.9    
 Time step =         1893
 Catch=   252408.999783112     
 Abd=   176411.9    
 Time step =         1894
 Catch=   252409.005473306     
 Abd=   176411.9    
 Time step =         1895
 Catch=   252409.069499172     
 Abd=   176411.9    
 Time step =         1896
 Catch=   252409.005805708     
 Abd=   176411.8    
 Time step =         1897
 Catch=   252408.951037832     
 Abd=   176411.8    
 Time step =         1898
 Catch=   252408.952966352     
 Abd=   176411.9    
 Time step =         1899
 Catch=   252408.958869277     
 Abd=   176411.8    
 Time step =         1900
 Catch=   252408.968474370     
 Abd=   176411.9    
 Time step =         1901
 Catch=   252409.037178276     
 Abd=   176411.9    
 Time step =         1902
 Catch=   252409.071446574     
 Abd=   176411.9    
 Time step =         1903
 Catch=   252409.057046368     
 Abd=   176411.9    
 Time step =         1904
 Catch=   252409.027195072     
 Abd=   176411.9    
 Time step =         1905
 Catch=   252409.042086579     
 Abd=   176411.9    
 Time step =         1906
 Catch=   252409.089008539     
 Abd=   176412.0    
 Time step =         1907
 Catch=   252409.139616838     
 Abd=   176412.0    
 Time step =         1908
 Catch=   252409.125804144     
 Abd=   176411.9    
 Time step =         1909
 Catch=   252409.075443608     
 Abd=   176411.9    
 Time step =         1910
 Catch=   252409.076690717     
 Abd=   176411.9    
 Time step =         1861
 Abd=   176411.9    
 Catch=   10138.0465389597     
 Time step =         1862
 Abd=   170217.7    
 Catch=   10765.4481320256     
 Time step =         1863
 Abd=   180850.8    
 Catch=   9475.18810405517     
 Time step =         1864
 Abd=   159017.9    
 Catch=   9672.46077281501     
 Time step =         1865
 Abd=   162474.2    
 Catch=   11142.5664267648     
 Time step =         1866
 Abd=   187366.2    
 Catch=   12605.5700301617     
 Time step =         1867
 Abd=   211884.9    
 Catch=   13223.9561713730     
 Time step =         1868
 Abd=   222106.8    
 Catch=   13134.7457793968     
 Time step =         1869
 Abd=   220487.8    
 Catch=   11135.0066351367     
 Time step =         1870
 Abd=   186696.2    
 Catch=   11208.0404912417     
 Time step =         1871
 Abd=   188171.8    
 Catch=   11177.2107801508     
 Time step =         1872
 Abd=   187630.0    
 Catch=   11223.1725228920     
 Time step =         1873
 Abd=   188465.0    
 Catch=   10707.4776596756     
 Time step =         1874
 Abd=   179765.0    
 Catch=   9873.24161501576     
 Time step =         1875
 Abd=   165807.2    
 Catch=   9825.64008531099     
 Time step =         1876
 Abd=   165007.8    
 Catch=   9772.78122634963     
 Time step =         1877
 Abd=   164096.9    
 Catch=   10639.0639814449     
 Time step =         1878
 Abd=   178792.5    
 Catch=   10780.6881473059     
 Time step =         1879
 Abd=   180994.5    
 Catch=   11450.0129588094     
 Time step =         1880
 Abd=   192325.0    
 Catch=   11066.8530467455     
 Time step =         1881
 Abd=   185762.5    
 Catch=   10706.9768824233     
 Time step =         1882
 Abd=   179686.5    
 Catch=   10971.3514602225     
 Time step =         1883
 Abd=   184251.0    
 Catch=   11759.4181049513     
 Time step =         1884
 Abd=   197569.0    
 Catch=   10680.6558100846     
 Time step =         1885
 Abd=   179143.9    
 Catch=   10417.8696891561     
 Time step =         1886
 Abd=   174874.3    
 Catch=   11475.0254371220     
 Time step =         1887
 Abd=   192848.6    
 Catch=   12061.6686735425     
 Time step =         1888
 Abd=   202654.8    
 Catch=   10099.2227277630     
 Time step =         1889
 Abd=   169414.2    
 Catch=   10191.6115292581     
 Time step =         1890
 Abd=   171235.0    
 Catch=   10477.3572734455     
 Time step =         1891
 Abd=   175945.1    
 Catch=   12174.4074723625     
 Time step =         1892
 Abd=   204796.2    
 Catch=   9514.65442618752     
 Time step =         1893
 Abd=   159557.6    
 Catch=   10070.7104393695     
 Time step =         1894
 Abd=   169581.3    
 Catch=   10189.2642326864     
 Time step =         1895
 Abd=   171143.6    
 Catch=   9897.75728841216     
 Time step =         1896
 Abd=   166147.2    
 Catch=   9606.08958625721     
 Time step =         1897
 Abd=   161343.6    
 Catch=   10041.2062828649     
 Time step =         1898
 Abd=   168648.9    
 Catch=   10444.4058793891     
 Time step =         1899
 Abd=   175446.2    
 Catch=   10268.7075742382     
 Time step =         1900
 Abd=   172349.5    
 Catch=   11753.5568619497     
 Time step =         1901
 Abd=   197622.0    
 Catch=   11865.6126374066     
 Time step =         1902
 Abd=   199219.8    
 Catch=   10615.7943533494     
 Time step =         1903
 Abd=   178079.9    
 Catch=   10413.6493558173     
 Time step =         1904
 Abd=   174762.6    
 Catch=   10419.5354385761     
 Time step =         1905
 Abd=   174919.2    
 Catch=   11020.3205728039     
 Time step =         1906
 Abd=   185137.0    
 Catch=   10817.9720597416     
 Time step =         1907
 Abd=   181558.3    
 Catch=   11540.1848432592     
 Time step =         1908
 Abd=   193844.5    
 Catch=   12082.6681177558     
 Time step =         1909
 Abd=   202889.1    
 Catch=   10964.3239756810     
 Time step =         1910
 Abd=   183904.2    
 Catch=   10665.6505352874     
 Time step =         1911
 Abd=   179049.1    
 Catch=   10164.9878367552     
 Time step =         1912
 Abd=   170559.1    
 Catch=   9225.72983728449     
 Time step =         1913
 Abd=   154877.2    
 Catch=   10217.6966049816     
 Time step =         1914
 Abd=   171724.4    
 Catch=   10527.3421696833     
 Time step =         1915
 Abd=   176782.3    
 Catch=   10767.8871107051     
 Time step =         1916
 Abd=   180796.8    
 Catch=   10992.6777123600     
 Time step =         1917
 Abd=   184573.8    
 Catch=   11419.8293037699     
 Time step =         1918
 Abd=   191755.8    
 Catch=   11541.5076592824     
 Time step =         1919
 Abd=   193755.5    
 Catch=   10219.8875715270     
 Time step =         1920
 Abd=   171435.4    
 Catch=   10004.4477389488     
 Time step =         1921
 Abd=   167896.1    
 Catch=   10489.1307971079     
 Time step =         1922
 Abd=   176161.6    
 Catch=   11270.9377764335     
 Time step =         1923
 Abd=   189472.8    
 Catch=   10563.6098806672     
 Time step =         1924
 Abd=   177240.4    
 Catch=   10805.7927029983     
 Time step =         1925
 Abd=   181391.4    
 Catch=   11696.5437644571     
 Time step =         1926
 Abd=   196526.9    
 Catch=   10798.2876884506     
 Time step =         1927
 Abd=   181145.7    
 Catch=   10233.8102299555     
 Time step =         1928
 Abd=   171749.7    
 Catch=   10622.2311787036     
 Time step =         1929
 Abd=   178390.4    
 Catch=   10116.7576363214     
 Time step =         1930
 Abd=   169776.6    
 Catch=   10615.3734644660     
 Time step =         1931
 Abd=   178254.1    
 Catch=   11937.6696769444     
 Time step =         1932
 Abd=   200646.7    
 Catch=   10401.9467279616     
 Time step =         1933
 Abd=   174486.1    
 Catch=   10612.1373782239     
 Time step =         1934
 Abd=   178224.6    
 Catch=   11644.8558898520     
 Time step =         1935
 Abd=   195753.2    
 Catch=   10239.5669759429     
 Time step =         1936
 Abd=   171746.4    
 Catch=   9536.96089608698     
 Time step =         1937
 Abd=   160125.0    
 Catch=   10301.4385592723     
 Time step =         1938
 Abd=   173085.1    
 Catch=   11170.9236026214     
 Time step =         1939
 Abd=   187696.1    
 Catch=   11924.9803579835     
 Time step =         1940
 Abd=   200363.4    
 Catch=   12066.3964487478     
 Time step =         1941
 Abd=   202615.5    
 Catch=   11216.6585340470     
 Time step =         1942
 Abd=   188179.2    
 Catch=   11567.8601407165     
 Time step =         1943
 Abd=   194249.0    
 Catch=   11945.5269561923     
 Time step =         1944
 Abd=   200575.2    
 Catch=   12284.8035471257     
 Time step =         1945
 Abd=   206325.8    
 Catch=   10550.9458138380     
 Time step =         1946
 Abd=   176958.3    
 Catch=   9368.70824611668     
 Time step =         1947
 Abd=   157467.5    
 Catch=   9877.06177160989     
 Time step =         1948
 Abd=   165895.8    
 Catch=   10675.8370286151     
 Time step =         1949
 Abd=   179402.8    
 Catch=   9890.44702216382     
 Time step =         1950
 Abd=   165971.9    
 Catch=   10207.4512710297     
 Time step =         1951
 Abd=   171451.5    
 Catch=   9929.81899091579     
 Time step =         1952
 Abd=   166643.6    
 Catch=   10383.0857117280     
 Time step =         1953
 Abd=   174526.0    
 Catch=   10194.9733038316     
 Time step =         1954
 Abd=   171133.0    
 Catch=   10415.1774438409     
 Time step =         1955
 Abd=   174882.4    
 Catch=   12192.3666493842     
 Time step =         1956
 Abd=   205069.5    
 Catch=   10318.2490094373     
 Time step =         1957
 Abd=   173042.2    
 Catch=   9426.18690791828     
 Time step =         1958
 Abd=   158393.2    
 Catch=   9902.89142640099     
 Time step =         1959
 Abd=   166404.1    
 Catch=   11342.5118260288     
 Time step =         1960
 Abd=   190722.3    
 Catch=   11101.2952718158     
 Time step =         1961
 Abd=   186439.5    
 Catch=   11064.8947250349     
 Time step =         1962
 Abd=   185803.0    
 Catch=   11929.3095219403     
 Time step =         1963
 Abd=   200476.2    
 Catch=   11559.6541433784     
 Time step =         1964
 Abd=   194017.1    
 Catch=   10083.7995245663     
 Time step =         1965
 Abd=   169126.3    
 Catch=   11048.5037295272     
 Time step =         1966
 Abd=   185632.3    
 Catch=   12672.7990582743     
 Time step =         1967
 Abd=   213129.1    
 Catch=   11572.5476238179     
 Time step =         1968
 Abd=   194152.4    
 Catch=   9703.85523762933     
 Time step =         1969
 Abd=   162781.1    
 Catch=   9809.93371624107     
 Time step =         1970
 Abd=   164689.1    
 Catch=   10764.2621187554     
 Time step =         1971
 Abd=   180906.6    
 Catch=   11559.0934520318     
 Time step =         1972
 Abd=   194146.5    
 Catch=   11772.4210826500     
 Time step =         1973
 Abd=   197734.4    
 Catch=   12090.2854806779     
 Time step =         1974
 Abd=   203049.7    
 Catch=   9457.85996727957     
 Time step =         1975
 Abd=   158557.5    
 Catch=   8769.82951045076     
 Time step =         1976
 Abd=   147222.5    
 Catch=   10151.0326138018     
 Time step =         1977
 Abd=   170712.3    
 Catch=   11728.1274236828     
 Time step =         1978
 Abd=   197189.7    
 Catch=   11121.5882563125     
 Time step =         1979
 Abd=   186604.1    
 Catch=   11635.2828136584     
 Time step =         1980
 Abd=   195424.1    
 Catch=   11695.2170377396     
 Time step =         1981
 Abd=   196368.4    
 Catch=   10289.7218351937     
 Time step =         1982
 Abd=   172592.2    
 Catch=   10092.2886360854     
 Time step =         1983
 Abd=   169373.2    
 Catch=   10503.0630871518     
 Time step =         1984
 Abd=   176483.7    
 Catch=   11492.8591134514     
 Time step =         1985
 Abd=   193091.7    
 Catch=   11738.8322314798     
 Time step =         1986
 Abd=   197120.8    
 Catch=   13213.8965592318     
 Time step =         1987
 Abd=   222124.5    
 Catch=   10002.7188298037     
 Time step =         1988
 Abd=   167559.4    
 Catch=   8627.23484262425     
 Time step =         1989
 Abd=   144873.7    
 Catch=   8855.11208841386     
 Time step =         1990
 Abd=   148770.9    
 Catch=   10098.7301994235     
 Time step =         1991
 Abd=   169862.6    
 Catch=   10960.3185888366     
 Time step =         1992
 Abd=   184262.7    
 Catch=   9649.74990126509     
 Time step =         1993
 Abd=   161958.4    
 Catch=   9895.36331941527     
 Time step =         1994
 Abd=   166153.4    
 Catch=   10300.5453937117     
 Time step =         1995
 Abd=   172979.7    
 Catch=   10687.8998060676     
 Time step =         1996
 Abd=   179493.9    
 Catch=   9934.24113019426     
 Time step =         1997
 Abd=   166633.1    
 Catch=   10759.6768649083     
 Time step =         1998
 Abd=   180771.3    
 Catch=   10577.1166862741     
 Time step =         1999
 Abd=   177560.7    
 Catch=   10657.5966730894     
 Time step =         2000
 Abd=   178905.8    
 Catch=   10476.7189134954     
 Time step =         2001
 Abd=   175854.2    
 Catch=   12516.6710456211     
 Time step =         2002
 Abd=   210528.4    
 Catch=   10326.6635111307     
 Time step =         2003
 Abd=   173091.3    
 Catch=   8881.77903174345     
 Time step =         2004
 Abd=   149034.8    
 Catch=   9321.27547602560     
 Time step =         2005
 Abd=   156547.8    
 Catch=   11153.9702564906     
 Time step =         2006
 Abd=   187713.8    
 Catch=   9092.07937576750     
 Time step =         2007
 Abd=   152411.4    
 Catch=   9503.75786881022     
 Time step =         2008
 Abd=   159958.7    
 Catch=   9542.33365323900     
 Time step =         2009
 Abd=   160263.4    
 Catch=   9729.35070572684     
 Time step =         2010
 Abd=   163362.4    
 Catch=   10531.9036377348     
 Time step =         2011
 Abd=   176962.5    
 Catch=   11024.2302380837     
 Time step =         2012
 Abd=   185213.0    
 Catch=   11617.4591607063     
 Time step =         2013
 Abd=   195261.5    
 Catch=   9827.93233019699     
 Time step =         2014
 Abd=   164833.1    
 Catch=   9322.49917334531     
 Time step =         2015
 Abd=   156489.3    
 Catch=   9896.84189385394     
 Time step =         2016
 Abd=   166249.8    
 Catch=   10875.2571556603     
 Time step =         2017
 Abd=   182758.1    
 Catch=   11091.4498587445     
 Time step =         2018
 Abd=   186248.7    
 Catch=   9767.89431198966     
 Time step =         2019
 Abd=   163791.0    
 Catch=   9089.07597500633     
 Time step =         2020
 Abd=   152490.5    
 Catch=   9486.82667997207     
 Time step =         2021
 Abd=   159329.5    
 Catch=   9730.88712217737     
 Time step =         2022
 Abd=   163377.0    
 Catch=   9506.58212338149     
 Time step =         2023
 Abd=   159614.5    
 Catch=   9936.43848893881     
 Time step =         2024
 Abd=   166853.9    
 Catch=   11310.3246723136     
 Time step =         2025
 Abd=   190144.8    
 Catch=   11588.2974281682     
 Time step =         2026
 Abd=   194605.9    
 Catch=   10000.0213820986     
 Time step =         2027
 Abd=   167718.7    
 Catch=   10303.1855447495     
 Time step =         2028
 Abd=   173020.2    
 Catch=   10001.0613331036     
 Time step =         2029
 Abd=   167830.8    
 Catch=   10962.6236638542     
 Time step =         2030
 Abd=   184189.9    
 Catch=   11823.6213826824     
 Time step =         2031
 Abd=   198682.1    
 Catch=   11270.9772141630     
 Time step =         2032
 Abd=   189132.3    
 Catch=   11932.9403802734     
 Time step =         2033
 Abd=   200430.3    
 Catch=   11962.2691895760     
 Time step =         2034
 Abd=   200852.1    
 Catch=   11666.4801551427     
 Time step =         2035
 Abd=   195843.4    
 Catch=   10276.8067613394     
 Time step =         2036
 Abd=   172370.7    
 Catch=   9467.94849121817     
 Time step =         2037
 Abd=   158836.5    
 Catch=   10041.0609761180     
 Time step =         2038
 Abd=   168694.5    
 Catch=   11186.0271113328     
 Time step =         2039
 Abd=   187971.7    
 Catch=   9722.17972426734     
 Time step =         2040
 Abd=   163008.9    
 Catch=   9731.56914309382     
 Time step =         2041
 Abd=   163361.7    
 Catch=   10128.8064502081     
 Time step =         2042
 Abd=   170058.6    
 Catch=   10310.3734232505     
 Time step =         2043
 Abd=   173105.4    
 Catch=   9384.27598036002     
 Time step =         2044
 Abd=   157416.6    
 Catch=   9477.61532821431     
 Time step =         2045
 Abd=   159090.6    
 Catch=   9519.93640551424     
 Time step =         2046
 Abd=   159855.0    
 Catch=   8918.73516358104     
 Time step =         2047
 Abd=   149703.1    
 Catch=   9561.77640050450     
 Time step =         2048
 Abd=   160632.1    
 Catch=   11199.1572356444     
 Time step =         2049
 Abd=   188374.4    
 Catch=   9728.06930681140     
 Time step =         2050
 Abd=   163152.2    
 Catch=   9177.58958231831     
 Time step =         2051
 Abd=   154082.8    
 Catch=   10061.3630214132     
 Time step =         2052
 Abd=   169096.1    
 Catch=   10626.7440814447     
 Time step =         2053
 Abd=   178450.0    
 Catch=   12014.2540809621     
 Time step =         2054
 Abd=   202025.0    
 Catch=   9588.47440246036     
 Time step =         2055
 Abd=   160760.8    
 Catch=   8514.79318907459     
 Time step =         2056
 Abd=   142973.0    
 Catch=   9513.74329309367     
 Time step =         2057
 Abd=   159905.2    
 Catch=   10344.4775233428     
 Time step =         2058
 Abd=   173777.6    
 Catch=   10993.9539528702     
 Time step =         2059
 Abd=   184708.5    
 Catch=   10319.4866796437     
 Time step =         2060
 Abd=   173211.9    
 Catch=   10655.5512654228     
 Time step =         2061
 Abd=   178983.4    
 Catch=   10923.0357703423     
 Time step =         2062
 Abd=   183444.7    
 Catch=   10513.5523183360     
 Time step =         2063
 Abd=   176455.9    
 Catch=   10410.6386107782     
 Time step =         2064
 Abd=   174765.1    
 Catch=   10378.3075698447     
 Time step =         2065
 Abd=   174218.7    
 Catch=   10700.3963988253     
 Time step =         2066
 Abd=   179716.1    
 Catch=   11401.9606445619     
 Time step =         2067
 Abd=   191537.9    
 Catch=   10058.3564479963     
 Time step =         2068
 Abd=   168764.0    
 Catch=   10027.0955766843     
 Time step =         2069
 Abd=   168375.5    
 Catch=   10935.4596775656     
 Time step =         2070
 Abd=   183704.1    
 Catch=   11167.6464074136     
 Time step =         2071
 Abd=   187484.3    
 Catch=   10847.9533428764     
 Time step =         2072
 Abd=   182033.5    
 Catch=   12454.8270655940     
 Time step =         2073
 Abd=   209430.4    
 Catch=   10530.8603992007     
 Time step =         2074
 Abd=   176632.5    
 Catch=   9608.46113895949     
 Time step =         2075
 Abd=   161259.7    
 Catch=   10266.3421372474     
 Time step =         2076
 Abd=   172492.2    
 Catch=   11047.0916244387     
 Time step =         2077
 Abd=   185597.6    
 Catch=   10643.9186980039     
 Time step =         2078
 Abd=   178685.7    
 Catch=   10705.5947896447     
 Time step =         2079
 Abd=   179764.4    
 Catch=   10934.4684120116     
 Time step =         2080
 Abd=   183618.7    
 Catch=   9346.20165256559     
 Time step =         2081
 Abd=   156794.1    
 Catch=   9818.90569720092     
 Time step =         2082
 Abd=   164956.1    
 Catch=   10252.1000514134     
 Time step =         2083
 Abd=   172248.0    
 Catch=   11092.0929120649     
 Time step =         2084
 Abd=   186311.1    
 Catch=   11175.0640599366     
 Time step =         2085
 Abd=   187618.2    
 Catch=   10861.0407866925     
 Time step =         2086
 Abd=   182266.2    
 Catch=   12362.8096945786     
 Time step =         2087
 Abd=   207904.9    
 Catch=   9930.68696145248     
 Time step =         2088
 Abd=   166504.3    
 Catch=   9246.94233690876     
 Time step =         2089
 Abd=   155188.2    
 Catch=   10474.2604534788     
 Time step =         2090
 Abd=   176168.3    
 Catch=   10073.3030827548     
 Time step =         2091
 Abd=   169222.7    
 Catch=   8510.69748274253     
 Time step =         2092
 Abd=   142744.1    
 Catch=   8902.39093662624     
 Time step =         2093
 Abd=   149558.1    
 Catch=   10212.5179019339     
 Time step =         2094
 Abd=   171706.0    
 Catch=   11172.5437986614     
 Time step =         2095
 Abd=   187717.9    
 Catch=   10324.1849558639     
 Time step =         2096
 Abd=   173267.8    
 Catch=   11125.3110575031     
 Time step =         2097
 Abd=   186912.4    
 Catch=   10534.9097669961     
 Time step =         2098
 Abd=   176746.9    
 Catch=   11136.9723220097     
 Time step =         2099
 Abd=   187025.4    
 Catch=   11478.2753257906     
 Time step =         2100
 Abd=   192799.0    
 Catch=   10906.6560024994     
 Time step =         2101
 Abd=   182989.0    
 Catch=   10480.6774951207     
 Time step =         2102
 Abd=   175883.9    
 Catch=   10198.4812498245     
 Time step =         2103
 Abd=   171181.1    
 Catch=   10065.3711312203     
 Time step =         2104
 Abd=   169008.1    
 Catch=   10545.3460444324     
 Time step =         2105
 Abd=   177329.3    
 Catch=   9256.10483952649     
 Time step =         2106
 Abd=   155448.9    
 Catch=   10018.2836403063     
 Time step =         2107
 Abd=   168356.2    
 Catch=   10201.3719214488     
 Time step =         2108
 Abd=   171319.2    
 Catch=   10326.9456643081     
 Time step =         2109
 Abd=   173435.0    
 Catch=   9918.24191451018     
 Time step =         2110
 Abd=   166641.1    
 Catch=   10080.9030351411     
 Time step =         2111
 Abd=   169281.6    
 Catch=   10269.2657178627     
 Time step =         2112
 Abd=   172444.3    
 Catch=   10616.4506243603     
 Time step =         2113
 Abd=   178277.3    
 Catch=   11753.7504183765     
 Time step =         2114
 Abd=   197595.2    
 Catch=   11418.0215663846     
 Time step =         2115
 Abd=   191657.3    
 Catch=   10023.8195932613     
 Time step =         2116
 Abd=   168104.1    
 Catch=   10651.4667845072     
 Time step =         2117
 Abd=   178954.3    
 Catch=   10715.0652554898     
 Time step =         2118
 Abd=   179852.5    
 Catch=   10922.0540374271     
 Time step =         2119
 Abd=   183409.4    
 Catch=   10568.9029402057     
 Time step =         2120
 Abd=   177341.3    
 Catch=   11370.2476294483     
 Time step =         2121
 Abd=   191049.8    
 Catch=   10687.5499599275     
 Time step =         2122
 Abd=   179314.6    
 Catch=   12120.5563006832     
 Time step =         2123
 Abd=   203737.3    
 Catch=   10134.7143244009     
 Time step =         2124
 Abd=   169942.4    
 Catch=   8877.35100786775     
 Time step =         2125
 Abd=   149172.7    
 Catch=   9386.11697426709     
 Time step =         2126
 Abd=   157737.4    
 Catch=   10165.9605416782     
 Time step =         2127
 Abd=   170896.7    
 Catch=   10678.9957745838     
 Time step =         2128
 Abd=   179422.2    
 Catch=   11293.9330272659     
 Time step =         2129
 Abd=   189735.3    
 Catch=   11734.8610012996     
 Time step =         2130
 Abd=   197062.4    
 Catch=   11931.3278583331     
 Time step =         2131
 Abd=   200336.5    
 Catch=   11014.5595127294     
 Time step =         2132
 Abd=   184780.5    
 Catch=   10852.4168677204     
 Time step =         2133
 Abd=   182196.6    
 Catch=   9977.02781654914     
 Time step =         2134
 Abd=   167416.1    
 Catch=   9481.30000238731     
 Time step =         2135
 Abd=   159076.7    
 Catch=   10032.6704903903     
 Time step =         2136
 Abd=   168487.5    
 Catch=   10726.8998074880     
 Time step =         2137
 Abd=   180170.1    
 Catch=   10875.7048024474     
 Time step =         2138
 Abd=   182590.6    
 Catch=   12841.6627843837     
 Time step =         2139
 Abd=   216046.1    
 Catch=   9483.64105845680     
 Time step =         2140
 Abd=   158885.4    
 Catch=   8575.10526730901     
 Time step =         2141
 Abd=   144093.4    
 Catch=   9295.52188216184     
 Time step =         2142
 Abd=   156282.0    
 Catch=   10165.0503493281     
 Time step =         2143
 Abd=   170912.2    
 Catch=   10841.9576121865     
 Time step =         2144
 Abd=   182122.8    
 Catch=   11129.2777327285     
 Time step =         2145
 Abd=   186875.6    
 Catch=   10067.9156790780     
 Time step =         2146
 Abd=   168959.1    
 Catch=   10565.1390671405     
 Time step =         2147
 Abd=   177463.3    
 Catch=   10571.8199245402     
 Time step =         2148
 Abd=   177495.0    
 Catch=   10165.3696068349     
 Time step =         2149
 Abd=   170628.3    
 Catch=   9588.28248009456     
 Time step =         2150
 Abd=   160869.4    
 Catch=   10582.4078586356     
 Time step =         2151
 Abd=   177872.7    
 Catch=   11153.6383776826     
 Time step =         2152
 Abd=   187324.7    
 Catch=   11057.9552533285     
 Time step =         2153
 Abd=   185671.9    
 Catch=   10924.3376485273     
 Time step =         2154
 Abd=   183357.8    
 Catch=   11115.6686170557     
 Time step =         2155
 Abd=   186636.8    
 Catch=   10695.1285233358     
 Time step =         2156
 Abd=   179494.2    
 Catch=   12098.7881311377     
 Time step =         2157
 Abd=   203397.5    
 Catch=   10459.6371630525     
 Time step =         2158
 Abd=   175437.5    
 Catch=   10629.1596753157     
 Time step =         2159
 Abd=   178496.7    
 Catch=   10114.2708447889     
 Time step =         2160
 Abd=   169769.7    
 Catch=   10399.0130312792     
 Completed!
Program ADRDisp finished with exit code 0 at: Sun 28 Jun 2026 08:01:21 AM PDT
Compressing DBEM outputs
Compressed as TIPMIP_PI_tipmip_mes_p_TipmipSppMes10_netcdf.tar.gz
Creating netCDF
[1] "610238"
Finished!
