Extracting environmental data
Environmental data extracted
Current working directory is /project/6006523/jepa/tipping_points/scripts/run_dbem
Starting run at:Wed 05 Aug 2026 12:34:43 PM PDT
“Starting task: 10”
 SppListRoot: 
 ~/projects/def-wailung/Data/Species/TaxonList/tipping_point/                   
                                                                                
                                                                                
                    
 Species list: 10  
 TipmipSppMes10.txt  
 Initializing, loading files...
           1
 610238    
 /localscratch/jepa.53218362.0/tipmip_mes_s/610238                              
  
 Read Parameters...
 Running Taxon B_pterotum          
 ~/projects/def-wailung/Data/Species/Distributions/S610238.csv                  
                                          
  3.710343132585779E-007
 Thread           0  starting...
 Time step =         1811
 Catch=   2785439.79833985     
 Abd=   1296642.    
 Time step =         1812
 Catch=   1711022.28689233     
 Abd=   1139642.    
 Time step =         1813
 Catch=   1604242.48495643     
 Abd=   1109975.    
 Time step =         1814
 Catch=   1582503.10711050     
 Abd=   1103453.    
 Time step =         1815
 Catch=   1577624.77023374     
 Abd=   1101952.    
 Time step =         1816
 Catch=   1576491.78655807     
 Abd=   1101599.    
 Time step =         1817
 Catch=   1576223.19556809     
 Abd=   1101514.    
 Time step =         1818
 Catch=   1576158.65686112     
 Abd=   1101494.    
 Time step =         1819
 Catch=   1576142.16110602     
 Abd=   1101488.    
 Time step =         1820
 Catch=   1576138.91406694     
 Abd=   1101488.    
 Time step =         1821
 Catch=   1576138.16470090     
 Abd=   1101487.    
 Time step =         1822
 Catch=   1576137.51974527     
 Abd=   1101486.    
 Time step =         1823
 Catch=   1576137.06852694     
 Abd=   1101487.    
 Time step =         1824
 Catch=   1576136.92497491     
 Abd=   1101486.    
 Time step =         1825
 Catch=   1576137.72915469     
 Abd=   1101487.    
 Time step =         1826
 Catch=   1576137.50075321     
 Abd=   1101487.    
 Time step =         1827
 Catch=   1576137.74024018     
 Abd=   1101487.    
 Time step =         1828
 Catch=   1576137.50226031     
 Abd=   1101487.    
 Time step =         1829
 Catch=   1576137.17858558     
 Abd=   1101487.    
 Time step =         1830
 Catch=   1576137.05246827     
 Abd=   1101487.    
 Time step =         1831
 Catch=   1576137.32536464     
 Abd=   1101487.    
 Time step =         1832
 Catch=   1576137.32086779     
 Abd=   1101487.    
 Time step =         1833
 Catch=   1576137.27347953     
 Abd=   1101487.    
 Time step =         1834
 Catch=   1576137.17990285     
 Abd=   1101487.    
 Time step =         1835
 Catch=   1576137.10469466     
 Abd=   1101486.    
 Time step =         1836
 Catch=   1576136.76564520     
 Abd=   1101486.    
 Time step =         1837
 Catch=   1576136.85038769     
 Abd=   1101487.    
 Time step =         1838
 Catch=   1576137.37355221     
 Abd=   1101487.    
 Time step =         1839
 Catch=   1576137.55958799     
 Abd=   1101487.    
 Time step =         1840
 Catch=   1576137.26987104     
 Abd=   1101487.    
 Time step =         1841
 Catch=   1576137.53473637     
 Abd=   1101487.    
 Time step =         1842
 Catch=   1576137.03869203     
 Abd=   1101487.    
 Time step =         1843
 Catch=   1576137.35506277     
 Abd=   1101487.    
 Time step =         1844
 Catch=   1576137.66990583     
 Abd=   1101487.    
 Time step =         1845
 Catch=   1576137.55052123     
 Abd=   1101487.    
 Time step =         1846
 Catch=   1576137.41354552     
 Abd=   1101487.    
 Time step =         1847
 Catch=   1576137.21594397     
 Abd=   1101487.    
 Time step =         1848
 Catch=   1576137.50941991     
 Abd=   1101487.    
 Time step =         1849
 Catch=   1576137.88417551     
 Abd=   1101487.    
 Time step =         1850
 Catch=   1576137.47409921     
 Abd=   1101487.    
 Time step =         1851
 Catch=   1576137.24730255     
 Abd=   1101487.    
 Time step =         1852
 Catch=   1576137.42805672     
 Abd=   1101486.    
 Time step =         1853
 Catch=   1576137.16007403     
 Abd=   1101487.    
 Time step =         1854
 Catch=   1576136.95365213     
 Abd=   1101487.    
 Time step =         1855
 Catch=   1576137.44197994     
 Abd=   1101487.    
 Time step =         1856
 Catch=   1576137.43515676     
 Abd=   1101487.    
 Time step =         1857
 Catch=   1576137.41759374     
 Abd=   1101487.    
 Time step =         1858
 Catch=   1576137.24331222     
 Abd=   1101487.    
 Time step =         1859
 Catch=   1576137.13214741     
 Abd=   1101487.    
 Time step =         1860
 Catch=   1576137.25842337     
 Abd=   1101487.    
 Time step =         1811
 Catch=   1576137.45063777     
 Abd=   1101487.    
 Time step =         1812
 Catch=   1576137.54715500     
 Abd=   1101487.    
 Time step =         1813
 Catch=   1576137.27569321     
 Abd=   1101487.    
 Time step =         1814
 Catch=   1576137.42335500     
 Abd=   1101487.    
 Time step =         1815
 Catch=   1576137.21008220     
 Abd=   1101487.    
 Time step =         1816
 Catch=   1576137.17333390     
 Abd=   1101487.    
 Time step =         1817
 Catch=   1576137.31703616     
 Abd=   1101487.    
 Time step =         1818
 Catch=   1576137.39382487     
 Abd=   1101487.    
 Time step =         1819
 Catch=   1576137.29030983     
 Abd=   1101487.    
 Time step =         1820
 Catch=   1576137.14565522     
 Abd=   1101487.    
 Time step =         1821
 Catch=   1576137.56804258     
 Abd=   1101487.    
 Time step =         1822
 Catch=   1576137.25061723     
 Abd=   1101487.    
 Time step =         1823
 Catch=   1576136.96373992     
 Abd=   1101487.    
 Time step =         1824
 Catch=   1576137.26376778     
 Abd=   1101487.    
 Time step =         1825
 Catch=   1576137.60141232     
 Abd=   1101487.    
 Time step =         1826
 Catch=   1576136.97090506     
 Abd=   1101487.    
 Time step =         1827
 Catch=   1576137.02635929     
 Abd=   1101487.    
 Time step =         1828
 Catch=   1576137.63468043     
 Abd=   1101487.    
 Time step =         1829
 Catch=   1576137.44303864     
 Abd=   1101487.    
 Time step =         1830
 Catch=   1576136.97728054     
 Abd=   1101487.    
 Time step =         1831
 Catch=   1576137.23124503     
 Abd=   1101487.    
 Time step =         1832
 Catch=   1576137.61820747     
 Abd=   1101487.    
 Time step =         1833
 Catch=   1576137.04621992     
 Abd=   1101487.    
 Time step =         1834
 Catch=   1576137.10451662     
 Abd=   1101487.    
 Time step =         1835
 Catch=   1576137.26373905     
 Abd=   1101487.    
 Time step =         1836
 Catch=   1576137.35614853     
 Abd=   1101487.    
 Time step =         1837
 Catch=   1576137.20206212     
 Abd=   1101487.    
 Time step =         1838
 Catch=   1576137.21938833     
 Abd=   1101487.    
 Time step =         1839
 Catch=   1576137.05186086     
 Abd=   1101486.    
 Time step =         1840
 Catch=   1576137.18503906     
 Abd=   1101487.    
 Time step =         1841
 Catch=   1576137.46842442     
 Abd=   1101487.    
 Time step =         1842
 Catch=   1576137.47033632     
 Abd=   1101487.    
 Time step =         1843
 Catch=   1576137.23454054     
 Abd=   1101487.    
 Time step =         1844
 Catch=   1576137.26334040     
 Abd=   1101486.    
 Time step =         1845
 Catch=   1576137.17243008     
 Abd=   1101487.    
 Time step =         1846
 Catch=   1576137.75668131     
 Abd=   1101487.    
 Time step =         1847
 Catch=   1576137.50504367     
 Abd=   1101486.    
 Time step =         1848
 Catch=   1576137.22032287     
 Abd=   1101487.    
 Time step =         1849
 Catch=   1576137.24260190     
 Abd=   1101487.    
 Time step =         1850
 Catch=   1576137.28441441     
 Abd=   1101487.    
 Time step =         1851
 Catch=   1576137.22054315     
 Abd=   1101487.    
 Time step =         1852
 Catch=   1576137.21459944     
 Abd=   1101487.    
 Time step =         1853
 Catch=   1576137.27765439     
 Abd=   1101487.    
 Time step =         1854
 Catch=   1576137.19379979     
 Abd=   1101487.    
 Time step =         1855
 Catch=   1576137.16427145     
 Abd=   1101487.    
 Time step =         1856
 Catch=   1576137.36048140     
 Abd=   1101487.    
 Time step =         1857
 Catch=   1576137.12775571     
 Abd=   1101487.    
 Time step =         1858
 Catch=   1576137.00322375     
 Abd=   1101486.    
 Time step =         1859
 Catch=   1576136.98470688     
 Abd=   1101486.    
 Time step =         1860
 Catch=   1576137.06048243     
 Abd=   1101487.    
 Time step =         1811
 Catch=   1576137.10171280     
 Abd=   1101486.    
 Time step =         1812
 Catch=   1576136.71279863     
 Abd=   1101486.    
 Time step =         1813
 Catch=   1576136.93834205     
 Abd=   1101487.    
 Time step =         1814
 Catch=   1576137.12836925     
 Abd=   1101486.    
 Time step =         1815
 Catch=   1576137.23473991     
 Abd=   1101487.    
 Time step =         1816
 Catch=   1576137.15688833     
 Abd=   1101487.    
 Time step =         1817
 Catch=   1576137.21579822     
 Abd=   1101487.    
 Time step =         1818
 Catch=   1576137.47298136     
 Abd=   1101487.    
 Time step =         1819
 Catch=   1576137.59306184     
 Abd=   1101487.    
 Time step =         1820
 Catch=   1576137.66861590     
 Abd=   1101487.    
 Time step =         1821
 Catch=   1576137.16591139     
 Abd=   1101487.    
 Time step =         1822
 Catch=   1576137.13213260     
 Abd=   1101487.    
 Time step =         1823
 Catch=   1576137.24447397     
 Abd=   1101487.    
 Time step =         1824
 Catch=   1576137.28277059     
 Abd=   1101487.    
 Time step =         1825
 Catch=   1576136.95262192     
 Abd=   1101487.    
 Time step =         1826
 Catch=   1576137.32388774     
 Abd=   1101487.    
 Time step =         1827
 Catch=   1576137.46563500     
 Abd=   1101487.    
 Time step =         1828
 Catch=   1576137.35844577     
 Abd=   1101487.    
 Time step =         1829
 Catch=   1576136.92317583     
 Abd=   1101487.    
 Time step =         1830
 Catch=   1576137.21021733     
 Abd=   1101487.    
 Time step =         1831
 Catch=   1576137.36738282     
 Abd=   1101487.    
 Time step =         1832
 Catch=   1576137.24752063     
 Abd=   1101487.    
 Time step =         1833
 Catch=   1576137.29913818     
 Abd=   1101487.    
 Time step =         1834
 Catch=   1576137.03041221     
 Abd=   1101487.    
 Time step =         1835
 Catch=   1576137.47007052     
 Abd=   1101487.    
 Time step =         1836
 Catch=   1576137.27027997     
 Abd=   1101487.    
 Time step =         1837
 Catch=   1576137.44726055     
 Abd=   1101487.    
 Time step =         1838
 Catch=   1576137.19675073     
 Abd=   1101487.    
 Time step =         1839
 Catch=   1576137.43879804     
 Abd=   1101487.    
 Time step =         1840
 Catch=   1576137.33337317     
 Abd=   1101486.    
 Time step =         1841
 Catch=   1576137.12390042     
 Abd=   1101487.    
 Time step =         1842
 Catch=   1576137.39797168     
 Abd=   1101487.    
 Time step =         1843
 Catch=   1576137.33283395     
 Abd=   1101487.    
 Time step =         1844
 Catch=   1576137.04796632     
 Abd=   1101486.    
 Time step =         1845
 Catch=   1576137.08522582     
 Abd=   1101486.    
 Time step =         1846
 Catch=   1576136.75999808     
 Abd=   1101487.    
 Time step =         1847
 Catch=   1576137.18676572     
 Abd=   1101487.    
 Time step =         1848
 Catch=   1576137.33133241     
 Abd=   1101486.    
 Time step =         1849
 Catch=   1576137.22583914     
 Abd=   1101487.    
 Time step =         1850
 Catch=   1576137.29233792     
 Abd=   1101487.    
 Time step =         1851
 Catch=   1576137.20378759     
 Abd=   1101487.    
 Time step =         1852
 Catch=   1576137.11873981     
 Abd=   1101487.    
 Time step =         1853
 Catch=   1576137.21767676     
 Abd=   1101487.    
 Time step =         1854
 Catch=   1576137.29030297     
 Abd=   1101487.    
 Time step =         1855
 Catch=   1576137.41174929     
 Abd=   1101487.    
 Time step =         1856
 Catch=   1576136.78586345     
 Abd=   1101486.    
 Time step =         1857
 Catch=   1576137.30237427     
 Abd=   1101487.    
 Time step =         1858
 Catch=   1576137.21873388     
 Abd=   1101487.    
 Time step =         1859
 Catch=   1576137.34189205     
 Abd=   1101487.    
 Time step =         1860
 Catch=   1576137.37242407     
 Abd=   1101487.    
 Time step =         1811
 Catch=   1576137.57428379     
 Abd=   1101487.    
 Time step =         1812
 Catch=   1576137.28438282     
 Abd=   1101487.    
 Time step =         1813
 Catch=   1576137.24467878     
 Abd=   1101487.    
 Time step =         1814
 Catch=   1576137.55594714     
 Abd=   1101487.    
 Time step =         1815
 Catch=   1576137.78532854     
 Abd=   1101487.    
 Time step =         1816
 Catch=   1576137.44045053     
 Abd=   1101487.    
 Time step =         1817
 Catch=   1576137.00457209     
 Abd=   1101487.    
 Time step =         1818
 Catch=   1576137.18699007     
 Abd=   1101487.    
 Time step =         1819
 Catch=   1576137.13316972     
 Abd=   1101487.    
 Time step =         1820
 Catch=   1576137.09141217     
 Abd=   1101487.    
 Time step =         1821
 Catch=   1576137.60867391     
 Abd=   1101487.    
 Time step =         1822
 Catch=   1576137.78435238     
 Abd=   1101487.    
 Time step =         1823
 Catch=   1576137.62990147     
 Abd=   1101487.    
 Time step =         1824
 Catch=   1576137.37043746     
 Abd=   1101487.    
 Time step =         1825
 Catch=   1576137.56895432     
 Abd=   1101487.    
 Time step =         1826
 Catch=   1576137.28505569     
 Abd=   1101487.    
 Time step =         1827
 Catch=   1576137.35695601     
 Abd=   1101487.    
 Time step =         1828
 Catch=   1576137.80095385     
 Abd=   1101487.    
 Time step =         1829
 Catch=   1576137.09807428     
 Abd=   1101486.    
 Time step =         1830
 Catch=   1576136.99287376     
 Abd=   1101487.    
 Time step =         1831
 Catch=   1576137.26326903     
 Abd=   1101487.    
 Time step =         1832
 Catch=   1576137.43146870     
 Abd=   1101487.    
 Time step =         1833
 Catch=   1576137.68056901     
 Abd=   1101487.    
 Time step =         1834
 Catch=   1576137.33535306     
 Abd=   1101487.    
 Time step =         1835
 Catch=   1576137.19559178     
 Abd=   1101487.    
 Time step =         1836
 Catch=   1576137.27441394     
 Abd=   1101487.    
 Time step =         1837
 Catch=   1576137.38621261     
 Abd=   1101487.    
 Time step =         1838
 Catch=   1576137.18828493     
 Abd=   1101487.    
 Time step =         1839
 Catch=   1576137.25293326     
 Abd=   1101487.    
 Time step =         1840
 Catch=   1576137.26994554     
 Abd=   1101487.    
 Time step =         1841
 Catch=   1576137.48269233     
 Abd=   1101487.    
 Time step =         1842
 Catch=   1576137.31983105     
 Abd=   1101487.    
 Time step =         1843
 Catch=   1576136.98072873     
 Abd=   1101487.    
 Time step =         1844
 Catch=   1576137.37088563     
 Abd=   1101487.    
 Time step =         1845
 Catch=   1576137.68956497     
 Abd=   1101487.    
 Time step =         1846
 Catch=   1576137.19851349     
 Abd=   1101487.    
 Time step =         1847
 Catch=   1576137.36246905     
 Abd=   1101487.    
 Time step =         1848
 Catch=   1576137.25562074     
 Abd=   1101487.    
 Time step =         1849
 Catch=   1576137.38418564     
 Abd=   1101487.    
 Time step =         1850
 Catch=   1576137.76286206     
 Abd=   1101487.    
 Time step =         1851
 Catch=   1576137.86092824     
 Abd=   1101487.    
 Time step =         1852
 Catch=   1576137.38288477     
 Abd=   1101487.    
 Time step =         1853
 Catch=   1576137.47232579     
 Abd=   1101487.    
 Time step =         1854
 Catch=   1576137.08911880     
 Abd=   1101487.    
 Time step =         1855
 Catch=   1576137.24720909     
 Abd=   1101487.    
 Time step =         1856
 Catch=   1576137.25057030     
 Abd=   1101487.    
 Time step =         1857
 Catch=   1576137.42271317     
 Abd=   1101487.    
 Time step =         1858
 Catch=   1576137.40264723     
 Abd=   1101487.    
 Time step =         1859
 Catch=   1576137.20940446     
 Abd=   1101487.    
 Time step =         1860
 Catch=   1576137.01479379     
 Abd=   1101487.    
 Time step =         1811
 Abd=   1101487.    
 Catch=   64999.2414934976     
 Time step =         1812
 Abd=   1090850.    
 Catch=   61171.1427698272     
 Time step =         1813
 Abd=   1027652.    
 Catch=   48817.6689767285     
 Time step =         1814
 Abd=   819703.4    
 Catch=   67367.2910815633     
 Time step =         1815
 Abd=   1136396.    
 Catch=   76596.0924580459     
 Time step =         1816
 Abd=   1288052.    
 Catch=   69880.9528643339     
 Time step =         1817
 Abd=   1172350.    
 Catch=   77375.0094507520     
 Time step =         1818
 Abd=   1300442.    
 Catch=   70948.5670877927     
 Time step =         1819
 Abd=   1190438.    
 Catch=   65517.9366909474     
 Time step =         1820
 Abd=   1099504.    
 Catch=   63100.6668981080     
 Time step =         1821
 Abd=   1058996.    
 Catch=   60399.1616445900     
 Time step =         1822
 Abd=   1013478.    
 Catch=   67175.8278553599     
 Time step =         1823
 Abd=   1128960.    
 Catch=   62736.8577046782     
 Time step =         1824
 Abd=   1053303.    
 Catch=   63487.4676503278     
 Time step =         1825
 Abd=   1068351.    
 Catch=   52227.0757804770     
 Time step =         1826
 Abd=   875556.5    
 Catch=   65435.4842121338     
 Time step =         1827
 Abd=   1101492.    
 Catch=   69385.9503491682     
 Time step =         1828
 Abd=   1165158.    
 Catch=   57401.7782785931     
 Time step =         1829
 Abd=   962162.9    
 Catch=   77867.4575487191     
 Time step =         1830
 Abd=   1311960.    
 Catch=   60413.2639204100     
 Time step =         1831
 Abd=   1012281.    
 Catch=   65527.6475945419     
 Time step =         1832
 Abd=   1101756.    
 Catch=   59669.7671556275     
 Time step =         1833
 Abd=   1000892.    
 Catch=   72355.1476155336     
 Time step =         1834
 Abd=   1217363.    
 Catch=   63405.0278986097     
 Time step =         1835
 Abd=   1063480.    
 Catch=   60191.7844606029     
 Time step =         1836
 Abd=   1010812.    
 Catch=   71049.5095998902     
 Time step =         1837
 Abd=   1194405.    
 Catch=   68112.9909321678     
 Time step =         1838
 Abd=   1145308.    
 Catch=   54484.0695495698     
 Time step =         1839
 Abd=   914937.1    
 Catch=   56894.4546942201     
 Time step =         1840
 Abd=   955499.5    
 Catch=   75926.5324071698     
 Time step =         1841
 Abd=   1278685.    
 Catch=   71569.8055570053     
 Time step =         1842
 Abd=   1202867.    
 Catch=   44176.0266284199     
 Time step =         1843
 Abd=   740619.5    
 Catch=   47675.5176032550     
 Time step =         1844
 Abd=   802696.3    
 Catch=   83905.2920944089     
 Time step =         1845
 Abd=   1420219.    
 Catch=   61142.4987428374     
 Time step =         1846
 Abd=   1024531.    
 Catch=   58917.1859953695     
 Time step =         1847
 Abd=   989405.9    
 Catch=   69400.4502502438     
 Time step =         1848
 Abd=   1167548.    
 Catch=   66339.4359839376     
 Time step =         1849
 Abd=   1113532.    
 Catch=   69140.5723083519     
 Time step =         1850
 Abd=   1161054.    
 Catch=   72391.8896895158     
 Time step =         1851
 Abd=   1216000.    
 Catch=   62529.0630533814     
 Time step =         1852
 Abd=   1048948.    
 Catch=   67704.4287420416     
 Time step =         1853
 Abd=   1138521.    
 Catch=   67242.8221394588     
 Time step =         1854
 Abd=   1128815.    
 Catch=   53115.1848701658     
 Time step =         1855
 Abd=   890103.9    
 Catch=   70091.4864877708     
 Time step =         1856
 Abd=   1180246.    
 Catch=   61906.2102727751     
 Time step =         1857
 Abd=   1038185.    
 Catch=   68822.3465927069     
 Time step =         1858
 Abd=   1156533.    
 Catch=   68823.7937907639     
 Time step =         1859
 Abd=   1155437.    
 Catch=   71194.8564362814     
 Time step =         1860
 Abd=   1195551.    
 Catch=   68765.1453797882     
 Time step =         1861
 Abd=   1153813.    
 Catch=   59682.9236383416     
 Time step =         1862
 Abd=   1000892.    
 Catch=   75231.4669839022     
 Time step =         1863
 Abd=   1267183.    
 Catch=   43660.4778698809     
 Time step =         1864
 Abd=   732050.4    
 Catch=   51204.9281652503     
 Time step =         1865
 Abd=   864331.5    
 Catch=   67315.8162190613     
 Time step =         1866
 Abd=   1135185.    
 Catch=   81036.4075916014     
 Time step =         1867
 Abd=   1362862.    
 Catch=   60820.8909026352     
 Time step =         1868
 Abd=   1018755.    
 Catch=   79524.9550691075     
 Time step =         1869
 Abd=   1339506.    
 Catch=   64899.3368102040     
 Time step =         1870
 Abd=   1087801.    
 Catch=   66521.2142638376     
 Time step =         1871
 Abd=   1117104.    
 Catch=   60609.0302049326     
 Time step =         1872
 Abd=   1016836.    
 Catch=   63740.7013487582     
 Time step =         1873
 Abd=   1071036.    
 Catch=   51151.2076694366     
 Time step =         1874
 Abd=   857779.1    
 Catch=   71865.9022516113     
 Time step =         1875
 Abd=   1212185.    
 Catch=   58536.0030890764     
 Time step =         1876
 Abd=   981162.2    
 Catch=   79971.2479903922     
 Time step =         1877
 Abd=   1347739.    
 Catch=   65790.9458717721     
 Time step =         1878
 Abd=   1103559.    
 Catch=   45241.3630581453     
 Time step =         1879
 Abd=   758811.2    
 Catch=   46918.0959587927     
 Time step =         1880
 Abd=   788985.0    
 Catch=   74980.7795700069     
 Time step =         1881
 Abd=   1269801.    
 Catch=   56700.9831528822     
 Time step =         1882
 Abd=   950436.8    
 Catch=   63834.3856517281     
 Time step =         1883
 Abd=   1072788.    
 Catch=   64418.1708382356     
 Time step =         1884
 Abd=   1081408.    
 Catch=   61223.1929905891     
 Time step =         1885
 Abd=   1027350.    
 Catch=   76986.4020702926     
 Time step =         1886
 Abd=   1295426.    
 Catch=   62141.2374346179     
 Time step =         1887
 Abd=   1041336.    
 Catch=   60074.9122447292     
 Time step =         1888
 Abd=   1009665.    
 Catch=   59994.6885980397     
 Time step =         1889
 Abd=   1007734.    
 Catch=   71181.7989126905     
 Time step =         1890
 Abd=   1198292.    
 Catch=   35668.8778988205     
 Time step =         1891
 Abd=   597645.4    
 Catch=   42952.0029090974     
 Time step =         1892
 Abd=   725569.6    
 Catch=   72112.0925286174     
 Time step =         1893
 Abd=   1220198.    
 Catch=   83423.7092994361     
 Time step =         1894
 Abd=   1403876.    
 Catch=   60912.0256941101     
 Time step =         1895
 Abd=   1021297.    
 Catch=   56063.6704664451     
 Time step =         1896
 Abd=   943544.8    
 Catch=   65312.5087584540     
 Time step =         1897
 Abd=   1098577.    
 Catch=   60340.7564107037     
 Time step =         1898
 Abd=   1012926.    
 Catch=   43141.6394042228     
 Time step =         1899
 Abd=   724017.9    
 Catch=   53186.5417755298     
 Time step =         1900
 Abd=   899830.1    
 Catch=   65464.4000255519     
 Time step =         1901
 Abd=   1102727.    
 Catch=   79887.5170387360     
 Time step =         1902
 Abd=   1344386.    
 Catch=   63675.5876506301     
 Time step =         1903
 Abd=   1067857.    
 Catch=   51245.9248512833     
 Time step =         1904
 Abd=   859073.0    
 Catch=   60882.8043143163     
 Time step =         1905
 Abd=   1026952.    
 Catch=   72144.1713042709     
 Time step =         1906
 Abd=   1214256.    
 Catch=   48538.5943142330     
 Time step =         1907
 Abd=   814257.0    
 Catch=   52082.9507264951     
 Time step =         1908
 Abd=   878404.1    
 Catch=   82413.8037316525     
 Time step =         1909
 Abd=   1391357.    
 Catch=   60864.2348446384     
 Time step =         1910
 Abd=   1021367.    
 Catch=   46094.0494067597     
 Time step =         1911
 Abd=   773836.2    
 Catch=   62844.2791889571     
 Time step =         1912
 Abd=   1059829.    
 Catch=   61261.4416058324     
 Time step =         1913
 Abd=   1029901.    
 Catch=   58291.0379991421     
 Time step =         1914
 Abd=   980252.0    
 Catch=   40737.6145741375     
 Time step =         1915
 Abd=   683324.1    
 Catch=   69827.5732964194     
 Time step =         1916
 Abd=   1182779.    
 Catch=   79454.9604064524     
 Time step =         1917
 Abd=   1338702.    
 Catch=   37663.1472049144     
 Time step =         1918
 Abd=   631508.2    
 Catch=   45202.2298883282     
 Time step =         1919
 Abd=   763177.2    
 Catch=   74719.0102844832     
 Time step =         1920
 Abd=   1264695.    
 Catch=   60523.6419906253     
 Time step =         1921
 Abd=   1014610.    
 Catch=   70167.3334343875     
 Time step =         1922
 Abd=   1182190.    
 Catch=   40294.1360558553     
 Time step =         1923
 Abd=   674940.8    
 Catch=   44455.5579029781     
 Time step =         1924
 Abd=   751362.1    
 Catch=   70296.1130756051     
 Time step =         1925
 Abd=   1190642.    
 Catch=   57338.0516298569     
 Time step =         1926
 Abd=   962370.4    
 Catch=   43939.3485584556     
 Time step =         1927
 Abd=   738656.6    
 Catch=   71480.4580963136     
 Time step =         1928
 Abd=   1211536.    
 Catch=   48730.2305681751     
 Time step =         1929
 Abd=   817184.5    
 Catch=   53423.2178614026     
 Time step =         1930
 Abd=   900334.2    
 Catch=   56484.4420211143     
 Time step =         1931
 Abd=   949124.1    
 Catch=   65568.7559415648     
 Time step =         1932
 Abd=   1104332.    
 Catch=   56222.4530354330     
 Time step =         1933
 Abd=   943148.1    
 Catch=   57218.3571625357     
 Time step =         1934
 Abd=   961247.0    
 Catch=   70868.4519237561     
 Time step =         1935
 Abd=   1193298.    
 Catch=   65427.5943632595     
 Time step =         1936
 Abd=   1098736.    
 Catch=   39516.1810220693     
 Time step =         1937
 Abd=   662667.2    
 Catch=   55988.3356108008     
 Time step =         1938
 Abd=   947728.4    
 Catch=   54075.0393126235     
 Time step =         1939
 Abd=   908954.3    
 Catch=   67029.7706092358     
 Time step =         1940
 Abd=   1129269.    
 Catch=   66653.7457914112     
 Time step =         1941
 Abd=   1120577.    
 Catch=   53250.7947071794     
 Time step =         1942
 Abd=   893426.2    
 Catch=   49308.1537009453     
 Time step =         1943
 Abd=   830334.9    
 Catch=   71422.3026733203     
 Time step =         1944
 Abd=   1205925.    
 Catch=   60050.9099400822     
 Time step =         1945
 Abd=   1008277.    
 Catch=   63085.5821567602     
 Time step =         1946
 Abd=   1060089.    
 Catch=   66569.9115478478     
 Time step =         1947
 Abd=   1118582.    
 Catch=   39372.8140477887     
 Time step =         1948
 Abd=   660475.1    
 Catch=   63059.3361653072     
 Time step =         1949
 Abd=   1068440.    
 Catch=   46976.1928295394     
 Time step =         1950
 Abd=   789799.4    
 Catch=   44610.5497620689     
 Time step =         1951
 Abd=   752103.6    
 Catch=   46181.5590053639     
 Time step =         1952
 Abd=   776058.2    
 Catch=   69191.9591318946     
 Time step =         1953
 Abd=   1169140.    
 Catch=   36604.7440365378     
 Time step =         1954
 Abd=   614306.2    
 Catch=   40944.2779714548     
 Time step =         1955
 Abd=   692844.8    
 Catch=   74669.5615377388     
 Time step =         1956
 Abd=   1268185.    
 Catch=   43260.9254762541     
 Time step =         1957
 Abd=   725179.6    
 Catch=   46951.4943163071     
 Time step =         1958
 Abd=   792450.9    
 Catch=   53023.3653053900     
 Time step =         1959
 Abd=   893174.7    
 Catch=   66442.1414322287     
 Time step =         1960
 Abd=   1119385.    
 Catch=   50306.9564934182     
 Time step =         1961
 Abd=   844149.9    
 Catch=   58131.7400128282     
 Time step =         1962
 Abd=   978438.3    
 Catch=   74789.4906560928     
 Time step =         1963
 Abd=   1260398.    
 Catch=   69707.5778236894     
 Time step =         1964
 Abd=   1172373.    
 Catch=   57481.9359245149     
 Time step =         1965
 Abd=   965161.2    
 Catch=   46062.9281136929     
 Time step =         1966
 Abd=   774274.9    
 Catch=   62069.4044333698     
 Time step =         1967
 Abd=   1048057.    
 Catch=   42185.0978310015     
 Time step =         1968
 Abd=   708288.0    
 Catch=   48189.4004838188     
 Time step =         1969
 Abd=   812709.4    
 Catch=   78549.6317487571     
 Time step =         1970
 Abd=   1329972.    
 Catch=   35125.7056065514     
 Time step =         1971
 Abd=   589711.4    
 Catch=   34053.6022233725     
 Time step =         1972
 Abd=   576316.5    
 Catch=   68650.6431817496     
 Time step =         1973
 Abd=   1168528.    
 Catch=   58802.3226371108     
 Time step =         1974
 Abd=   987966.1    
 Catch=   84382.8554554190     
 Time step =         1975
 Abd=   1424570.    
 Catch=   47254.0545396449     
 Time step =         1976
 Abd=   791979.6    
 Catch=   49275.5051117536     
 Time step =         1977
 Abd=   831836.1    
 Catch=   60517.9087407625     
 Time step =         1978
 Abd=   1020511.    
 Catch=   72328.3969669017     
 Time step =         1979
 Abd=   1220910.    
 Catch=   28421.8671699841     
 Time step =         1980
 Abd=   477214.1    
 Catch=   43630.7210551884     
 Time step =         1981
 Abd=   741681.5    
 Catch=   68593.3116150028     
 Time step =         1982
 Abd=   1162681.    
 Catch=   57944.3072992159     
 Time step =         1983
 Abd=   974938.2    
 Catch=   36554.8969302669     
 Time step =         1984
 Abd=   614271.6    
 Catch=   56562.8147615558     
 Time step =         1985
 Abd=   957396.8    
 Catch=   34678.9789681853     
 Time step =         1986
 Abd=   582075.6    
 Catch=   53807.7922402392     
 Time step =         1987
 Abd=   914832.7    
 Catch=   75983.5050068871     
 Time step =         1988
 Abd=   1282862.    
 Catch=   65327.9146788742     
 Time step =         1989
 Abd=   1099000.    
 Catch=   35483.1010766539     
 Time step =         1990
 Abd=   594298.4    
 Catch=   48778.8049048594     
 Time step =         1991
 Abd=   827189.3    
 Catch=   55894.8323044303     
 Time step =         1992
 Abd=   941290.8    
 Catch=   66221.0316954764     
 Time step =         1993
 Abd=   1114865.    
 Catch=   29579.0222990771     
 Time step =         1994
 Abd=   496082.7    
 Catch=   37636.6481210774     
 Time step =         1995
 Abd=   638966.6    
 Catch=   79568.6512908347     
 Time step =         1996
 Abd=   1354246.    
 Catch=   84134.8901127919     
 Time step =         1997
 Abd=   1416208.    
 Catch=   54748.2558128181     
 Time step =         1998
 Abd=   918581.3    
 Catch=   65224.4784875611     
 Time step =         1999
 Abd=   1100027.    
 Catch=   45124.8070470954     
 Time step =         2000
 Abd=   757706.8    
 Catch=   52206.3214467913     
 Time step =         2001
 Abd=   881485.4    
 Catch=   70618.8069070092     
 Time step =         2002
 Abd=   1192174.    
 Catch=   34585.2167086194     
 Time step =         2003
 Abd=   579783.8    
 Catch=   45814.3921801405     
 Time step =         2004
 Abd=   777299.1    
 Catch=   71361.3070388349     
 Time step =         2005
 Abd=   1207728.    
 Catch=   84068.3443462372     
 Time step =         2006
 Abd=   1418318.    
 Catch=   42137.4100935126     
 Time step =         2007
 Abd=   707216.2    
 Catch=   34891.2296036138     
 Time step =         2008
 Abd=   587628.9    
 Catch=   61943.0975151727     
 Time step =         2009
 Abd=   1053490.    
 Catch=   46779.1897645614     
 Time step =         2010
 Abd=   786381.9    
 Catch=   65918.4989055105     
 Time step =         2011
 Abd=   1113537.    
 Catch=   56468.7276598533     
 Time step =         2012
 Abd=   949108.8    
 Catch=   50311.0573111311     
 Time step =         2013
 Abd=   844325.9    
 Catch=   72040.7800987469     
 Time step =         2014
 Abd=   1217026.    
 Catch=   48761.4305890029     
 Time step =         2015
 Abd=   818915.5    
 Catch=   41006.1837599539     
 Time step =         2016
 Abd=   690404.2    
 Catch=   55647.4673400731     
 Time step =         2017
 Abd=   939234.6    
 Catch=   66810.4773017421     
 Time step =         2018
 Abd=   1126620.    
 Catch=   42109.7134963821     
 Time step =         2019
 Abd=   706557.2    
 Catch=   41089.9744605189     
 Time step =         2020
 Abd=   694688.8    
 Catch=   71368.2689981864     
 Time step =         2021
 Abd=   1210707.    
 Catch=   71632.8388679702     
 Time step =         2022
 Abd=   1204922.    
 Catch=   47635.7113316052     
 Time step =         2023
 Abd=   799370.4    
 Catch=   60467.7148202049     
 Time step =         2024
 Abd=   1022457.    
 Catch=   69670.1516731399     
 Time step =         2025
 Abd=   1173828.    
 Catch=   62782.5374906915     
 Time step =         2026
 Abd=   1054816.    
 Catch=   48411.3345728552     
 Time step =         2027
 Abd=   812484.9    
 Catch=   58941.0018140381     
 Time step =         2028
 Abd=   992824.8    
 Catch=   50020.0056797107     
 Time step =         2029
 Abd=   840964.4    
 Catch=   70102.2111027364     
 Time step =         2030
 Abd=   1185372.    
 Catch=   34246.5362211136     
 Time step =         2031
 Abd=   574544.1    
 Catch=   50251.9747865075     
 Time step =         2032
 Abd=   853197.9    
 Catch=   81770.9133476615     
 Time step =         2033
 Abd=   1384804.    
 Catch=   41251.4232183739     
 Time step =         2034
 Abd=   692865.1    
 Catch=   32233.6524619388     
 Time step =         2035
 Abd=   544123.8    
 Catch=   61331.0006506923     
 Time step =         2036
 Abd=   1044285.    
 Catch=   72285.7893674227     
 Time step =         2037
 Abd=   1217441.    
 Catch=   66510.0795476551     
 Time step =         2038
 Abd=   1117040.    
 Catch=   55066.5766015448     
 Time step =         2039
 Abd=   923835.0    
 Catch=   60114.0624302643     
 Time step =         2040
 Abd=   1013334.    
 Catch=   69703.0166455439     
 Time step =         2041
 Abd=   1173893.    
 Catch=   52960.0058069933     
 Time step =         2042
 Abd=   888206.0    
 Catch=   62210.3523648280     
 Time step =         2043
 Abd=   1050146.    
 Catch=   29628.7761438746     
 Time step =         2044
 Abd=   497246.1    
 Catch=   37544.0054276037     
 Time step =         2045
 Abd=   636872.4    
 Catch=   59201.6039674565     
 Time step =         2046
 Abd=   1003277.    
 Catch=   83359.6861177454     
 Time step =         2047
 Abd=   1406365.    
 Catch=   77056.6786097562     
 Time step =         2048
 Abd=   1296765.    
 Catch=   53764.5384256963     
 Time step =         2049
 Abd=   901861.6    
 Catch=   30903.4451342224     
 Time step =         2050
 Abd=   518907.4    
 Catch=   47484.0019507134     
 Time step =         2051
 Abd=   806289.5    
 Catch=   72844.9081398807     
 Time step =         2052
 Abd=   1232206.    
 Catch=   57536.6682299527     
 Time step =         2053
 Abd=   968901.0    
 Catch=   65209.6212402138     
 Time step =         2054
 Abd=   1098355.    
 Catch=   51894.5859339740     
 Time step =         2055
 Abd=   872391.4    
 Catch=   64198.7227242126     
 Time step =         2056
 Abd=   1082898.    
 Catch=   79683.8223175020     
 Time step =         2057
 Abd=   1345338.    
 Catch=   32037.4726555465     
 Time step =         2058
 Abd=   536684.8    
 Catch=   37891.4112417116     
 Time step =         2059
 Abd=   640839.8    
 Catch=   63290.5637815451     
 Time step =         2060
 Abd=   1073842.    
 Catch=   55430.3562792258     
 Time step =         2061
 Abd=   930934.9    
 Catch=   69035.8843383288     
 Time step =         2062
 Abd=   1162539.    
 Catch=   55143.5063569034     
 Time step =         2063
 Abd=   926171.6    
 Catch=   66265.6925014637     
 Time step =         2064
 Abd=   1117227.    
 Catch=   58182.5451628256     
 Time step =         2065
 Abd=   976266.3    
 Catch=   76571.1707009673     
 Time step =         2066
 Abd=   1289727.    
 Catch=   47890.9660753669     
 Time step =         2067
 Abd=   804866.6    
 Catch=   60266.6640631505     
 Time step =         2068
 Abd=   1018719.    
 Catch=   62969.6792573770     
 Time step =         2069
 Abd=   1061943.    
 Catch=   56511.8035260248     
 Time step =         2070
 Abd=   949602.6    
 Catch=   64942.9940822837     
 Time step =         2071
 Abd=   1093467.    
 Catch=   60493.5210517434     
 Time step =         2072
 Abd=   1014920.    
 Catch=   69036.1509355074     
 Time step =         2073
 Abd=   1162536.    
 Catch=   50135.5308653372     
 Time step =         2074
 Abd=   840055.0    
 Catch=   45519.7530305436     
 Time step =         2075
 Abd=   766023.1    
 Catch=   70821.8270934720     
 Time step =         2076
 Abd=   1197182.    
 Catch=   51506.4296697051     
 Time step =         2077
 Abd=   863437.5    
 Catch=   58388.8006283796     
 Time step =         2078
 Abd=   982460.9    
 Catch=   37662.5516348893     
 Time step =         2079
 Abd=   633562.5    
 Catch=   50536.2663824019     
 Time step =         2080
 Abd=   857488.1    
 Catch=   70445.6928471782     
 Time step =         2081
 Abd=   1193478.    
 Catch=   73346.9568263548     
 Time step =         2082
 Abd=   1233083.    
 Catch=   64811.2952889207     
 Time step =         2083
 Abd=   1088643.    
 Catch=   43361.6567411230     
 Time step =         2084
 Abd=   728224.1    
 Catch=   53963.6970949163     
 Time step =         2085
 Abd=   911115.9    
 Catch=   57792.6509184409     
 Time step =         2086
 Abd=   977522.8    
 Catch=   42781.8195024169     
 Time step =         2087
 Abd=   719598.4    
 Catch=   68867.0905434781     
 Time step =         2088
 Abd=   1166914.    
 Catch=   43593.3096011702     
 Time step =         2089
 Abd=   731417.1    
 Catch=   49204.0193285464     
 Time step =         2090
 Abd=   830713.2    
 Catch=   62653.4628104465     
 Time step =         2091
 Abd=   1056824.    
 Catch=   58750.5404546293     
 Time step =         2092
 Abd=   987758.6    
 Catch=   48237.7183734792     
 Time step =         2093
 Abd=   812612.9    
 Catch=   58310.1139974633     
 Time step =         2094
 Abd=   983572.2    
 Catch=   65849.1404550425     
 Time step =         2095
 Abd=   1108641.    
 Catch=   60620.3204241995     
 Time step =         2096
 Abd=   1017923.    
 Catch=   50625.6245065542     
 Time step =         2097
 Abd=   850635.6    
 Catch=   54792.5786503132     
 Time step =         2098
 Abd=   924301.9    
 Catch=   63830.9731924501     
 Time step =         2099
 Abd=   1074310.    
 Catch=   63142.6858516972     
 Time step =         2100
 Abd=   1061576.    
 Catch=   59599.7832124501     
 Time step =         2101
 Abd=   1001772.    
 Catch=   37692.2244189115     
 Time step =         2102
 Abd=   632961.4    
 Catch=   53578.8198180036     
 Time step =         2103
 Abd=   907746.8    
 Catch=   59580.6819025142     
 Time step =         2104
 Abd=   1004178.    
 Catch=   73006.5682452075     
 Time step =         2105
 Abd=   1231030.    
 Catch=   65856.9811606171     
 Time step =         2106
 Abd=   1105591.    
 Catch=   47190.4819762632     
 Time step =         2107
 Abd=   793542.9    
 Catch=   72330.5712978606     
 Time step =         2108
 Abd=   1223306.    
 Catch=   44932.9733449423     
 Time step =         2109
 Abd=   754566.4    
 Catch=   51409.8157411819     
 Time step =         2110
 Abd=   867687.8    
 Catch=   76596.8667542925     
 Time step =         2111
 Abd=   1293790.    
 Catch=   71715.6737468648     
 Time step =         2112
 Abd=   1205240.    
 Catch=   35010.2904729415     
 Time step =         2113
 Abd=   586879.9    
 Catch=   38176.8343984315     
 Time step =         2114
 Abd=   647168.8    
 Catch=   63374.8638536867     
 Time step =         2115
 Abd=   1075799.    
 Catch=   53473.3524730661     
 Time step =         2116
 Abd=   897663.8    
 Catch=   56855.9595158975     
 Time step =         2117
 Abd=   957176.6    
 Catch=   77030.2312110453     
 Time step =         2118
 Abd=   1301515.    
 Catch=   34987.7139871716     
 Time step =         2119
 Abd=   586463.8    
 Catch=   47464.4332156470     
 Time step =         2120
 Abd=   806423.9    
 Catch=   56410.1621927789     
 Time step =         2121
 Abd=   950591.9    
 Catch=   57842.1769176740     
 Time step =         2122
 Abd=   972806.2    
 Catch=   53508.7335267916     
 Time step =         2123
 Abd=   898191.5    
 Catch=   68908.4073694694     
 Time step =         2124
 Abd=   1161320.    
 Catch=   68076.3420617411     
 Time step =         2125
 Abd=   1143986.    
 Catch=   73177.9653901266     
 Time step =         2126
 Abd=   1230894.    
 Catch=   48325.2309700835     
 Time step =         2127
 Abd=   810266.6    
 Catch=   27569.5418668106     
 Time step =         2128
 Abd=   463068.0    
 Catch=   39395.4324514397     
 Time step =         2129
 Abd=   670305.9    
 Catch=   88173.7407639401     
 Time step =         2130
 Abd=   1502098.    
 Catch=   72263.7064703418     
 Time step =         2131
 Abd=   1216782.    
 Catch=   46233.1309784529     
 Time step =         2132
 Abd=   775536.8    
 Catch=   43118.3099397650     
 Time step =         2133
 Abd=   727860.6    
 Catch=   71986.6674325381     
 Time step =         2134
 Abd=   1218621.    
 Catch=   68673.3673509098     
 Time step =         2135
 Abd=   1154848.    
 Catch=   43735.1042873519     
 Time step =         2136
 Abd=   734799.9    
 Catch=   60091.1218056142     
 Time step =         2137
 Abd=   1015778.    
 Catch=   58229.3227329247     
 Time step =         2138
 Abd=   981310.1    
 Catch=   39294.7923706678     
 Time step =         2139
 Abd=   659879.7    
 Catch=   64840.6450706537     
 Time step =         2140
 Abd=   1099118.    
 Catch=   40350.1654257048     
 Time step =         2141
 Abd=   677857.4    
 Catch=   40073.9260276710     
 Time step =         2142
 Abd=   677206.1    
 Catch=   63205.0873867826     
 Time step =         2143
 Abd=   1068707.    
 Catch=   60909.7324346658     
 Time step =         2144
 Abd=   1023628.    
 Catch=   74600.5966145441     
 Time step =         2145
 Abd=   1258259.    
 Catch=   60322.0016919666     
 Time step =         2146
 Abd=   1013810.    
 Catch=   54623.7101273571     
 Time step =         2147
 Abd=   918565.9    
 Catch=   56753.8867366658     
 Time step =         2148
 Abd=   954429.2    
 Catch=   100907.060476024     
 Time step =         2149
 Abd=   1709568.    
 Catch=   49972.6387341320     
 Time step =         2150
 Abd=   838093.2    
 Catch=   28363.7120026823     
 Time step =         2151
 Abd=   477211.3    
 Catch=   58477.8048278747     
 Time step =         2152
 Abd=   995696.4    
 Catch=   68179.5941833257     
 Time step =         2153
 Abd=   1149737.    
 Catch=   25132.2922149317     
 Time step =         2154
 Abd=   421828.4    
 Catch=   31500.4315070130     
 Time step =         2155
 Abd=   534690.2    
 Catch=   65840.0406747914     
 Time step =         2156
 Abd=   1119335.    
 Catch=   83351.2770201271     
 Time step =         2157
 Abd=   1409615.    
 Catch=   25687.0669651789     
 Time step =         2158
 Abd=   430910.3    
 Catch=   32638.0497846961     
 Time step =         2159
 Abd=   553369.3    
 Catch=   71098.7575841195     
 Time step =         2160
 Abd=   1212246.    
 Catch=   64607.2665754779     
 Completed!
Program ADRDisp finished with exit code 0 at: Wed 05 Aug 2026 12:36:37 PM PDT
Compressing DBEM outputs
Compressed as TIPMIP_SOHOS_tipmip_epi_s_TipmipSppPel10_netcdf.tar.gz
Creating netCDF
[1] "610238"
Finished!
