Extracting environmental data
Environmental data extracted
Current working directory is /project/6006523/jepa/tipping_points/scripts/run_dbem
Starting run at:Wed 05 Aug 2026 12:41:55 PM PDT
“Starting task: 10”
 SppListRoot: 
 ~/projects/def-wailung/Data/Species/TaxonList/tipping_point/                   
                                                                                
                                                                                
                    
 Species list: 10  
 TipmipSppMes10.txt  
 Initializing, loading files...
           1
 610238    
 /localscratch/jepa.53219792.0/tipmip_mes_s/610238                              
  
 Read Parameters...
 Running Taxon B_pterotum          
 ~/projects/def-wailung/Data/Species/Distributions/S610238.csv                  
                                          
  3.710343132585779E-007
 Thread           0  starting...
 Time step =         1811
 Catch=   753057.772212979     
 Abd=   222744.7    
 Time step =         1812
 Catch=   283366.344601670     
 Abd=   184820.1    
 Time step =         1813
 Catch=   258504.278050546     
 Abd=   178207.5    
 Time step =         1814
 Catch=   253735.633179350     
 Abd=   176811.2    
 Time step =         1815
 Catch=   252706.147165842     
 Abd=   176502.2    
 Time step =         1816
 Catch=   252476.554143265     
 Abd=   176432.6    
 Time step =         1817
 Catch=   252424.612260623     
 Abd=   176416.8    
 Time step =         1818
 Catch=   252412.690078070     
 Abd=   176413.1    
 Time step =         1819
 Catch=   252409.861203698     
 Abd=   176412.1    
 Time step =         1820
 Catch=   252409.184787051     
 Abd=   176411.9    
 Time step =         1821
 Catch=   252409.088439634     
 Abd=   176412.0    
 Time step =         1822
 Catch=   252409.133435191     
 Abd=   176412.0    
 Time step =         1823
 Catch=   252409.125224718     
 Abd=   176411.9    
 Time step =         1824
 Catch=   252409.087117169     
 Abd=   176411.9    
 Time step =         1825
 Catch=   252409.007315804     
 Abd=   176411.9    
 Time step =         1826
 Catch=   252409.064248868     
 Abd=   176411.9    
 Time step =         1827
 Catch=   252409.057357451     
 Abd=   176411.9    
 Time step =         1828
 Catch=   252408.991766493     
 Abd=   176411.8    
 Time step =         1829
 Catch=   252409.002775520     
 Abd=   176411.9    
 Time step =         1830
 Catch=   252408.976242794     
 Abd=   176411.8    
 Time step =         1831
 Catch=   252408.973454523     
 Abd=   176411.9    
 Time step =         1832
 Catch=   252409.015373952     
 Abd=   176411.9    
 Time step =         1833
 Catch=   252409.030907258     
 Abd=   176411.9    
 Time step =         1834
 Catch=   252409.088012519     
 Abd=   176411.9    
 Time step =         1835
 Catch=   252409.118648081     
 Abd=   176411.9    
 Time step =         1836
 Catch=   252409.104964152     
 Abd=   176411.9    
 Time step =         1837
 Catch=   252409.071896693     
 Abd=   176411.9    
 Time step =         1838
 Catch=   252409.066890247     
 Abd=   176411.9    
 Time step =         1839
 Catch=   252409.076545186     
 Abd=   176411.9    
 Time step =         1840
 Catch=   252409.084606423     
 Abd=   176411.9    
 Time step =         1841
 Catch=   252408.999506968     
 Abd=   176411.9    
 Time step =         1842
 Catch=   252409.018939019     
 Abd=   176411.9    
 Time step =         1843
 Catch=   252409.009427955     
 Abd=   176411.9    
 Time step =         1844
 Catch=   252409.040777941     
 Abd=   176411.9    
 Time step =         1845
 Catch=   252409.062410888     
 Abd=   176411.9    
 Time step =         1846
 Catch=   252409.048589851     
 Abd=   176411.9    
 Time step =         1847
 Catch=   252409.030909024     
 Abd=   176411.8    
 Time step =         1848
 Catch=   252409.024104934     
 Abd=   176411.9    
 Time step =         1849
 Catch=   252409.078839870     
 Abd=   176411.9    
 Time step =         1850
 Catch=   252409.050182058     
 Abd=   176411.9    
 Time step =         1851
 Catch=   252409.021820331     
 Abd=   176411.8    
 Time step =         1852
 Catch=   252408.992117984     
 Abd=   176411.9    
 Time step =         1853
 Catch=   252409.040425697     
 Abd=   176411.9    
 Time step =         1854
 Catch=   252409.029591042     
 Abd=   176411.8    
 Time step =         1855
 Catch=   252409.013864156     
 Abd=   176411.9    
 Time step =         1856
 Catch=   252409.038267431     
 Abd=   176411.9    
 Time step =         1857
 Catch=   252408.983725576     
 Abd=   176411.8    
 Time step =         1858
 Catch=   252408.919627101     
 Abd=   176411.8    
 Time step =         1859
 Catch=   252408.939441226     
 Abd=   176411.9    
 Time step =         1860
 Catch=   252409.075580713     
 Abd=   176411.9    
 Time step =         1811
 Catch=   252409.038762518     
 Abd=   176411.9    
 Time step =         1812
 Catch=   252408.970989795     
 Abd=   176411.8    
 Time step =         1813
 Catch=   252408.902851320     
 Abd=   176411.8    
 Time step =         1814
 Catch=   252408.972877255     
 Abd=   176411.9    
 Time step =         1815
 Catch=   252408.983273814     
 Abd=   176411.8    
 Time step =         1816
 Catch=   252408.976118104     
 Abd=   176411.8    
 Time step =         1817
 Catch=   252408.996351479     
 Abd=   176411.8    
 Time step =         1818
 Catch=   252408.947210541     
 Abd=   176411.9    
 Time step =         1819
 Catch=   252408.991795951     
 Abd=   176411.9    
 Time step =         1820
 Catch=   252408.949308848     
 Abd=   176411.8    
 Time step =         1821
 Catch=   252409.004512716     
 Abd=   176411.9    
 Time step =         1822
 Catch=   252409.022231692     
 Abd=   176411.9    
 Time step =         1823
 Catch=   252409.025562386     
 Abd=   176411.9    
 Time step =         1824
 Catch=   252409.076016018     
 Abd=   176411.9    
 Time step =         1825
 Catch=   252409.082392774     
 Abd=   176411.9    
 Time step =         1826
 Catch=   252409.027539673     
 Abd=   176411.9    
 Time step =         1827
 Catch=   252409.009735999     
 Abd=   176411.8    
 Time step =         1828
 Catch=   252408.906705374     
 Abd=   176411.8    
 Time step =         1829
 Catch=   252408.928182058     
 Abd=   176411.8    
 Time step =         1830
 Catch=   252408.921535218     
 Abd=   176411.8    
 Time step =         1831
 Catch=   252408.940974353     
 Abd=   176411.8    
 Time step =         1832
 Catch=   252408.956627559     
 Abd=   176411.8    
 Time step =         1833
 Catch=   252408.966196598     
 Abd=   176411.8    
 Time step =         1834
 Catch=   252408.970623024     
 Abd=   176411.8    
 Time step =         1835
 Catch=   252408.892031013     
 Abd=   176411.8    
 Time step =         1836
 Catch=   252408.981404244     
 Abd=   176411.8    
 Time step =         1837
 Catch=   252408.990869479     
 Abd=   176411.9    
 Time step =         1838
 Catch=   252409.064166293     
 Abd=   176411.9    
 Time step =         1839
 Catch=   252409.021074172     
 Abd=   176411.8    
 Time step =         1840
 Catch=   252408.964648109     
 Abd=   176411.9    
 Time step =         1841
 Catch=   252409.032178908     
 Abd=   176411.8    
 Time step =         1842
 Catch=   252408.924349768     
 Abd=   176411.8    
 Time step =         1843
 Catch=   252408.923608888     
 Abd=   176411.8    
 Time step =         1844
 Catch=   252408.973305265     
 Abd=   176411.9    
 Time step =         1845
 Catch=   252408.980340240     
 Abd=   176411.8    
 Time step =         1846
 Catch=   252408.977451235     
 Abd=   176411.8    
 Time step =         1847
 Catch=   252408.924422255     
 Abd=   176411.8    
 Time step =         1848
 Catch=   252408.933549349     
 Abd=   176411.9    
 Time step =         1849
 Catch=   252408.990979324     
 Abd=   176411.9    
 Time step =         1850
 Catch=   252409.000017663     
 Abd=   176411.9    
 Time step =         1851
 Catch=   252408.951836888     
 Abd=   176411.8    
 Time step =         1852
 Catch=   252408.992295955     
 Abd=   176411.9    
 Time step =         1853
 Catch=   252408.985245342     
 Abd=   176411.9    
 Time step =         1854
 Catch=   252408.999884855     
 Abd=   176411.9    
 Time step =         1855
 Catch=   252409.003200528     
 Abd=   176411.8    
 Time step =         1856
 Catch=   252408.905937685     
 Abd=   176411.8    
 Time step =         1857
 Catch=   252408.922102866     
 Abd=   176411.9    
 Time step =         1858
 Catch=   252408.988702591     
 Abd=   176411.9    
 Time step =         1859
 Catch=   252408.986272479     
 Abd=   176411.8    
 Time step =         1860
 Catch=   252408.988564213     
 Abd=   176411.9    
 Time step =         1811
 Catch=   252409.034631726     
 Abd=   176411.9    
 Time step =         1812
 Catch=   252409.068287329     
 Abd=   176411.9    
 Time step =         1813
 Catch=   252409.073044403     
 Abd=   176411.9    
 Time step =         1814
 Catch=   252409.083459191     
 Abd=   176411.9    
 Time step =         1815
 Catch=   252409.078825351     
 Abd=   176411.9    
 Time step =         1816
 Catch=   252409.040934805     
 Abd=   176411.9    
 Time step =         1817
 Catch=   252409.044319465     
 Abd=   176411.8    
 Time step =         1818
 Catch=   252408.973034490     
 Abd=   176411.9    
 Time step =         1819
 Catch=   252409.011794364     
 Abd=   176411.8    
 Time step =         1820
 Catch=   252408.952337806     
 Abd=   176411.8    
 Time step =         1821
 Catch=   252408.903126595     
 Abd=   176411.8    
 Time step =         1822
 Catch=   252408.985064896     
 Abd=   176411.9    
 Time step =         1823
 Catch=   252409.014972023     
 Abd=   176411.8    
 Time step =         1824
 Catch=   252408.974252905     
 Abd=   176411.8    
 Time step =         1825
 Catch=   252408.955918243     
 Abd=   176411.9    
 Time step =         1826
 Catch=   252408.996678863     
 Abd=   176411.9    
 Time step =         1827
 Catch=   252408.984762106     
 Abd=   176411.9    
 Time step =         1828
 Catch=   252408.932236836     
 Abd=   176411.8    
 Time step =         1829
 Catch=   252408.963802682     
 Abd=   176411.9    
 Time step =         1830
 Catch=   252409.030310496     
 Abd=   176411.9    
 Time step =         1831
 Catch=   252409.043493801     
 Abd=   176412.0    
 Time step =         1832
 Catch=   252409.071238381     
 Abd=   176411.9    
 Time step =         1833
 Catch=   252409.001805057     
 Abd=   176411.9    
 Time step =         1834
 Catch=   252409.048765374     
 Abd=   176411.9    
 Time step =         1835
 Catch=   252409.024124364     
 Abd=   176411.9    
 Time step =         1836
 Catch=   252409.027744325     
 Abd=   176411.9    
 Time step =         1837
 Catch=   252409.077287827     
 Abd=   176411.9    
 Time step =         1838
 Catch=   252409.076170445     
 Abd=   176411.9    
 Time step =         1839
 Catch=   252409.042476590     
 Abd=   176411.9    
 Time step =         1840
 Catch=   252408.989429227     
 Abd=   176411.9    
 Time step =         1841
 Catch=   252409.053662514     
 Abd=   176411.9    
 Time step =         1842
 Catch=   252409.030336992     
 Abd=   176411.9    
 Time step =         1843
 Catch=   252409.047305014     
 Abd=   176411.9    
 Time step =         1844
 Catch=   252409.101948832     
 Abd=   176411.9    
 Time step =         1845
 Catch=   252409.035276136     
 Abd=   176411.9    
 Time step =         1846
 Catch=   252409.082841526     
 Abd=   176411.9    
 Time step =         1847
 Catch=   252409.100581132     
 Abd=   176411.9    
 Time step =         1848
 Catch=   252409.086505237     
 Abd=   176411.9    
 Time step =         1849
 Catch=   252409.007262148     
 Abd=   176411.9    
 Time step =         1850
 Catch=   252409.030492185     
 Abd=   176411.9    
 Time step =         1851
 Catch=   252408.974433668     
 Abd=   176411.8    
 Time step =         1852
 Catch=   252408.982739466     
 Abd=   176411.9    
 Time step =         1853
 Catch=   252409.009525912     
 Abd=   176411.9    
 Time step =         1854
 Catch=   252409.072260546     
 Abd=   176411.9    
 Time step =         1855
 Catch=   252409.035499765     
 Abd=   176411.8    
 Time step =         1856
 Catch=   252408.973012415     
 Abd=   176411.9    
 Time step =         1857
 Catch=   252409.080684261     
 Abd=   176411.9    
 Time step =         1858
 Catch=   252409.037757335     
 Abd=   176411.8    
 Time step =         1859
 Catch=   252409.059845930     
 Abd=   176411.9    
 Time step =         1860
 Catch=   252409.084719650     
 Abd=   176411.9    
 Time step =         1811
 Catch=   252409.042476755     
 Abd=   176411.9    
 Time step =         1812
 Catch=   252409.000130930     
 Abd=   176411.9    
 Time step =         1813
 Catch=   252408.979214045     
 Abd=   176411.9    
 Time step =         1814
 Catch=   252409.035356451     
 Abd=   176411.9    
 Time step =         1815
 Catch=   252409.092453641     
 Abd=   176411.9    
 Time step =         1816
 Catch=   252409.100198435     
 Abd=   176411.9    
 Time step =         1817
 Catch=   252409.109188520     
 Abd=   176411.9    
 Time step =         1818
 Catch=   252409.025415986     
 Abd=   176411.9    
 Time step =         1819
 Catch=   252409.019524945     
 Abd=   176411.9    
 Time step =         1820
 Catch=   252409.016636392     
 Abd=   176411.9    
 Time step =         1821
 Catch=   252409.011328608     
 Abd=   176411.9    
 Time step =         1822
 Catch=   252409.024973114     
 Abd=   176411.9    
 Time step =         1823
 Catch=   252409.058729824     
 Abd=   176411.9    
 Time step =         1824
 Catch=   252409.012468571     
 Abd=   176411.8    
 Time step =         1825
 Catch=   252408.966709217     
 Abd=   176411.8    
 Time step =         1826
 Catch=   252408.991918635     
 Abd=   176411.9    
 Time step =         1827
 Catch=   252409.016361585     
 Abd=   176411.9    
 Time step =         1828
 Catch=   252408.959630240     
 Abd=   176411.9    
 Time step =         1829
 Catch=   252408.989212136     
 Abd=   176411.9    
 Time step =         1830
 Catch=   252409.031817691     
 Abd=   176411.8    
 Time step =         1831
 Catch=   252408.904373005     
 Abd=   176411.8    
 Time step =         1832
 Catch=   252408.977422671     
 Abd=   176411.9    
 Time step =         1833
 Catch=   252409.101852953     
 Abd=   176411.9    
 Time step =         1834
 Catch=   252409.073956845     
 Abd=   176411.9    
 Time step =         1835
 Catch=   252409.101474973     
 Abd=   176411.9    
 Time step =         1836
 Catch=   252409.046577728     
 Abd=   176411.9    
 Time step =         1837
 Catch=   252409.091080182     
 Abd=   176411.9    
 Time step =         1838
 Catch=   252409.101245805     
 Abd=   176411.9    
 Time step =         1839
 Catch=   252409.095669601     
 Abd=   176411.9    
 Time step =         1840
 Catch=   252409.028176461     
 Abd=   176411.9    
 Time step =         1841
 Catch=   252409.029849287     
 Abd=   176411.9    
 Time step =         1842
 Catch=   252409.047256586     
 Abd=   176411.9    
 Time step =         1843
 Catch=   252408.999783112     
 Abd=   176411.9    
 Time step =         1844
 Catch=   252409.005473306     
 Abd=   176411.9    
 Time step =         1845
 Catch=   252409.069499172     
 Abd=   176411.9    
 Time step =         1846
 Catch=   252409.005805708     
 Abd=   176411.8    
 Time step =         1847
 Catch=   252408.951037832     
 Abd=   176411.8    
 Time step =         1848
 Catch=   252408.952966352     
 Abd=   176411.9    
 Time step =         1849
 Catch=   252408.958869277     
 Abd=   176411.8    
 Time step =         1850
 Catch=   252408.968474370     
 Abd=   176411.9    
 Time step =         1851
 Catch=   252409.037178276     
 Abd=   176411.9    
 Time step =         1852
 Catch=   252409.071446574     
 Abd=   176411.9    
 Time step =         1853
 Catch=   252409.057046368     
 Abd=   176411.9    
 Time step =         1854
 Catch=   252409.027195072     
 Abd=   176411.9    
 Time step =         1855
 Catch=   252409.042086579     
 Abd=   176411.9    
 Time step =         1856
 Catch=   252409.089008539     
 Abd=   176412.0    
 Time step =         1857
 Catch=   252409.139616838     
 Abd=   176412.0    
 Time step =         1858
 Catch=   252409.125804144     
 Abd=   176411.9    
 Time step =         1859
 Catch=   252409.075443608     
 Abd=   176411.9    
 Time step =         1860
 Catch=   252409.076690717     
 Abd=   176411.9    
 Time step =         1811
 Abd=   176411.9    
 Catch=   10138.0465389597     
 Time step =         1812
 Abd=   170217.7    
 Catch=   10765.4481320256     
 Time step =         1813
 Abd=   180850.8    
 Catch=   9475.18810405517     
 Time step =         1814
 Abd=   159017.9    
 Catch=   9672.46077281501     
 Time step =         1815
 Abd=   162474.2    
 Catch=   11142.5664267648     
 Time step =         1816
 Abd=   187366.2    
 Catch=   12605.5700301617     
 Time step =         1817
 Abd=   211884.9    
 Catch=   13223.9561713730     
 Time step =         1818
 Abd=   222106.8    
 Catch=   13134.7457793968     
 Time step =         1819
 Abd=   220487.8    
 Catch=   11135.0066351367     
 Time step =         1820
 Abd=   186696.2    
 Catch=   11208.0404912417     
 Time step =         1821
 Abd=   188171.8    
 Catch=   11177.2107801508     
 Time step =         1822
 Abd=   187630.0    
 Catch=   11223.1725228920     
 Time step =         1823
 Abd=   188465.0    
 Catch=   10707.4776596756     
 Time step =         1824
 Abd=   179765.0    
 Catch=   9873.24161501576     
 Time step =         1825
 Abd=   165807.2    
 Catch=   9825.64008531099     
 Time step =         1826
 Abd=   165007.8    
 Catch=   9772.78122634963     
 Time step =         1827
 Abd=   164096.9    
 Catch=   10639.0639814449     
 Time step =         1828
 Abd=   178792.5    
 Catch=   10780.6881473059     
 Time step =         1829
 Abd=   180994.5    
 Catch=   11450.0129588094     
 Time step =         1830
 Abd=   192325.0    
 Catch=   11066.8530467455     
 Time step =         1831
 Abd=   185762.5    
 Catch=   10706.9768824233     
 Time step =         1832
 Abd=   179686.5    
 Catch=   10971.3514602225     
 Time step =         1833
 Abd=   184251.0    
 Catch=   11759.4181049513     
 Time step =         1834
 Abd=   197569.0    
 Catch=   10680.6558100846     
 Time step =         1835
 Abd=   179143.9    
 Catch=   10417.8696891561     
 Time step =         1836
 Abd=   174874.3    
 Catch=   11475.0254371220     
 Time step =         1837
 Abd=   192848.6    
 Catch=   12061.6686735425     
 Time step =         1838
 Abd=   202654.8    
 Catch=   10099.2227277630     
 Time step =         1839
 Abd=   169414.2    
 Catch=   10191.6115292581     
 Time step =         1840
 Abd=   171235.0    
 Catch=   10477.3572734455     
 Time step =         1841
 Abd=   175945.1    
 Catch=   12174.4074723625     
 Time step =         1842
 Abd=   204796.2    
 Catch=   9514.65442618752     
 Time step =         1843
 Abd=   159557.6    
 Catch=   10070.7104393695     
 Time step =         1844
 Abd=   169581.3    
 Catch=   10189.2642326864     
 Time step =         1845
 Abd=   171143.6    
 Catch=   9897.75728841216     
 Time step =         1846
 Abd=   166147.2    
 Catch=   9606.08958625721     
 Time step =         1847
 Abd=   161343.6    
 Catch=   10041.2062828649     
 Time step =         1848
 Abd=   168648.9    
 Catch=   10444.4058793891     
 Time step =         1849
 Abd=   175446.2    
 Catch=   10268.7075742382     
 Time step =         1850
 Abd=   172349.5    
 Catch=   11753.5568619497     
 Time step =         1851
 Abd=   197622.0    
 Catch=   11865.6126374066     
 Time step =         1852
 Abd=   199219.8    
 Catch=   10615.7943533494     
 Time step =         1853
 Abd=   178079.9    
 Catch=   10413.6493558173     
 Time step =         1854
 Abd=   174762.6    
 Catch=   10419.5354385761     
 Time step =         1855
 Abd=   174919.2    
 Catch=   11020.3205728039     
 Time step =         1856
 Abd=   185137.0    
 Catch=   10817.9720597416     
 Time step =         1857
 Abd=   181558.3    
 Catch=   11540.1848432592     
 Time step =         1858
 Abd=   193844.5    
 Catch=   12082.6681177558     
 Time step =         1859
 Abd=   202889.1    
 Catch=   10964.3239756810     
 Time step =         1860
 Abd=   183904.2    
 Catch=   10665.6505352874     
 Time step =         1861
 Abd=   179049.1    
 Catch=   9755.55705004708     
 Time step =         1862
 Abd=   163699.1    
 Catch=   12487.3085737154     
 Time step =         1863
 Abd=   210258.3    
 Catch=   9856.41560331156     
 Time step =         1864
 Abd=   165216.5    
 Catch=   8578.60174800604     
 Time step =         1865
 Abd=   144028.7    
 Catch=   9425.94218188793     
 Time step =         1866
 Abd=   158442.0    
 Catch=   10967.4589966165     
 Time step =         1867
 Abd=   184454.0    
 Catch=   11511.3867761975     
 Time step =         1868
 Abd=   193401.8    
 Catch=   12082.3119148491     
 Time step =         1869
 Abd=   203051.9    
 Catch=   10924.4758312319     
 Time step =         1870
 Abd=   183234.9    
 Catch=   11229.1643187351     
 Time step =         1871
 Abd=   188540.7    
 Catch=   10475.3649755247     
 Time step =         1872
 Abd=   175732.0    
 Catch=   10095.7550155112     
 Time step =         1873
 Abd=   169394.2    
 Catch=   9942.71304701663     
 Time step =         1874
 Abd=   166948.8    
 Catch=   9697.70761109618     
 Time step =         1875
 Abd=   162764.1    
 Catch=   10527.4229987818     
 Time step =         1876
 Abd=   176922.6    
 Catch=   11791.1124906436     
 Time step =         1877
 Abd=   198281.3    
 Catch=   11645.8157605864     
 Time step =         1878
 Abd=   195560.0    
 Catch=   9885.12767403435     
 Time step =         1879
 Abd=   165840.3    
 Catch=   9735.71758040530     
 Time step =         1880
 Abd=   163664.9    
 Catch=   9983.88285969251     
 Time step =         1881
 Abd=   167786.9    
 Catch=   10312.4287145058     
 Time step =         1882
 Abd=   173251.3    
 Catch=   10844.2311773704     
 Time step =         1883
 Abd=   182130.9    
 Catch=   11127.5952241996     
 Time step =         1884
 Abd=   186970.7    
 Catch=   10516.8113605510     
 Time step =         1885
 Abd=   176445.5    
 Catch=   11119.2789872295     
 Time step =         1886
 Abd=   186724.2    
 Catch=   10235.5012382757     
 Time step =         1887
 Abd=   171717.6    
 Catch=   9826.90519340380     
 Time step =         1888
 Abd=   164909.2    
 Catch=   9208.79024363094     
 Time step =         1889
 Abd=   154566.5    
 Catch=   10576.8825606754     
 Time step =         1890
 Abd=   177961.2    
 Catch=   9562.60189313796     
 Time step =         1891
 Abd=   160530.0    
 Catch=   9871.13697046370     
 Time step =         1892
 Abd=   166213.6    
 Catch=   9834.32476718941     
 Time step =         1893
 Abd=   165147.6    
 Catch=   10965.6328506372     
 Time step =         1894
 Abd=   184507.0    
 Catch=   10702.4792687983     
 Time step =         1895
 Abd=   179697.8    
 Catch=   9463.24430102682     
 Time step =         1896
 Abd=   158768.5    
 Catch=   9797.06935152960     
 Time step =         1897
 Abd=   164515.3    
 Catch=   10283.8578529796     
 Time step =         1898
 Abd=   172821.8    
 Catch=   9989.94314129087     
 Time step =         1899
 Abd=   167655.3    
 Catch=   9014.92146468687     
 Time step =         1900
 Abd=   151464.9    
 Catch=   9643.21101110199     
 Time step =         1901
 Abd=   162006.0    
 Catch=   10273.8222327104     
 Time step =         1902
 Abd=   172696.8    
 Catch=   9851.37504172734     
 Time step =         1903
 Abd=   165346.5    
 Catch=   9390.45924998266     
 Time step =         1904
 Abd=   157592.1    
 Catch=   9141.02089490993     
 Time step =         1905
 Abd=   153559.4    
 Catch=   10315.4530683462     
 Time step =         1906
 Abd=   173399.3    
 Catch=   9672.27212485866     
 Time step =         1907
 Abd=   162298.9    
 Catch=   8989.97207968371     
 Time step =         1908
 Abd=   151038.7    
 Catch=   10772.9980780078     
 Time step =         1909
 Abd=   181324.1    
 Catch=   11123.9601277343     
 Time step =         1910
 Abd=   186832.4    
 Catch=   9331.21998195677     
 Time step =         1911
 Abd=   156488.4    
 Catch=   9813.51649101922     
 Time step =         1912
 Abd=   164833.9    
 Catch=   10351.3053950817     
 Time step =         1913
 Abd=   173913.2    
 Catch=   10239.2997844278     
 Time step =         1914
 Abd=   171884.4    
 Catch=   8884.43445293753     
 Time step =         1915
 Abd=   149003.3    
 Catch=   9619.69068786060     
 Time step =         1916
 Abd=   161959.8    
 Catch=   11294.1471399235     
 Time step =         1917
 Abd=   190265.6    
 Catch=   9885.17307563429     
 Time step =         1918
 Abd=   165878.9    
 Catch=   8737.27150338859     
 Time step =         1919
 Abd=   146917.8    
 Catch=   9470.56056148934     
 Time step =         1920
 Abd=   159170.3    
 Catch=   9236.49668028495     
 Time step =         1921
 Abd=   155038.5    
 Catch=   11451.5467248900     
 Time step =         1922
 Abd=   192773.9    
 Catch=   9904.37514815778     
 Time step =         1923
 Abd=   166163.3    
 Catch=   8812.69513738391     
 Time step =         1924
 Abd=   148237.9    
 Catch=   9934.65265139865     
 Time step =         1925
 Abd=   167106.2    
 Catch=   9585.54865088837     
 Time step =         1926
 Abd=   161006.1    
 Catch=   9582.51798524450     
 Time step =         1927
 Abd=   161062.7    
 Catch=   10487.9128418705     
 Time step =         1928
 Abd=   176269.4    
 Catch=   9883.83635423111     
 Time step =         1929
 Abd=   165891.2    
 Catch=   9158.54972705894     
 Time step =         1930
 Abd=   153757.2    
 Catch=   8963.95023779785     
 Time step =         1931
 Abd=   150421.6    
 Catch=   9534.95434214533     
 Time step =         1932
 Abd=   160236.4    
 Catch=   8707.76529517670     
 Time step =         1933
 Abd=   146108.3    
 Catch=   9348.13990706414     
 Time step =         1934
 Abd=   157121.4    
 Catch=   9311.68553323988     
 Time step =         1935
 Abd=   156486.6    
 Catch=   10300.9932446733     
 Time step =         1936
 Abd=   173133.6    
 Catch=   8606.90702176047     
 Time step =         1937
 Abd=   144356.8    
 Catch=   9253.50165190487     
 Time step =         1938
 Abd=   155746.8    
 Catch=   9032.19182345886     
 Time step =         1939
 Abd=   151804.3    
 Catch=   10114.6887425780     
 Time step =         1940
 Abd=   170120.9    
 Catch=   9091.23400032451     
 Time step =         1941
 Abd=   152648.3    
 Catch=   8763.74090728154     
 Time step =         1942
 Abd=   147148.2    
 Catch=   8380.55156415335     
 Time step =         1943
 Abd=   140787.9    
 Catch=   8996.16089440033     
 Time step =         1944
 Abd=   151259.6    
 Catch=   9159.62700680482     
 Time step =         1945
 Abd=   153882.1    
 Catch=   9265.73529703859     
 Time step =         1946
 Abd=   155688.9    
 Catch=   9127.67331811162     
 Time step =         1947
 Abd=   153246.7    
 Catch=   8836.79736889014     
 Time step =         1948
 Abd=   148327.6    
 Catch=   9593.94599779079     
 Time step =         1949
 Abd=   161470.7    
 Catch=   8886.76423673989     
 Time step =         1950
 Abd=   149301.9    
 Catch=   8288.76324633004     
 Time step =         1951
 Abd=   139278.0    
 Catch=   9058.15317934513     
 Time step =         1952
 Abd=   152452.2    
 Catch=   10055.3072613673     
 Time step =         1953
 Abd=   169123.0    
 Catch=   8982.44108658118     
 Time step =         1954
 Abd=   150810.0    
 Catch=   8097.22115814203     
 Time step =         1955
 Abd=   136029.9    
 Catch=   9344.27362740659     
 Time step =         1956
 Abd=   157272.7    
 Catch=   8475.27291980932     
 Time step =         1957
 Abd=   142248.2    
 Catch=   8011.47061793468     
 Time step =         1958
 Abd=   134608.7    
 Catch=   8863.84492322792     
 Time step =         1959
 Abd=   149022.9    
 Catch=   8295.03406389060     
 Time step =         1960
 Abd=   139226.3    
 Catch=   8825.73302555928     
 Time step =         1961
 Abd=   148407.5    
 Catch=   8991.23086810694     
 Time step =         1962
 Abd=   151027.9    
 Catch=   9567.93361851415     
 Time step =         1963
 Abd=   160753.4    
 Catch=   9257.90294570509     
 Time step =         1964
 Abd=   155403.3    
 Catch=   10788.2780498549     
 Time step =         1965
 Abd=   181443.8    
 Catch=   8597.49900074180     
 Time step =         1966
 Abd=   144167.8    
 Catch=   8881.78818295613     
 Time step =         1967
 Abd=   149295.3    
 Catch=   8818.32092607030     
 Time step =         1968
 Abd=   148094.9    
 Catch=   8563.86811636982     
 Time step =         1969
 Abd=   143823.1    
 Catch=   9010.31752184907     
 Time step =         1970
 Abd=   151506.6    
 Catch=   8654.51740181515     
 Time step =         1971
 Abd=   145279.1    
 Catch=   7899.66314125845     
 Time step =         1972
 Abd=   132756.0    
 Catch=   9613.51414165610     
 Time step =         1973
 Abd=   162000.1    
 Catch=   9913.78609226793     
 Time step =         1974
 Abd=   166536.8    
 Catch=   10462.9340760473     
 Time step =         1975
 Abd=   175872.3    
 Catch=   9803.26286799404     
 Time step =         1976
 Abd=   164535.6    
 Catch=   8507.31995421501     
 Time step =         1977
 Abd=   142898.6    
 Catch=   9098.50028212761     
 Time step =         1978
 Abd=   152822.0    
 Catch=   10482.6782429386     
 Time step =         1979
 Abd=   176369.5    
 Catch=   7913.66110530434     
 Time step =         1980
 Abd=   132654.1    
 Catch=   7818.42156225938     
 Time step =         1981
 Abd=   131510.9    
 Catch=   9229.34402690189     
 Time step =         1982
 Abd=   155301.9    
 Catch=   11272.9228431935     
 Time step =         1983
 Abd=   189805.2    
 Catch=   8467.07693550420     
 Time step =         1984
 Abd=   141983.9    
 Catch=   9598.80781110770     
 Time step =         1985
 Abd=   161496.3    
 Catch=   8937.78257047402     
 Time step =         1986
 Abd=   150022.9    
 Catch=   8511.38651884877     
 Time step =         1987
 Abd=   143074.5    
 Catch=   9192.68763562043     
 Time step =         1988
 Abd=   154579.3    
 Catch=   10348.5065083556     
 Time step =         1989
 Abd=   174126.8    
 Catch=   9036.21125570752     
 Time step =         1990
 Abd=   151735.9    
 Catch=   8143.63677782124     
 Time step =         1991
 Abd=   136819.2    
 Catch=   8701.55133140117     
 Time step =         1992
 Abd=   146215.1    
 Catch=   10545.6296391638     
 Time step =         1993
 Abd=   177438.8    
 Catch=   9408.12655103621     
 Time step =         1994
 Abd=   157908.8    
 Catch=   8507.99707667932     
 Time step =         1995
 Abd=   142988.7    
 Catch=   9989.71019839342     
 Time step =         1996
 Abd=   168141.4    
 Catch=   9909.18239228581     
 Time step =         1997
 Abd=   166494.8    
 Catch=   9184.96661905487     
 Time step =         1998
 Abd=   154084.9    
 Catch=   9403.53499234343     
 Time step =         1999
 Abd=   158001.2    
 Catch=   9876.41914633346     
 Time step =         2000
 Abd=   165893.5    
 Catch=   8652.89652139322     
 Time step =         2001
 Abd=   145173.5    
 Catch=   10511.5453119912     
 Time step =         2002
 Abd=   176902.1    
 Catch=   9391.28426347946     
 Time step =         2003
 Abd=   157535.1    
 Catch=   7937.50101918021     
 Time step =         2004
 Abd=   133246.0    
 Catch=   8918.40117077990     
 Time step =         2005
 Abd=   150417.1    
 Catch=   8821.77371582530     
 Time step =         2006
 Abd=   148285.3    
 Catch=   9000.24918160843     
 Time step =         2007
 Abd=   151243.9    
 Catch=   7727.13475853508     
 Time step =         2008
 Abd=   129648.8    
 Catch=   8491.58577574277     
 Time step =         2009
 Abd=   142790.2    
 Catch=   8151.09923876013     
 Time step =         2010
 Abd=   136904.4    
 Catch=   8501.23441400050     
 Time step =         2011
 Abd=   142786.6    
 Catch=   9195.84011246638     
 Time step =         2012
 Abd=   154524.7    
 Catch=   7907.46013501279     
 Time step =         2013
 Abd=   132580.1    
 Catch=   8316.70721328093     
 Time step =         2014
 Abd=   139696.6    
 Catch=   9600.49139809117     
 Time step =         2015
 Abd=   161451.5    
 Catch=   8289.42389030780     
 Time step =         2016
 Abd=   139112.1    
 Catch=   8833.76775127411     
 Time step =         2017
 Abd=   148553.4    
 Catch=   9680.93816472543     
 Time step =         2018
 Abd=   162776.2    
 Catch=   9794.26592629734     
 Time step =         2019
 Abd=   164514.5    
 Catch=   8501.96464457174     
 Time step =         2020
 Abd=   142862.5    
 Catch=   9404.92930864183     
 Time step =         2021
 Abd=   158400.3    
 Catch=   10457.2970187142     
 Time step =         2022
 Abd=   175898.5    
 Catch=   9402.70969138785     
 Time step =         2023
 Abd=   157773.2    
 Catch=   8094.25068713031     
 Time step =         2024
 Abd=   135840.8    
 Catch=   9693.92633863167     
 Time step =         2025
 Abd=   163270.1    
 Catch=   9895.26624898432     
 Time step =         2026
 Abd=   166229.5    
 Catch=   8679.80713065637     
 Time step =         2027
 Abd=   145604.2    
 Catch=   9254.83650140445     
 Time step =         2028
 Abd=   155537.3    
 Catch=   9183.13636024040     
 Time step =         2029
 Abd=   154173.2    
 Catch=   9138.70290712622     
 Time step =         2030
 Abd=   153494.5    
 Catch=   8159.37829540096     
 Time step =         2031
 Abd=   136883.0    
 Catch=   7910.69498839054     
 Time step =         2032
 Abd=   132925.1    
 Catch=   9247.22828669825     
 Time step =         2033
 Abd=   155558.6    
 Catch=   9173.02151900204     
 Time step =         2034
 Abd=   154029.2    
 Catch=   8065.08350489728     
 Time step =         2035
 Abd=   135528.5    
 Catch=   8886.02528294422     
 Time step =         2036
 Abd=   149493.8    
 Catch=   9152.69185975820     
 Time step =         2037
 Abd=   153751.5    
 Catch=   9312.87456722040     
 Time step =         2038
 Abd=   156388.0    
 Catch=   9568.79883765276     
 Time step =         2039
 Abd=   160663.5    
 Catch=   8870.16220778137     
 Time step =         2040
 Abd=   148918.4    
 Catch=   8663.55460464767     
 Time step =         2041
 Abd=   145513.0    
 Catch=   8830.52006265984     
 Time step =         2042
 Abd=   148274.7    
 Catch=   10663.9904083482     
 Time step =         2043
 Abd=   179476.5    
 Catch=   8634.50993213096     
 Time step =         2044
 Abd=   144732.8    
 Catch=   8476.29310047456     
 Time step =         2045
 Abd=   142695.2    
 Catch=   8761.41108417064     
 Time step =         2046
 Abd=   147378.4    
 Catch=   9195.35893752941     
 Time step =         2047
 Abd=   154560.1    
 Catch=   10619.4940899438     
 Time step =         2048
 Abd=   178762.7    
 Catch=   10918.4723170503     
 Time step =         2049
 Abd=   183435.8    
 Catch=   8380.97302167978     
 Time step =         2050
 Abd=   140490.0    
 Catch=   8422.14811366655     
 Time step =         2051
 Abd=   141942.3    
 Catch=   8310.95705877457     
 Time step =         2052
 Abd=   139669.5    
 Catch=   9925.19608195657     
 Time step =         2053
 Abd=   166995.7    
 Catch=   9117.59466831834     
 Time step =         2054
 Abd=   153048.2    
 Catch=   8187.73213070386     
 Time step =         2055
 Abd=   137407.9    
 Catch=   9071.07430482279     
 Time step =         2056
 Abd=   152638.9    
 Catch=   10427.0448970062     
 Time step =         2057
 Abd=   175556.1    
 Catch=   8618.05932138352     
 Time step =         2058
 Abd=   144537.3    
 Catch=   8043.58352227399     
 Time step =         2059
 Abd=   135205.2    
 Catch=   9727.65665020279     
 Time step =         2060
 Abd=   163897.8    
 Catch=   9141.38846263357     
 Time step =         2061
 Abd=   153491.6    
 Catch=   10124.7673137153     
 Time step =         2062
 Abd=   170223.8    
 Catch=   8830.97027514602     
 Time step =         2063
 Abd=   148105.1    
 Catch=   9302.80817079410     
 Time step =         2064
 Abd=   156356.3    
 Catch=   9838.06829009613     
 Time step =         2065
 Abd=   165299.2    
 Catch=   11094.6468538905     
 Time step =         2066
 Abd=   186459.7    
 Catch=   8613.91232406460     
 Time step =         2067
 Abd=   144359.0    
 Catch=   9072.38734327797     
 Time step =         2068
 Abd=   152771.5    
 Catch=   9070.94067056792     
 Time step =         2069
 Abd=   152465.4    
 Catch=   8498.49646738863     
 Time step =         2070
 Abd=   142745.4    
 Catch=   8173.98711570487     
 Time step =         2071
 Abd=   137222.4    
 Catch=   9025.45809825013     
 Time step =         2072
 Abd=   151697.9    
 Catch=   10473.1042180888     
 Time step =         2073
 Abd=   176179.3    
 Catch=   9445.27384420571     
 Time step =         2074
 Abd=   158516.2    
 Catch=   8404.21729043398     
 Time step =         2075
 Abd=   140966.4    
 Catch=   9258.29421807762     
 Time step =         2076
 Abd=   155740.0    
 Catch=   8432.64791913401     
 Time step =         2077
 Abd=   141451.1    
 Catch=   9339.11958907227     
 Time step =         2078
 Abd=   157071.4    
 Catch=   8077.90191118960     
 Time step =         2079
 Abd=   135501.4    
 Catch=   7858.42255065254     
 Time step =         2080
 Abd=   132157.0    
 Catch=   8283.11649108898     
 Time step =         2081
 Abd=   139289.5    
 Catch=   8560.17613024386     
 Time step =         2082
 Abd=   143919.4    
 Catch=   9943.39181170074     
 Time step =         2083
 Abd=   167231.0    
 Catch=   8296.17547433812     
 Time step =         2084
 Abd=   139250.5    
 Catch=   9909.77163691441     
 Time step =         2085
 Abd=   167120.3    
 Catch=   10586.3939939183     
 Time step =         2086
 Abd=   178286.0    
 Catch=   8438.79844264361     
 Time step =         2087
 Abd=   141515.9    
 Catch=   8802.42042609258     
 Time step =         2088
 Abd=   147881.0    
 Catch=   9101.92789389593     
 Time step =         2089
 Abd=   152872.1    
 Catch=   8417.37931338940     
 Time step =         2090
 Abd=   141341.6    
 Catch=   9325.12337042506     
 Time step =         2091
 Abd=   156777.4    
 Catch=   9815.46784617299     
 Time step =         2092
 Abd=   164966.9    
 Catch=   7974.57824818579     
 Time step =         2093
 Abd=   133796.7    
 Catch=   9031.57214668192     
 Time step =         2094
 Abd=   152096.3    
 Catch=   9013.99164249561     
 Time step =         2095
 Abd=   151390.7    
 Catch=   9174.32237176135     
 Time step =         2096
 Abd=   154118.2    
 Catch=   9627.46609804143     
 Time step =         2097
 Abd=   161696.6    
 Catch=   9668.92102018216     
 Time step =         2098
 Abd=   162947.5    
 Catch=   11046.5112173901     
 Time step =         2099
 Abd=   185980.4    
 Catch=   9481.77181327591     
 Time step =         2100
 Abd=   159299.8    
 Catch=   10084.5434875193     
 Time step =         2101
 Abd=   169488.2    
 Catch=   8619.13196588314     
 Time step =         2102
 Abd=   144529.6    
 Catch=   8232.98465378643     
 Time step =         2103
 Abd=   138489.8    
 Catch=   9186.40342380972     
 Time step =         2104
 Abd=   154696.9    
 Catch=   9465.52851330379     
 Time step =         2105
 Abd=   159178.0    
 Catch=   9416.29749539219     
 Time step =         2106
 Abd=   158189.8    
 Catch=   8832.59021175037     
 Time step =         2107
 Abd=   148279.9    
 Catch=   9650.75626068436     
 Time step =         2108
 Abd=   162304.7    
 Catch=   9289.59838682322     
 Time step =         2109
 Abd=   155992.1    
 Catch=   9016.14673323243     
 Time step =         2110
 Abd=   151462.4    
 Catch=   8943.68405554834     
 Time step =         2111
 Abd=   150125.5    
 Catch=   9894.72145323573     
 Time step =         2112
 Abd=   166360.2    
 Catch=   9378.70379806940     
 Time step =         2113
 Abd=   157645.2    
 Catch=   8778.50386766787     
 Time step =         2114
 Abd=   147967.7    
 Catch=   10691.2354179439     
 Time step =         2115
 Abd=   180100.4    
 Catch=   9195.22584493983     
 Time step =         2116
 Abd=   154413.6    
 Catch=   9088.24475974286     
 Time step =         2117
 Abd=   152614.0    
 Catch=   10605.6054478732     
 Time step =         2118
 Abd=   178469.8    
 Catch=   9554.15831467305     
 Time step =         2119
 Abd=   160266.8    
 Catch=   8256.72020672851     
 Time step =         2120
 Abd=   138644.7    
 Catch=   8816.65291126260     
 Time step =         2121
 Abd=   148152.4    
 Catch=   9200.49618610667     
 Time step =         2122
 Abd=   154488.0    
 Catch=   9355.29330539240     
 Time step =         2123
 Abd=   157133.9    
 Catch=   9444.17820802561     
 Time step =         2124
 Abd=   158594.9    
 Catch=   9246.51204852982     
 Time step =         2125
 Abd=   155186.0    
 Catch=   10426.5177397020     
 Time step =         2126
 Abd=   175225.1    
 Catch=   10139.0809540324     
 Time step =         2127
 Abd=   170205.9    
 Catch=   8490.87712811591     
 Time step =         2128
 Abd=   142398.6    
 Catch=   8144.12033650490     
 Time step =         2129
 Abd=   137193.9    
 Catch=   9502.61589090121     
 Time step =         2130
 Abd=   160034.3    
 Catch=   10239.1005386383     
 Time step =         2131
 Abd=   172505.4    
 Catch=   8895.01678945154     
 Time step =         2132
 Abd=   149221.6    
 Catch=   7681.09246693287     
 Time step =         2133
 Abd=   129000.2    
 Catch=   9271.98695454842     
 Time step =         2134
 Abd=   156132.6    
 Catch=   9825.65138117372     
 Time step =         2135
 Abd=   165077.6    
 Catch=   8707.86600705484     
 Time step =         2136
 Abd=   146238.3    
 Catch=   9123.12997434997     
 Time step =         2137
 Abd=   153301.7    
 Catch=   10449.2858306729     
 Time step =         2138
 Abd=   175833.8    
 Catch=   9017.07483156167     
 Time step =         2139
 Abd=   151514.2    
 Catch=   9642.96400701959     
 Time step =         2140
 Abd=   162505.0    
 Catch=   9288.44954740473     
 Time step =         2141
 Abd=   156030.8    
 Catch=   8075.60213008493     
 Time step =         2142
 Abd=   135620.1    
 Catch=   8962.81451007626     
 Time step =         2143
 Abd=   150741.2    
 Catch=   8111.47941769693     
 Time step =         2144
 Abd=   136139.5    
 Catch=   8592.20370041460     
 Time step =         2145
 Abd=   144327.5    
 Catch=   10008.0986743087     
 Time step =         2146
 Abd=   168445.2    
 Catch=   8791.83659948130     
 Time step =         2147
 Abd=   147542.3    
 Catch=   8286.89522727350     
 Time step =         2148
 Abd=   139027.9    
 Catch=   9251.30479952170     
 Time step =         2149
 Abd=   155546.9    
 Catch=   9353.04781874409     
 Time step =         2150
 Abd=   157102.7    
 Catch=   7542.37338455673     
 Time step =         2151
 Abd=   126556.7    
 Catch=   8983.90630659626     
 Time step =         2152
 Abd=   151215.2    
 Catch=   10271.4573892151     
 Time step =         2153
 Abd=   172842.2    
 Catch=   8284.33625694616     
 Time step =         2154
 Abd=   138900.8    
 Catch=   7339.72905173735     
 Time step =         2155
 Abd=   123402.1    
 Catch=   8494.25695370146     
 Time step =         2156
 Abd=   143022.6    
 Catch=   10943.1529714722     
 Time step =         2157
 Abd=   184381.4    
 Catch=   8007.24057147651     
 Time step =         2158
 Abd=   134244.7    
 Catch=   7261.60162656362     
 Time step =         2159
 Abd=   122053.1    
 Catch=   8410.92202959067     
 Time step =         2160
 Abd=   141453.1    
 Catch=   10594.2098767453     
 Completed!
Program ADRDisp finished with exit code 0 at: Wed 05 Aug 2026 12:43:15 PM PDT
Compressing DBEM outputs
Compressed as TIPMIP_SOHOS_tipmip_mes_s_TipmipSppMes10_netcdf.tar.gz
Creating netCDF
[1] "610238"
Finished!
